true
#I  Starting pass 1
#I  Found  0 Linearities
#I  adding vertex[ 1, -1, -1 ]
#I  starting from [ 3, 4 ]
#I  adding vertex[ 1, -1, 1 ]
rec( dimension := 2, 
  vertex_orbits := [ rec( incidence := [ 3, 4 ], coordinates := [ 1, -1, -1 ],
          det := 1, gramVec := [ [ 1, 2 ], [ 1, 2 ] ], 
          stabilizerOrbits := fail ), 
      rec( incidence := [ 2, 4 ], coordinates := [ 1, -1, 1 ], det := 1, 
          gramVec := [ [ 1, 2 ], [ 1, 2 ] ], stabilizerOrbits := fail ) ], 
  basis_orbits := 
    [ rec( cobasis := [ 3, 4 ], coordinates := [ 1, -1, -1 ], det := 1, 
          extraincidence := [  ], gramVec := [ [ 1, 2 ], [ 1, 2 ] ], 
          index := 1, pseudoCanon := fail, stabilizer := fail ), 
      rec( cobasis := [ 2, 4 ], coordinates := [ 1, -1, 1 ], det := 1, 
          extraincidence := [  ], gramVec := [ [ 1, 2 ], [ 1, 2 ] ], 
          index := 2, pseudoCanon := fail, stabilizer := fail ) ], 
  pseudoCanons := [  ], 
  profile := rec( InvariantCheck := 1, InvariantMatches := 2, 
      DuplicateCobasis := 1, DuplicateCobasisTime := 4 ), ray_orbits := [  ], 
  symmetry_generators := [ (1,3), (2,4), (1,2,3,4) ], finished := true, 
  initial_cobasis := [ 3, 4 ], 
  nauty_total_time := rec( user_time := 0, system_time := 0, memory := 37804 )
    , 
  gap_time := rec( user_time := 2048, system_time := 88, user_time_children :=\
 0, system_time_children := 0 ) )

#STARTRESULTS
{
key => 'dimension',
dimension => 2,
gap_time => { 
user_time => 2048,
system_time => 88,
user_time_children => 0,
system_time_children => 0,
},
nauty_total_time => { 
user_time => 0,
system_time => 0,
memory => 37804,
},
initial_cobasis => [ 3, 4 ],
group_order =>8,
basis_orbits => 2,
vertex_orbits => 2,
ray_orbits => 0,
symmetry_generators => 3,
}

#ENDRESULTS
