Matrix:	(4,3)[[1,-1,0],[1,0,-1],[1,0,1],[1,1,0]]
Group:	{(1,3), (2,4), (1,2,3,4)}

BEGIN RESULTS
{
	dimension:2
	initial cobasis: {3, 4}
	symmetry generators: {(1,3), (2,4), (1,2,3,4)}
	basis orbits: {{2, 4}, {3, 4}}
	vertex orbits: {[ 1 -1 -1 ], [ 1 -1 1 ]}
	ray orbits: {}
}
END RESULTS
