true
#I  Starting pass 1
#I  Found  0 Linearities
#I  adding vertex[ 1, -1, -1, -1 ]
#I  starting from [ 4, 5, 6 ]
rec( dimension := 3, 
  vertex_orbits := [ rec( incidence := [ 4, 5, 6 ], coordinates := 
            [ 1, -1, -1, -1 ], det := 1, 
          gramVec := [ [ 1, 1, 2 ], [ 1, 1, 2 ], [ 1, 1, 2 ] ], 
          stabilizerOrbits := fail ) ], 
  basis_orbits := [ rec( cobasis := [ 4, 5, 6 ], extraincidence := [  ], 
          coordinates := [ 1, -1, -1, -1 ], det := 1, pseudoCanon := fail, 
          stabilizer := fail, 
          gramVec := [ [ 1, 1, 2 ], [ 1, 1, 2 ], [ 1, 1, 2 ] ], index := 1 ) ]
    , pseudoCanons := [  ], profile := rec(  ), ray_orbits := [  ], 
  symmetry_generators := [ (1,6), (2,5), (3,4), (1,2,6,5), (1,3,6,4) ], 
  finished := true, initial_cobasis := [ 4, 5, 6 ], 
  nauty_total_time := rec( user_time := 0, system_time := 0, memory := 37804 )
    , 
  gap_time := rec( user_time := 2096, system_time := 92, user_time_children :=\
 0, system_time_children := 0 ) )

#STARTRESULTS
{
key => 'dimension',
dimension => 3,
gap_time => { 
user_time => 2096,
system_time => 92,
user_time_children => 0,
system_time_children => 0,
},
nauty_total_time => { 
user_time => 0,
system_time => 0,
memory => 37804,
},
initial_cobasis => [ 4, 5, 6 ],
group_order =>48,
basis_orbits => 1,
vertex_orbits => 1,
ray_orbits => 0,
symmetry_generators => 5,
}

#ENDRESULTS
