Matrix:	[ [ 1 1 -1 0 0 ] [ 1 1 0 -1 0 ] [ 1 1 0 0 -1 ] [ 1 1 0 0 1 ] [ 1 1 0 1 0 ] [ 1 1 1 0 0 ] [ 1 0 1 -1 0 ] [ 1 0 1 0 -1 ] [ 1 0 1 0 1 ] [ 1 0 1 1 0 ] [ 1 0 0 1 -1 ] [ 1 0 0 1 1 ] [ 1 -1 1 0 0 ] [ 1 -1 0 1 0 ] [ 1 -1 0 0 1 ] [ 1 -1 0 0 -1 ] [ 1 -1 0 -1 0 ] [ 1 -1 -1 0 0 ] [ 1 0 -1 1 0 ] [ 1 0 -1 0 1 ] [ 1 0 -1 0 -1 ] [ 1 0 -1 -1 0 ] [ 1 0 0 -1 1 ] [ 1 0 0 -1 -1 ] ]
Group:	{(4,22)(5,21)(6,24)(9,17)(10,16)(12,18), (3,4)(8,9)(11,12)(15,16)(20,21)(23,24), (2,3)(4,5)(7,8)(9,10)(11,23)(14,15)(16,17)(19,20)(21,22), (1,5,6,2)(7,22,19,10)(8,24,21,11)(9,23,20,12)(13,17,18,14), (3,22)(5,20)(6,23)(8,17)(10,15)(11,18), (2,20)(3,19)(6,12)(7,15)(8,14)(18,24), (2,5)(7,10)(11,24)(12,23)(14,17)(19,22)}
Inner Product Matrix:	[ [ 3 2 2 2 2 1 0 0 0 0 1 1 -1 0 0 0 0 1 2 2 2 2 1 1 ] [ 2 3 2 2 1 2 2 1 1 0 0 0 0 -1 0 0 1 0 0 1 1 2 2 2 ] [ 2 2 3 1 2 2 1 2 0 1 2 0 0 0 -1 1 0 0 1 0 2 1 0 2 ] [ 2 2 1 3 2 2 1 0 2 1 0 2 0 0 1 -1 0 0 1 2 0 1 2 0 ] [ 2 1 2 2 3 2 0 1 1 2 2 2 0 1 0 0 -1 0 2 1 1 0 0 0 ] [ 1 2 2 2 2 3 2 2 2 2 1 1 1 0 0 0 0 -1 0 0 0 0 1 1 ] [ 0 2 1 1 0 2 3 2 2 1 0 0 2 0 1 1 2 0 -1 0 0 1 2 2 ] [ 0 1 2 0 1 2 2 3 1 2 2 0 2 1 0 2 1 0 0 -1 1 0 0 2 ] [ 0 1 0 2 1 2 2 1 3 2 0 2 2 1 2 0 1 0 0 1 -1 0 2 0 ] [ 0 0 1 1 2 2 1 2 2 3 2 2 2 2 1 1 0 0 1 0 0 -1 0 0 ] [ 1 0 2 0 2 1 0 2 0 2 3 1 1 2 0 2 0 1 2 0 2 0 -1 1 ] [ 1 0 0 2 2 1 0 0 2 2 1 3 1 2 2 0 0 1 2 2 0 0 1 -1 ] [ -1 0 0 0 0 1 2 2 2 2 1 1 3 2 2 2 2 1 0 0 0 0 1 1 ] [ 0 -1 0 0 1 0 0 1 1 2 2 2 2 3 2 2 1 2 2 1 1 0 0 0 ] [ 0 0 -1 1 0 0 1 0 2 1 0 2 2 2 3 1 2 2 1 2 0 1 2 0 ] [ 0 0 1 -1 0 0 1 2 0 1 2 0 2 2 1 3 2 2 1 0 2 1 0 2 ] [ 0 1 0 0 -1 0 2 1 1 0 0 0 2 1 2 2 3 2 0 1 1 2 2 2 ] [ 1 0 0 0 0 -1 0 0 0 0 1 1 1 2 2 2 2 3 2 2 2 2 1 1 ] [ 2 0 1 1 2 0 -1 0 0 1 2 2 0 2 1 1 0 2 3 2 2 1 0 0 ] [ 2 1 0 2 1 0 0 -1 1 0 0 2 0 1 2 0 1 2 2 3 1 2 2 0 ] [ 2 1 2 0 1 0 0 1 -1 0 2 0 0 1 0 2 1 2 2 1 3 2 0 2 ] [ 2 2 1 1 0 0 1 0 0 -1 0 0 0 0 1 1 2 2 1 2 2 3 2 2 ] [ 1 2 0 2 0 1 2 0 2 0 -1 1 1 0 2 0 2 1 0 2 0 2 3 1 ] [ 1 2 2 0 0 1 2 2 0 0 1 -1 1 0 0 2 2 1 0 0 2 2 1 3 ] ]

BEGIN RESULTS
{
	dimension:4
	initial cobasis: {17, 22, 23, 24}
	symmetry generators: {(4,22)(5,21)(6,24)(9,17)(10,16)(12,18), (3,4)(8,9)(11,12)(15,16)(20,21)(23,24), (2,3)(4,5)(7,8)(9,10)(11,23)(14,15)(16,17)(19,20)(21,22), (1,5,6,2)(7,22,19,10)(8,24,21,11)(9,23,20,12)(13,17,18,14), (3,22)(5,20)(6,23)(8,17)(10,15)(11,18), (2,20)(3,19)(6,12)(7,15)(8,14)(18,24), (2,5)(7,10)(11,24)(12,23)(14,17)(19,22)}
	basis orbits: {{17, 22, 23, 24}}
	vertex orbits: {[ 1 0 0 1 0 ]}
	ray orbits: {}
}
total running time: 0 ms
END RESULTS
