Matrix:	[ [ 1 1 -1 0 0 0 ] [ 1 1 0 -1 0 0 ] [ 1 1 0 0 -1 0 ] [ 1 1 0 0 0 -1 ] [ 1 1 0 0 0 1 ] [ 1 1 0 0 1 0 ] [ 1 1 0 1 0 0 ] [ 1 1 1 0 0 0 ] [ 1 0 1 -1 0 0 ] [ 1 0 1 0 -1 0 ] [ 1 0 1 0 0 -1 ] [ 1 0 1 0 0 1 ] [ 1 0 1 0 1 0 ] [ 1 0 1 1 0 0 ] [ 1 0 0 1 -1 0 ] [ 1 0 0 1 0 -1 ] [ 1 0 0 1 0 1 ] [ 1 0 0 1 1 0 ] [ 1 0 0 0 1 -1 ] [ 1 0 0 0 1 1 ] [ 1 -1 1 0 0 0 ] [ 1 -1 0 1 0 0 ] [ 1 -1 0 0 1 0 ] [ 1 -1 0 0 0 1 ] [ 1 -1 0 0 0 -1 ] [ 1 -1 0 0 -1 0 ] [ 1 -1 0 -1 0 0 ] [ 1 -1 -1 0 0 0 ] [ 1 0 -1 1 0 0 ] [ 1 0 -1 0 1 0 ] [ 1 0 -1 0 0 1 ] [ 1 0 -1 0 0 -1 ] [ 1 0 -1 0 -1 0 ] [ 1 0 -1 -1 0 0 ] [ 1 0 0 -1 1 0 ] [ 1 0 0 -1 0 1 ] [ 1 0 0 -1 0 -1 ] [ 1 0 0 -1 -1 0 ] [ 1 0 0 0 -1 1 ] [ 1 0 0 0 -1 -1 ] ]
Group:	{(3,5)(4,6)(10,12)(11,13)(15,17)(16,18)(20,40)(23,25)(24,26)(30,32)(31,33)(35,37)(36,38), (4,5)(11,12)(16,17)(19,20)(24,25)(31,32)(36,37)(39,40), (2,3)(6,7)(9,10)(13,14)(15,35)(16,19)(17,20)(22,23)(26,27)(29,30)(33,34)(36,39)(37,40), (2,29)(3,33)(4,32)(5,31)(6,30)(7,34)(8,28)(9,22)(10,26)(11,25)(12,24)(13,23)(14,27)(15,38)(16,37)(17,36)(18,35), (1,2)(7,8)(9,29)(10,15)(11,16)(12,17)(13,18)(21,22)(27,28)(30,35)(31,36)(32,37)(33,38), (2,5)(4,7)(9,12)(11,14)(15,40)(17,37)(18,19)(20,35)(22,25)(24,27)(29,32)(31,34)(38,39), (1,10)(2,38)(4,40)(5,39)(6,26)(7,15)(8,33)(9,34)(11,32)(12,31)(13,28)(14,29)(18,22)(19,25)(20,24)(21,30)(27,35), (2,7)(9,14)(15,38)(16,37)(17,36)(18,35)(22,27)(29,34)}
Inner Product Matrix:	[ [ 3 2 2 2 2 2 2 1 0 0 0 0 0 0 1 1 1 1 1 1 -1 0 0 0 0 0 0 1 2 2 2 2 2 2 1 1 1 1 1 1 ] [ 2 3 2 2 2 2 1 2 2 1 1 1 1 0 0 0 0 0 1 1 0 -1 0 0 0 0 1 0 0 1 1 1 1 2 2 2 2 2 1 1 ] [ 2 2 3 2 2 1 2 2 1 2 1 1 0 1 2 1 1 0 0 0 0 0 -1 0 0 1 0 0 1 0 1 1 2 1 0 1 1 2 2 2 ] [ 2 2 2 3 1 2 2 2 1 1 2 0 1 1 1 2 0 1 2 0 0 0 0 -1 1 0 0 0 1 1 0 2 1 1 1 0 2 1 0 2 ] [ 2 2 2 1 3 2 2 2 1 1 0 2 1 1 1 0 2 1 0 2 0 0 0 1 -1 0 0 0 1 1 2 0 1 1 1 2 0 1 2 0 ] [ 2 2 1 2 2 3 2 2 1 0 1 1 2 1 0 1 1 2 2 2 0 0 1 0 0 -1 0 0 1 2 1 1 0 1 2 1 1 0 0 0 ] [ 2 1 2 2 2 2 3 2 0 1 1 1 1 2 2 2 2 2 1 1 0 1 0 0 0 0 -1 0 2 1 1 1 1 0 0 0 0 0 1 1 ] [ 1 2 2 2 2 2 2 3 2 2 2 2 2 2 1 1 1 1 1 1 1 0 0 0 0 0 0 -1 0 0 0 0 0 0 1 1 1 1 1 1 ] [ 0 2 1 1 1 1 0 2 3 2 2 2 2 1 0 0 0 0 1 1 2 0 1 1 1 1 2 0 -1 0 0 0 0 1 2 2 2 2 1 1 ] [ 0 1 2 1 1 0 1 2 2 3 2 2 1 2 2 1 1 0 0 0 2 1 0 1 1 2 1 0 0 -1 0 0 1 0 0 1 1 2 2 2 ] [ 0 1 1 2 0 1 1 2 2 2 3 1 2 2 1 2 0 1 2 0 2 1 1 0 2 1 1 0 0 0 -1 1 0 0 1 0 2 1 0 2 ] [ 0 1 1 0 2 1 1 2 2 2 1 3 2 2 1 0 2 1 0 2 2 1 1 2 0 1 1 0 0 0 1 -1 0 0 1 2 0 1 2 0 ] [ 0 1 0 1 1 2 1 2 2 1 2 2 3 2 0 1 1 2 2 2 2 1 2 1 1 0 1 0 0 1 0 0 -1 0 2 1 1 0 0 0 ] [ 0 0 1 1 1 1 2 2 1 2 2 2 2 3 2 2 2 2 1 1 2 2 1 1 1 1 0 0 1 0 0 0 0 -1 0 0 0 0 1 1 ] [ 1 0 2 1 1 0 2 1 0 2 1 1 0 2 3 2 2 1 0 0 1 2 0 1 1 2 0 1 2 0 1 1 2 0 -1 0 0 1 2 2 ] [ 1 0 1 2 0 1 2 1 0 1 2 0 1 2 2 3 1 2 2 0 1 2 1 0 2 1 0 1 2 1 0 2 1 0 0 -1 1 0 0 2 ] [ 1 0 1 0 2 1 2 1 0 1 0 2 1 2 2 1 3 2 0 2 1 2 1 2 0 1 0 1 2 1 2 0 1 0 0 1 -1 0 2 0 ] [ 1 0 0 1 1 2 2 1 0 0 1 1 2 2 1 2 2 3 2 2 1 2 2 1 1 0 0 1 2 2 1 1 0 0 1 0 0 -1 0 0 ] [ 1 1 0 2 0 2 1 1 1 0 2 0 2 1 0 2 0 2 3 1 1 1 2 0 2 0 1 1 1 2 0 2 0 1 2 0 2 0 -1 1 ] [ 1 1 0 0 2 2 1 1 1 0 0 2 2 1 0 0 2 2 1 3 1 1 2 2 0 0 1 1 1 2 2 0 0 1 2 2 0 0 1 -1 ] [ -1 0 0 0 0 0 0 1 2 2 2 2 2 2 1 1 1 1 1 1 3 2 2 2 2 2 2 1 0 0 0 0 0 0 1 1 1 1 1 1 ] [ 0 -1 0 0 0 0 1 0 0 1 1 1 1 2 2 2 2 2 1 1 2 3 2 2 2 2 1 2 2 1 1 1 1 0 0 0 0 0 1 1 ] [ 0 0 -1 0 0 1 0 0 1 0 1 1 2 1 0 1 1 2 2 2 2 2 3 2 2 1 2 2 1 2 1 1 0 1 2 1 1 0 0 0 ] [ 0 0 0 -1 1 0 0 0 1 1 0 2 1 1 1 0 2 1 0 2 2 2 2 3 1 2 2 2 1 1 2 0 1 1 1 2 0 1 2 0 ] [ 0 0 0 1 -1 0 0 0 1 1 2 0 1 1 1 2 0 1 2 0 2 2 2 1 3 2 2 2 1 1 0 2 1 1 1 0 2 1 0 2 ] [ 0 0 1 0 0 -1 0 0 1 2 1 1 0 1 2 1 1 0 0 0 2 2 1 2 2 3 2 2 1 0 1 1 2 1 0 1 1 2 2 2 ] [ 0 1 0 0 0 0 -1 0 2 1 1 1 1 0 0 0 0 0 1 1 2 1 2 2 2 2 3 2 0 1 1 1 1 2 2 2 2 2 1 1 ] [ 1 0 0 0 0 0 0 -1 0 0 0 0 0 0 1 1 1 1 1 1 1 2 2 2 2 2 2 3 2 2 2 2 2 2 1 1 1 1 1 1 ] [ 2 0 1 1 1 1 2 0 -1 0 0 0 0 1 2 2 2 2 1 1 0 2 1 1 1 1 0 2 3 2 2 2 2 1 0 0 0 0 1 1 ] [ 2 1 0 1 1 2 1 0 0 -1 0 0 1 0 0 1 1 2 2 2 0 1 2 1 1 0 1 2 2 3 2 2 1 2 2 1 1 0 0 0 ] [ 2 1 1 0 2 1 1 0 0 0 -1 1 0 0 1 0 2 1 0 2 0 1 1 2 0 1 1 2 2 2 3 1 2 2 1 2 0 1 2 0 ] [ 2 1 1 2 0 1 1 0 0 0 1 -1 0 0 1 2 0 1 2 0 0 1 1 0 2 1 1 2 2 2 1 3 2 2 1 0 2 1 0 2 ] [ 2 1 2 1 1 0 1 0 0 1 0 0 -1 0 2 1 1 0 0 0 0 1 0 1 1 2 1 2 2 1 2 2 3 2 0 1 1 2 2 2 ] [ 2 2 1 1 1 1 0 0 1 0 0 0 0 -1 0 0 0 0 1 1 0 0 1 1 1 1 2 2 1 2 2 2 2 3 2 2 2 2 1 1 ] [ 1 2 0 1 1 2 0 1 2 0 1 1 2 0 -1 0 0 1 2 2 1 0 2 1 1 0 2 1 0 2 1 1 0 2 3 2 2 1 0 0 ] [ 1 2 1 0 2 1 0 1 2 1 0 2 1 0 0 -1 1 0 0 2 1 0 1 2 0 1 2 1 0 1 2 0 1 2 2 3 1 2 2 0 ] [ 1 2 1 2 0 1 0 1 2 1 2 0 1 0 0 1 -1 0 2 0 1 0 1 0 2 1 2 1 0 1 0 2 1 2 2 1 3 2 0 2 ] [ 1 2 2 1 1 0 0 1 2 2 1 1 0 0 1 0 0 -1 0 0 1 0 0 1 1 2 2 1 0 0 1 1 2 2 1 2 2 3 2 2 ] [ 1 1 2 0 2 0 1 1 1 2 0 2 0 1 2 0 2 0 -1 1 1 1 0 2 0 2 1 1 1 0 2 0 2 1 0 2 0 2 3 1 ] [ 1 1 2 2 0 0 1 1 1 2 2 0 0 1 2 2 0 0 1 -1 1 1 0 0 2 2 1 1 1 0 0 2 2 1 0 0 2 2 1 3 ] ]

BEGIN RESULTS
{
	dimension:5
	initial cobasis: {26, 33, 38, 39, 40}
	symmetry generators: {(3,5)(4,6)(10,12)(11,13)(15,17)(16,18)(20,40)(23,25)(24,26)(30,32)(31,33)(35,37)(36,38), (4,5)(11,12)(16,17)(19,20)(24,25)(31,32)(36,37)(39,40), (2,3)(6,7)(9,10)(13,14)(15,35)(16,19)(17,20)(22,23)(26,27)(29,30)(33,34)(36,39)(37,40), (2,29)(3,33)(4,32)(5,31)(6,30)(7,34)(8,28)(9,22)(10,26)(11,25)(12,24)(13,23)(14,27)(15,38)(16,37)(17,36)(18,35), (1,2)(7,8)(9,29)(10,15)(11,16)(12,17)(13,18)(21,22)(27,28)(30,35)(31,36)(32,37)(33,38), (2,5)(4,7)(9,12)(11,14)(15,40)(17,37)(18,19)(20,35)(22,25)(24,27)(29,32)(31,34)(38,39), (1,10)(2,38)(4,40)(5,39)(6,26)(7,15)(8,33)(9,34)(11,32)(12,31)(13,28)(14,29)(18,22)(19,25)(20,24)(21,30)(27,35), (2,7)(9,14)(15,38)(16,37)(17,36)(18,35)(22,27)(29,34)}
	basis orbits: {{25, 27, 32, 33, 38}, {25, 26, 33, 38, 40}, {25, 32, 33, 38, 40}, {25, 33, 34, 38, 40}, {26, 33, 38, 39, 40}}
	vertex orbits: {[ 1 0 0 0 1 0 ], [ 1 1/2 1/2 1/2 1/2 1/2 ]}
	ray orbits: {}
}
total running time: 30 ms
END RESULTS
