true
#I  Starting pass 1
#I  Found  0 Linearities
#I  adding vertex[ 1, 0, 0, 0, 1, 0 ]
#I  starting from [ 26, 33, 38, 39, 40 ]
#I  adding vertex[ 1, 1/2, 1/2, 1/2, 1/2, 1/2 ]
rec( dimension := 5, 
  vertex_orbits := [ rec( incidence := [ 3, 10, 15, 26, 33, 38, 39, 40 ], 
          coordinates := [ 1, 0, 0, 0, 1, 0 ], det := 2, 
          gramVec := [ [ 1, 2, 2, 2, 2, 2, 2, 3 ], [ 1, 2, 2, 2, 2, 2, 2, 3 ],
              [ 1, 2, 2, 2, 2, 2, 2, 3 ], [ 1, 2, 2, 2, 2, 2, 2, 3 ], 
              [ 1, 2, 2, 2, 2, 2, 2, 3 ], [ 1, 2, 2, 2, 2, 2, 2, 3 ], 
              [ 1, 2, 2, 2, 2, 2, 2, 3 ], [ 1, 2, 2, 2, 2, 2, 2, 3 ] ], 
          stabilizerOrbits := fail ), 
      rec( incidence := [ 25, 26, 27, 28, 32, 33, 34, 37, 38, 40 ], 
          coordinates := [ 2, 1, 1, 1, 1, 1 ], det := 2, 
          gramVec := [ [ 1, 1, 1, 2, 2, 2, 2, 2, 2, 3 ], 
              [ 1, 1, 1, 2, 2, 2, 2, 2, 2, 3 ], 
              [ 1, 1, 1, 2, 2, 2, 2, 2, 2, 3 ], 
              [ 1, 1, 1, 2, 2, 2, 2, 2, 2, 3 ], 
              [ 1, 1, 1, 2, 2, 2, 2, 2, 2, 3 ], 
              [ 1, 1, 1, 2, 2, 2, 2, 2, 2, 3 ], 
              [ 1, 1, 1, 2, 2, 2, 2, 2, 2, 3 ], 
              [ 1, 1, 1, 2, 2, 2, 2, 2, 2, 3 ], 
              [ 1, 1, 1, 2, 2, 2, 2, 2, 2, 3 ], 
              [ 1, 1, 1, 2, 2, 2, 2, 2, 2, 3 ] ], stabilizerOrbits := fail ) ]
    , 
  basis_orbits := [ rec( cobasis := [ 26, 33, 38, 39, 40 ], extraincidence := 
            [ 3, 10, 15 ], coordinates := [ 1, 0, 0, 0, 1, 0 ], det := 2, 
          pseudoCanon := fail, stabilizer := fail, 
          gramVec := [ [ 1, 2, 2, 2, 3 ], [ 1, 2, 2, 2, 3 ], 
              [ 2, 2, 2, 2, 3 ], [ 2, 2, 2, 2, 3 ], [ 2, 2, 2, 2, 3 ] ], 
          index := 1 ), 
      rec( cobasis := [ 25, 26, 33, 38, 40 ], extraincidence := 
            [ 27, 28, 32, 34, 37 ], coordinates := [ 2, 1, 1, 1, 1, 1 ], 
          det := 2, pseudoCanon := fail, stabilizer := fail, 
          gramVec := [ [ 1, 1, 2, 2, 3 ], [ 1, 2, 2, 2, 3 ], 
              [ 1, 2, 2, 2, 3 ], [ 2, 2, 2, 2, 3 ], [ 2, 2, 2, 2, 3 ] ], 
          index := 2 ), 
      rec( cobasis := [ 25, 32, 33, 38, 40 ], extraincidence := 
            [ 27, 28, 34, 37, 26 ], coordinates := [ 2, 1, 1, 1, 1, 1 ], 
          det := 2, pseudoCanon := fail, stabilizer := fail, 
          gramVec := [ [ 1, 1, 2, 2, 3 ], [ 1, 1, 2, 2, 3 ], 
              [ 1, 2, 2, 2, 3 ], [ 1, 2, 2, 2, 3 ], [ 2, 2, 2, 2, 3 ] ], 
          index := 3 ), 
      rec( cobasis := [ 25, 33, 34, 38, 40 ], extraincidence := 
            [ 27, 28, 32, 37, 26 ], coordinates := [ 2, 1, 1, 1, 1, 1 ], 
          det := 2, pseudoCanon := fail, stabilizer := fail, 
          gramVec := [ [ 1, 1, 1, 2, 3 ], [ 1, 1, 2, 2, 3 ], 
              [ 1, 2, 2, 2, 3 ], [ 1, 2, 2, 2, 3 ], [ 1, 2, 2, 2, 3 ] ], 
          index := 4 ), 
      rec( cobasis := [ 25, 27, 32, 33, 38 ], extraincidence := 
            [ 28, 34, 37, 26, 40 ], coordinates := [ 2, 1, 1, 1, 1, 1 ], 
          det := 2, pseudoCanon := fail, stabilizer := fail, 
          gramVec := [ [ 1, 1, 2, 2, 3 ], [ 1, 1, 2, 2, 3 ], 
              [ 1, 1, 2, 2, 3 ], [ 1, 1, 2, 2, 3 ], [ 1, 1, 2, 2, 3 ] ], 
          index := 5 ) ], pseudoCanons := [  ], 
  profile := rec( InvariantCheck := 29, InvariantMatches := 26, 
      OldCobasis := 25, OldCobasisTime := 128, DuplicateCobasis := 1, 
      DuplicateCobasisTime := 0, NewByInvariants := 3 ), ray_orbits := [  ], 
  symmetry_generators := 
    [ (3,5)(4,6)(10,12)(11,13)(15,17)(16,18)(20,40)(23,25)(24,26)(30,32)(31,
        33)(35,37)(36,38), (4,5)(11,12)(16,17)(19,20)(24,25)(31,32)(36,37)(39,
        40), (2,3)(6,7)(9,10)(13,14)(15,35)(16,19)(17,20)(22,23)(26,27)(29,
        30)(33,34)(36,39)(37,40), (2,29)(3,33)(4,32)(5,31)(6,30)(7,34)(8,
        28)(9,22)(10,26)(11,25)(12,24)(13,23)(14,27)(15,38)(16,37)(17,36)(18,
        35), (1,2)(7,8)(9,29)(10,15)(11,16)(12,17)(13,18)(21,22)(27,28)(30,
        35)(31,36)(32,37)(33,38) ], finished := true, 
  initial_cobasis := [ 26, 33, 38, 39, 40 ], 
  nauty_total_time := rec( user_time := 0, system_time := 0, memory := 37804 )
    , 
  gap_time := rec( user_time := 2524, system_time := 116, user_time_children :\
= 16, system_time_children := 0 ) )

#STARTRESULTS
{
key => 'dimension',
dimension => 5,
gap_time => { 
user_time => 2524,
system_time => 116,
user_time_children => 16,
system_time_children => 0,
},
nauty_total_time => { 
user_time => 0,
system_time => 0,
memory => 37804,
},
initial_cobasis => [ 26, 33, 38, 39, 40 ],
group_order =>3840,
basis_orbits => 5,
vertex_orbits => 2,
ray_orbits => 0,
symmetry_generators => 5,
}

#ENDRESULTS
