true
#I  Starting pass 1
#I  Found  0 Linearities
#I  adding vertex[ 1, 0, 0 ]
#I  starting from [ 2, 3, 4 ]
rec( dimension := 2, 
  vertex_orbits := [ rec( incidence := [ 1, 2, 3, 4 ], coordinates := 
            [ 1, 0, 0 ], det := 4, 
          gramVec := [ [ -1, 1, 1, 3 ], [ -1, 1, 1, 3 ], [ -1, 1, 1, 3 ], 
              [ -1, 1, 1, 3 ] ], stabilizerOrbits := fail ) ], 
  basis_orbits := 
    [ rec( cobasis := [ 2, 3, 4 ], extraincidence := [ 1 ], coordinates := 
            [ 1, 0, 0 ], det := 4, pseudoCanon := fail, stabilizer := fail, 
          gramVec := [ [ -1, 1, 3 ], [ -1, 1, 3 ], [ 1, 1, 3 ] ], index := 1 
         ) ], pseudoCanons := [  ], 
  profile := rec( InvariantCheck := 1, InvariantMatches := 1, OldCobasis := 1,
      OldCobasisTime := 0 ), 
  ray_orbits := [ rec( incidence := [ 3, 4 ], coordinates := [ 1, -1, 0 ], 
          det := 4, gramVec := [ [ 1, 3 ], [ 1, 3 ] ] ) ], 
  symmetry_generators := [ (1,2)(3,4), (1,3)(2,4), (1,4) ], finished := true, 
  initial_cobasis := [ 2, 3, 4 ], 
  nauty_total_time := rec( user_time := 0, system_time := 0, memory := 37804 )
    , 
  gap_time := rec( user_time := 2040, system_time := 92, user_time_children :=\
 0, system_time_children := 0 ) )

#STARTRESULTS
{
key => 'dimension',
dimension => 2,
gap_time => { 
user_time => 2040,
system_time => 92,
user_time_children => 0,
system_time_children => 0,
},
nauty_total_time => { 
user_time => 0,
system_time => 0,
memory => 37804,
},
initial_cobasis => [ 2, 3, 4 ],
group_order =>8,
basis_orbits => 1,
vertex_orbits => 1,
ray_orbits => 1,
symmetry_generators => 3,
}

#ENDRESULTS
