**V-representation**
Matrix:	(4,3)[[1,-1,-1],[1,-1,1],[1,1,-1],[1,1,1]]
Group:	{(1,2)(3,4), (1,3)(2,4), (1,4), (2,3)}

BEGIN RESULTS
{
	dimension:2
	initial cobasis: {2, 3, 4}
	symmetry generators: {(1,2)(3,4), (1,3)(2,4), (1,4), (2,3)}
	basis orbits: {{2, 3, 4}}
	vertex orbits: {[ 1 0 0 ]}
	ray orbits: {[ 1 -1 0 ]}
}
END RESULTS
