true
#I  Starting pass 1
#I  Found  0 Linearities
#I  adding vertex[ 1, 0, 0, 0 ]
#I  starting from [ 4, 6, 7, 8 ]
rec( dimension := 3, 
  vertex_orbits := [ rec( incidence := [ 1, 2, 3, 4, 5, 6, 7, 8 ], 
          coordinates := [ 1, 0, 0, 0 ], det := 8, 
          gramVec := [ [ -2, 0, 0, 0, 2, 2, 2, 4 ], 
              [ -2, 0, 0, 0, 2, 2, 2, 4 ], [ -2, 0, 0, 0, 2, 2, 2, 4 ], 
              [ -2, 0, 0, 0, 2, 2, 2, 4 ], [ -2, 0, 0, 0, 2, 2, 2, 4 ], 
              [ -2, 0, 0, 0, 2, 2, 2, 4 ], [ -2, 0, 0, 0, 2, 2, 2, 4 ], 
              [ -2, 0, 0, 0, 2, 2, 2, 4 ] ], stabilizerOrbits := fail ) ], 
  basis_orbits := 
    [ rec( cobasis := [ 4, 6, 7, 8 ], extraincidence := [ 1, 2, 3, 5 ], 
          coordinates := [ 1, 0, 0, 0 ], det := 8, pseudoCanon := fail, 
          stabilizer := fail, 
          gramVec := [ [ 0, 0, 2, 4 ], [ 0, 0, 2, 4 ], [ 0, 0, 2, 4 ], 
              [ 2, 2, 2, 4 ] ], index := 1 ), 
      rec( cobasis := [ 1, 4, 6, 7 ], extraincidence := [ 2, 3, 5, 8 ], 
          coordinates := [ 1, 0, 0, 0 ], det := 16, pseudoCanon := fail, 
          stabilizer := fail, 
          gramVec := [ [ 0, 0, 0, 4 ], [ 0, 0, 0, 4 ], [ 0, 0, 0, 4 ], 
              [ 0, 0, 0, 4 ] ], index := 2 ), 
      rec( cobasis := [ 2, 4, 6, 7 ], extraincidence := [ 1, 3, 5, 8 ], 
          coordinates := [ 1, 0, 0, 0 ], det := 8, pseudoCanon := fail, 
          stabilizer := fail, 
          gramVec := [ [ -2, 0, 0, 4 ], [ -2, 2, 2, 4 ], [ 0, 0, 2, 4 ], 
              [ 0, 0, 2, 4 ] ], index := 3 ), 
      rec( cobasis := [ 2, 5, 6, 7 ], extraincidence := [ 1, 3, 4, 8 ], 
          coordinates := [ 1, 0, 0, 0 ], det := 8, pseudoCanon := fail, 
          stabilizer := fail, 
          gramVec := [ [ -2, 0, 2, 4 ], [ -2, 0, 2, 4 ], [ 0, 2, 2, 4 ], 
              [ 0, 2, 2, 4 ] ], index := 4 ) ], pseudoCanons := [  ], 
  profile := rec( InvariantCheck := 15, NewByInvariants := 3, 
      InvariantMatches := 12, OldCobasis := 11, OldCobasisTime := 20, 
      DuplicateCobasis := 1, DuplicateCobasisTime := 0 ), 
  ray_orbits := [ rec( incidence := [ 5, 6, 7, 8 ], 
          coordinates := [ 1, -1, 0, 0 ], det := 8, 
          gramVec := [ [ 0, 2, 2, 4 ], [ 0, 2, 2, 4 ], [ 0, 2, 2, 4 ], 
              [ 0, 2, 2, 4 ] ] ) ], 
  symmetry_generators := [ (1,2)(3,4)(5,6)(7,8), (1,3)(2,4)(5,7)(6,8), 
      (1,5)(2,6)(3,7)(4,8), (1,4)(5,8), (1,7)(2,8) ], finished := true, 
  initial_cobasis := [ 4, 6, 7, 8 ], 
  nauty_total_time := rec( user_time := 0, system_time := 0, memory := 37808 )
    , 
  gap_time := rec( user_time := 2124, system_time := 60, user_time_children :=\
 0, system_time_children := 4 ) )

#STARTRESULTS
{
key => 'dimension',
dimension => 3,
gap_time => { 
user_time => 2124,
system_time => 60,
user_time_children => 0,
system_time_children => 4,
},
nauty_total_time => { 
user_time => 0,
system_time => 0,
memory => 37808,
},
initial_cobasis => [ 4, 6, 7, 8 ],
group_order =>48,
basis_orbits => 4,
vertex_orbits => 1,
ray_orbits => 1,
symmetry_generators => 5,
}

#ENDRESULTS
