**V-representation**
Matrix:	(8,4)[[1,-1,-1,-1],[1,-1,-1,1],[1,-1,1,-1],[1,-1,1,1],[1,1,-1,-1],[1,1,-1,1],[1,1,1,-1],[1,1,1,1]]
Group:	{(1,2)(3,4)(5,6)(7,8), (1,3)(2,4)(5,7)(6,8), (1,5)(2,6)(3,7)(4,8), (1,4)(5,8), (1,7)(2,8), (2,3)(6,7), (3,5)(4,6)}

BEGIN RESULTS
{
	dimension:3
	initial cobasis: {4, 6, 7, 8}
	symmetry generators: {(1,2)(3,4)(5,6)(7,8), (1,3)(2,4)(5,7)(6,8), (1,5)(2,6)(3,7)(4,8), (1,4)(5,8), (1,7)(2,8), (2,3)(6,7), (3,5)(4,6)}
	basis orbits: {{2, 5, 6, 7}, {2, 4, 6, 7}, {1, 4, 6, 7}, {4, 6, 7, 8}}
	vertex orbits: {[ 1 0 0 0 ]}
	ray orbits: {[ 1 -1 0 0 ]}
}
END RESULTS
