Matrix:	(6,4)[[1,-1,0,0],[1,0,-1,0],[1,0,0,-1],[1,0,0,1],[1,0,1,0],[1,1,0,0]]
Group:	{(1,6), (2,5), (3,4), (1,2,6,5), (1,3,6,4), (2,4,5,3)}

BEGIN RESULTS
{
	dimension:3
	initial cobasis: {3, 4, 5, 6}
	symmetry generators: {(1,6), (2,5), (3,4), (1,2,6,5), (1,3,6,4), (2,4,5,3)}
	basis orbits: {{3, 4, 5, 6}}
	vertex orbits: {[ 1 0 0 0 ]}
	ray orbits: {[ 1 -1 -1 1 ]}
}
END RESULTS
