Matrix:	(25,6)
[ [ 1 -1 -1 -1 -1 -1 ]
  [ 1 -1 -1 -1 -1 1 ]
  [ 1 -1 -1 -1 1 -1 ]
  [ 1 -1 -1 1 -1 -1 ]
  [ 1 -1 -1 1 -1 1 ]
  [ 1 -1 -1 1 1 -1 ]
  [ 1 -1 -1 1 1 1 ]
  [ 1 -1 1 -1 -1 -1 ]
  [ 1 -1 1 1 -1 -1 ]
  [ 1 -1 1 1 -1 1 ]
  [ 1 -1 1 1 1 -1 ]
  [ 1 1 -1 -1 -1 -1 ]
  [ 1 1 -1 -1 -1 1 ]
  [ 1 1 -1 -1 1 -1 ]
  [ 1 1 -1 -1 1 1 ]
  [ 1 1 -1 1 -1 1 ]
  [ 1 1 -1 1 1 -1 ]
  [ 1 1 -1 1 1 1 ]
  [ 1 1 1 -1 -1 -1 ]
  [ 1 1 1 -1 -1 1 ]
  [ 1 1 1 -1 1 -1 ]
  [ 1 1 1 1 -1 -1 ]
  [ 1 1 1 1 -1 1 ]
  [ 1 1 1 1 1 -1 ]
  [ 1 1 1 1 1 1 ] ]
Group:	6
{
	(2,8)(5,9)(7,11)(13,19)(15,21)(16,22)(18,24),
	(4,12)(5,13)(6,14)(7,15)(9,19)(10,20)(11,21),
	(2,3,8)(5,6,9)(7,11,10)(13,14,19)(15,21,20)(16,17,22)(18,24,23),
	(1,23)(2,10,8,20)(3,25)(4,22,12,16)(5,9,19,13)(6,24,14,18)(7,11,21,15),
	(3,8)(6,9)(7,10)(14,19)(15,20)(17,22)(18,23),
	(1,5)(3,7)(8,10)(12,16)(14,18)(19,23)(21,25)
}
Gram Matrix:	| 1 2 2 2 3 3 0 2 3 0 0 2 3 3 0 0 0 -4 3 0 0 0 -4 -4 -5 | 2 1 3 3 2 0 3 3 0 3 -4 3 2 0 3 3 -4 0 0 3 -4 -4 0 -5 -4 | 2 3 1 3 0 2 3 3 0 -4 3 3 0 2 3 -4 3 0 0 -4 3 -4 -5 0 -4 | 2 3 3 1 2 2 3 3 2 3 3 3 0 0 -4 3 3 0 0 -4 -4 3 0 0 -4 | 3 2 0 2 1 3 2 0 3 2 0 0 3 -4 0 2 0 3 -4 0 -5 0 3 -4 0 | 3 0 2 2 3 1 2 0 3 0 2 0 -4 3 0 0 2 3 -4 -5 0 0 -4 3 0 | 0 3 3 3 2 2 1 -4 0 3 3 -4 0 0 3 3 3 2 -5 -4 -4 -4 0 0 3 | 2 3 3 3 0 0 -4 1 2 3 3 3 0 0 -4 -4 -4 -5 2 3 3 3 0 0 -4 | 3 0 0 2 3 3 0 2 1 2 2 0 -4 -4 -5 0 0 -4 3 0 0 2 3 3 0 | 0 3 -4 3 2 0 3 3 2 1 3 -4 0 -5 -4 3 -4 0 0 3 -4 3 2 0 3 | 0 -4 3 3 0 2 3 3 2 3 1 -4 -5 0 -4 -4 3 0 0 -4 3 3 0 2 3 | 2 3 3 3 0 0 -4 3 0 -4 -4 1 2 2 3 3 3 0 2 3 3 3 0 0 -4 | 3 2 0 0 3 -4 0 0 -4 0 -5 2 1 3 2 2 0 3 3 2 0 0 3 -4 0 | 3 0 2 0 -4 3 0 0 -4 -5 0 2 3 1 2 0 2 3 3 0 2 0 -4 3 0 | 0 3 3 -4 0 0 3 -4 -5 -4 -4 3 2 2 1 3 3 2 0 3 3 -4 0 0 3 | 0 3 -4 3 2 0 3 -4 0 3 -4 3 2 0 3 1 3 2 0 3 -4 3 2 0 3 | 0 -4 3 3 0 2 3 -4 0 -4 3 3 0 2 3 3 1 2 0 -4 3 3 0 2 3 | -4 0 0 0 3 3 2 -5 -4 0 0 0 3 3 2 2 2 1 -4 0 0 0 3 3 2 | 3 0 0 0 -4 -4 -5 2 3 0 0 2 3 3 0 0 0 -4 1 2 2 2 3 3 0 | 0 3 -4 -4 0 -5 -4 3 0 3 -4 3 2 0 3 3 -4 0 2 1 3 3 2 0 3 | 0 -4 3 -4 -5 0 -4 3 0 -4 3 3 0 2 3 -4 3 0 2 3 1 3 0 2 3 | 0 -4 -4 3 0 0 -4 3 2 3 3 3 0 0 -4 3 3 0 2 3 3 1 2 2 3 | -4 0 -5 0 3 -4 0 0 3 2 0 0 3 -4 0 2 0 3 3 2 0 2 1 3 2 | -4 -5 0 0 -4 3 0 0 3 0 2 0 -4 3 0 0 2 3 3 0 2 2 3 1 2 | -5 -4 -4 -4 0 0 3 -4 0 3 3 -4 0 0 3 3 3 2 0 3 3 3 2 2 1 |
# cobases: 1 (0 ms) { 18, 21, 23, 24, 25 }
# vertices: 1 (0 ms) [ 1 -1 0 0 0 0 ]
# cobases: 2 (0 ms) { 11, 21, 23, 24, 25 }
# vertices: 2 (0 ms) [ 1 0 -1 0 0 0 ]
# cobases: 3 (0 ms) { 12, 21, 23, 24, 25 }
# cobases: 4 (0 ms) { 13, 21, 23, 24, 25 }
# cobases: 5 (0 ms) { 14, 21, 23, 24, 25 }
# cobases: 6 (0 ms) { 15, 21, 23, 24, 25 }
# cobases: 7 (0 ms) { 16, 21, 23, 24, 25 }
# cobases: 8 (0 ms) { 17, 21, 23, 24, 25 }
# cobases: 9 (10 ms) { 13, 18, 23, 24, 25 }
# cobases: 10 (10 ms) { 13, 18, 23, 24, 25 }
# cobases: 11 (10 ms) { 15, 18, 23, 24, 25 }
# cobases: 12 (20 ms) { 2, 18, 21, 23, 25 }
# vertices: 3 (20 ms) [ 1 -1 0 1 0 -1 ]
# cobases: 13 (20 ms) { 4, 18, 21, 23, 25 }
# vertices: 4 (20 ms) [ 1 -1 0 -1 0 1 ]
# cobases: 14 (20 ms) { 17, 18, 21, 23, 25 }
# cobases: 15 (20 ms) { 4, 18, 21, 23, 25 }
# cobases: 16 (30 ms) { 13, 18, 21, 23, 25 }
# cobases: 17 (30 ms) { 17, 18, 21, 23, 25 }
# cobases: 18 (30 ms) { 4, 18, 21, 23, 24 }
# vertices: 5 (30 ms) [ 1 -2 1 0 1 1 ]
# cobases: 19 (30 ms) { 7, 18, 21, 23, 24 }
# vertices: 6 (30 ms) [ 1 0 -1 0 -1 -1 ]
# cobases: 20 (30 ms) { 7, 18, 21, 23, 24 }
# cobases: 21 (30 ms) { 12, 18, 21, 23, 24 }
# cobases: 22 (30 ms) { 13, 18, 21, 23, 24 }
# cobases: 23 (30 ms) { 14, 18, 21, 23, 24 }
# cobases: 24 (30 ms) { 16, 18, 21, 23, 24 }
# cobases: 25 (30 ms) { 17, 18, 21, 23, 24 }
# cobases: 26 (40 ms) { 1, 18, 21, 23, 24 }
# cobases: 27 (40 ms) { 11, 18, 21, 23, 24 }
# cobases: 28 (40 ms) { 12, 16, 21, 23, 24 }
# cobases: 29 (40 ms) { 15, 16, 21, 23, 24 }
# cobases: 30 (40 ms) { 16, 19, 21, 23, 24 }
# cobases: 31 (50 ms) { 16, 21, 22, 23, 24 }
# cobases: 32 (50 ms) { 12, 16, 18, 23, 24 }
# cobases: 33 (50 ms) { 13, 16, 18, 23, 24 }
# cobases: 34 (60 ms) { 14, 16, 18, 23, 24 }
# cobases: 35 (60 ms) { 13, 17, 18, 23, 24 }
# cobases: 36 (60 ms) { 14, 17, 18, 23, 24 }
# cobases: 37 (70 ms) { 2, 16, 18, 21, 23 }
# cobases: 38 (70 ms) { 4, 16, 18, 21, 23 }
# cobases: 39 (70 ms) { 13, 16, 18, 21, 23 }
# cobases: 40 (70 ms) { 15, 16, 18, 21, 23 }
# cobases: 41 (80 ms) { 13, 17, 18, 21, 24 }
# cobases: 42 (80 ms) { 16, 17, 18, 21, 24 }
# cobases: 43 (80 ms) { 17, 18, 19, 21, 24 }
# cobases: 44 (80 ms) { 17, 18, 20, 21, 24 }
# cobases: 45 (90 ms) { 2, 17, 18, 21, 23 }
# vertices: 7 (90 ms) [ 1 -2 1 1 1 0 ]
# cobases: 46 (90 ms) { 11, 17, 18, 21, 23 }
# vertices: 8 (90 ms) [ 1 -1/2 -1/2 -1/2 -1/2 0 ]
# cobases: 47 (90 ms) { 12, 17, 18, 21, 23 }
# cobases: 48 (100 ms) { 13, 17, 18, 21, 23 }
# cobases: 49 (100 ms) { 16, 17, 18, 21, 23 }
# cobases: 50 (110 ms) { 17, 18, 19, 21, 23 }
# cobases: 51 (110 ms) { 17, 18, 20, 21, 23 }
# cobases: 52 (110 ms) { 1, 18, 20, 21, 23 }
# cobases: 53 (110 ms) { 11, 18, 20, 21, 23 }
# cobases: 54 (110 ms) { 17, 19, 21, 23, 24 }
# cobases: 55 (120 ms) { 14, 18, 20, 21, 23 }
# cobases: 56 (130 ms) { 12, 17, 20, 21, 23 }
# cobases: 57 (140 ms) { 15, 17, 20, 21, 23 }
# cobases: 58 (140 ms) { 17, 20, 21, 22, 23 }
# cobases: 59 (140 ms) { 17, 20, 21, 23, 25 }
# cobases: 60 (140 ms) { 1, 17, 18, 21, 23 }
# cobases: 61 (150 ms) { 12, 17, 18, 20, 23 }
# cobases: 62 (150 ms) { 13, 17, 18, 20, 23 }
# cobases: 63 (150 ms) { 3, 17, 18, 20, 21 }
# vertices: 9 (150 ms) [ 1 -1 1 1 0 0 ]
# cobases: 64 (160 ms) { 12, 17, 18, 20, 21 }
# cobases: 65 (170 ms) { 17, 18, 19, 22, 24 }
# cobases: 66 (170 ms) { 3, 17, 18, 19, 21 }
# cobases: 67 (170 ms) { 12, 17, 18, 19, 21 }
# cobases: 68 (180 ms) { 13, 17, 18, 19, 21 }
# cobases: 69 (180 ms) { 14, 17, 18, 19, 21 }
# cobases: 70 (180 ms) { 15, 17, 18, 19, 21 }
# cobases: 71 (200 ms) { 1, 17, 18, 19, 21 }
# cobases: 72 (210 ms) { 10, 13, 17, 19, 21 }
# vertices: 10 (210 ms) [ 1 -2 -1 -1 0 -1 ]
# cobases: 73 (210 ms) { 15, 18, 19, 20, 21 }
# cobases: 74 (210 ms) { 15, 18, 19, 21, 23 }
# cobases: 75 (220 ms) { 10, 15, 17, 19, 21 }
# cobases: 76 (220 ms) { 12, 15, 17, 19, 21 }
# cobases: 77 (230 ms) { 15, 16, 17, 19, 21 }
# cobases: 78 (230 ms) { 15, 17, 19, 20, 21 }
# cobases: 79 (230 ms) { 15, 17, 19, 21, 22 }
# cobases: 80 (230 ms) { 15, 17, 19, 21, 23 }
# cobases: 81 (230 ms) { 15, 17, 19, 21, 25 }
# cobases: 82 (230 ms) { 15, 16, 17, 18, 21 }
# cobases: 83 (240 ms) { 15, 17, 18, 20, 21 }
# cobases: 84 (240 ms) { 15, 17, 18, 21, 22 }
# cobases: 85 (240 ms) { 15, 17, 18, 21, 23 }
# cobases: 86 (250 ms) { 15, 16, 17, 18, 19 }
# cobases: 87 (260 ms) { 15, 17, 18, 19, 25 }
# cobases: 88 (300 ms) { 13, 17, 18, 19, 22 }
# cobases: 89 (300 ms) { 13, 17, 18, 19, 23 }
# cobases: 90 (300 ms) { 2, 15, 17, 19, 25 }
# vertices: 11 (300 ms) [ 1 -2 1 -1 2 -1 ]
# cobases: 91 (300 ms) { 5, 15, 17, 19, 25 }
# vertices: 12 (300 ms) [ 1 -3/2 1/2 -1/2 1 -1/2 ]
# cobases: 92 (300 ms) { 11, 15, 17, 19, 25 }
# vertices: 13 (300 ms) [ 1 -1/2 -1/2 1/2 -1 1/2 ]
# cobases: 93 (300 ms) { 15, 16, 17, 19, 25 }
# cobases: 94 (310 ms) { 15, 17, 19, 20, 25 }
# cobases: 95 (320 ms) { 12, 15, 17, 18, 25 }
# cobases: 96 (320 ms) { 15, 16, 17, 18, 25 }
# cobases: 97 (330 ms) { 15, 17, 18, 20, 25 }
# cobases: 98 (330 ms) { 1, 13, 18, 19, 23 }
# vertices: 14 (330 ms) [ 1 -1 1 -1 1 1 ]
# cobases: 99 (330 ms) { 4, 13, 18, 19, 23 }
# vertices: 15 (330 ms) [ 1 -1 1/2 -1/2 1/2 1/2 ]
# cobases: 100 (340 ms) { 4, 18, 19, 23, 24 }
# cobases: 101 (340 ms) { 4, 18, 19, 23, 25 }
# cobases: 102 (340 ms) { 4, 13, 18, 21, 23 }
# vertices: 16 (340 ms) [ 1 -3/2 1/2 -1/2 1/2 1 ]
# cobases: 103 (340 ms) { 4, 13, 18, 22, 23 }
# vertices: 17 (340 ms) [ 1 -1/2 1/2 -1/2 1/2 0 ]
# cobases: 104 (360 ms) { 4, 12, 18, 22, 23 }
# cobases: 105 (360 ms) { 4, 10, 13, 18, 23 }
# vertices: 18 (360 ms) [ 1 0 1/2 -1/2 1/2 -1/2 ]
# cobases: 106 (360 ms) { 4, 12, 13, 18, 23 }
# cobases: 107 (370 ms) { 4, 10, 13, 18, 22 }
# vertices: 19 (370 ms) [ 1 -1/3 1/3 -2/3 2/3 -1/3 ]
# cobases: 108 (370 ms) { 2, 4, 10, 18, 22 }
# vertices: 20 (380 ms) [ 1 -1/2 1/2 -1/2 1 -1/2 ]
# cobases: 109 (380 ms) { 4, 10, 18, 20, 22 }
# cobases: 110 (390 ms) { 10, 12, 18, 20, 22 }
# cobases: 111 (400 ms) { 4, 12, 18, 20, 22 }
# cobases: 112 (400 ms) { 4, 7, 10, 20, 22 }
# vertices: 21 (400 ms) [ 1 -1 1 -1 1 -1 ]
# cobases: 113 (400 ms) { 7, 10, 12, 20, 22 }
# cobases: 114 (410 ms) { 7, 10, 20, 22, 25 }
# cobases: 115 (410 ms) { 4, 10, 17, 20, 22 }
# cobases: 116 (410 ms) { 4, 10, 20, 22, 25 }
# cobases: 117 (410 ms) { 4, 7, 8, 20, 22 }
# vertices: 22 (420 ms) [ 1 1 -1 -1 1 -1 ]
# cobases: 118 (420 ms) { 4, 7, 12, 20, 22 }
# cobases: 119 (420 ms) { 4, 7, 15, 20, 22 }
# cobases: 120 (430 ms) { 7, 12, 15, 20, 22 }
# cobases: 121 (430 ms) { 7, 15, 20, 22, 25 }
# cobases: 122 (440 ms) { 4, 12, 15, 20, 22 }
# cobases: 123 (440 ms) { 4, 15, 20, 22, 25 }
# cobases: 124 (450 ms) { 4, 7, 12, 20, 22 }
# cobases: 125 (480 ms) { 10, 15, 20, 22, 25 }
# cobases: 126 (490 ms) { 4, 10, 20, 22, 25 }
# cobases: 127 (490 ms) { 2, 4, 15, 22, 25 }
# cobases: 128 (520 ms) { 2, 4, 15, 19, 25 }
# cobases: 129 (530 ms) { 10, 20, 22, 24, 25 }
# cobases: 130 (530 ms) { 4, 8, 20, 22, 25 }
# cobases: 131 (530 ms) { 2, 4, 10, 22, 25 }
# cobases: 132 (540 ms) { 2, 8, 20, 22, 25 }
# cobases: 133 (550 ms) { 7, 8, 20, 22, 25 }
# cobases: 134 (550 ms) { 2, 4, 10, 19, 25 }
# cobases: 135 (550 ms) { 8, 16, 20, 22, 25 }
# cobases: 136 (550 ms) { 8, 20, 22, 24, 25 }
# cobases: 137 (550 ms) { 4, 16, 20, 22, 25 }
# cobases: 138 (550 ms) { 2, 4, 8, 22, 25 }
# cobases: 139 (560 ms) { 4, 8, 13, 22, 25 }
# vertices: 23 (560 ms) [ 1 1 -1 -1 2 -2 ]
# cobases: 140 (560 ms) { 4, 8, 16, 22, 25 }
# cobases: 141 (560 ms) { 2, 4, 8, 20, 25 }
# cobases: 142 (560 ms) { 4, 7, 8, 20, 25 }
# cobases: 143 (560 ms) { 4, 7, 8, 13, 22 }
# cobases: 144 (570 ms) { 4, 7, 8, 20, 25 }
# cobases: 145 (570 ms) { 4, 8, 20, 22, 25 }
# cobases: 146 (580 ms) { 2, 8, 16, 20, 25 }
# cobases: 147 (580 ms) { 2, 4, 7, 8, 25 }
# cobases: 148 (580 ms) { 2, 4, 8, 12, 25 }
# vertices: 24 (580 ms) [ 1 -1 -1 -1 3 -1 ]
# cobases: 149 (580 ms) { 2, 4, 8, 23, 25 }
# vertices: 25 (590 ms) [ 1 2 -1 -1 0 -1 ]
# cobases: 150 (590 ms) { 2, 3, 4, 8, 25 }
# vertices: 26 (590 ms) [ 1 3 -1 -1 -1 -1 ]
# cobases: 151 (590 ms) { 2, 4, 6, 8, 25 }
# cobases: 152 (600 ms) { 2, 4, 6, 8, 23 }
# cobases: 153 (600 ms) { 2, 6, 8, 21, 25 }
# vertices: 27 (600 ms) [ 1 2 -1 1 -2 -1 ]
# cobases: 154 (600 ms) { 2, 3, 4, 8, 25 }
# cobases: 155 (600 ms) { 2, 4, 8, 23, 25 }
# cobases: 156 (610 ms) { 2, 4, 6, 8, 25 }
# cobases: 157 (610 ms) { 2, 3, 8, 21, 25 }
# vertices: 28 (610 ms) [ 1 1 -1 1 -1 -1 ]
# cobases: 158 (610 ms) { 2, 4, 8, 20, 25 }
# cobases: 159 (620 ms) { 3, 8, 11, 21, 25 }
# cobases: 160 (620 ms) { 2, 4, 8, 12, 25 }
# cobases: 161 (620 ms) { 3, 8, 15, 21, 25 }
# cobases: 162 (620 ms) { 6, 8, 15, 21, 25 }
# cobases: 163 (630 ms) { 2, 7, 8, 21, 25 }
# cobases: 164 (640 ms) { 8, 11, 15, 21, 25 }
# cobases: 165 (640 ms) { 8, 15, 20, 21, 25 }
# cobases: 166 (660 ms) { 2, 3, 8, 9, 25 }
# vertices: 29 (660 ms) [ 1 2 -1 0 -1 -1 ]
# cobases: 167 (690 ms) { 3, 8, 10, 15, 25 }
# cobases: 168 (700 ms) { 6, 8, 10, 15, 25 }
# cobases: 169 (710 ms) { 5, 6, 8, 15, 25 }
# vertices: 30 (710 ms) [ 1 3 -1 1 -2 -2 ]
# cobases: 170 (720 ms) { 5, 6, 8, 15, 22 }
# vertices: 31 (720 ms) [ 1 -1 3 1 2 2 ]
# cobases: 171 (730 ms) { 3, 5, 8, 9, 25 }
# cobases: 172 (740 ms) { 2, 3, 5, 8, 25 }
# cobases: 173 (750 ms) { 5, 6, 8, 9, 25 }
# cobases: 174 (780 ms) { 15, 20, 21, 24, 25 }
# cobases: 175 (790 ms) { 11, 20, 21, 24, 25 }
# cobases: 176 (840 ms) { 9, 20, 21, 24, 25 }
# cobases: 177 (840 ms) { 8, 11, 21, 24, 25 }
# cobases: 178 (840 ms) { 9, 11, 21, 24, 25 }
# cobases: 179 (840 ms) { 11, 21, 22, 24, 25 }
# cobases: 180 (850 ms) { 4, 15, 20, 21, 25 }
# vertices: 32 (850 ms) [ 1 -3 1 -1 1 1 ]
# cobases: 181 (850 ms) { 9, 11, 20, 24, 25 }
# cobases: 182 (850 ms) { 11, 20, 22, 24, 25 }
# cobases: 183 (850 ms) { 12, 15, 20, 21, 25 }
# cobases: 184 (850 ms) { 11, 20, 23, 24, 25 }
# cobases: 185 (860 ms) { 13, 15, 20, 21, 25 }
# cobases: 186 (860 ms) { 9, 11, 20, 21, 25 }
# cobases: 187 (860 ms) { 11, 20, 21, 22, 25 }
# cobases: 188 (860 ms) { 7, 11, 20, 21, 24 }
# cobases: 189 (860 ms) { 11, 15, 20, 21, 24 }
# cobases: 190 (870 ms) { 11, 18, 20, 21, 24 }
# cobases: 191 (870 ms) { 4, 15, 20, 21, 24 }
# cobases: 192 (870 ms) { 7, 15, 20, 21, 24 }
# cobases: 193 (870 ms) { 7, 15, 20, 21, 24 }
# cobases: 194 (870 ms) { 7, 18, 20, 21, 24 }
# cobases: 195 (890 ms) { 11, 18, 20, 21, 24 }
# cobases: 196 (890 ms) { 7, 10, 20, 21, 24 }
# cobases: 197 (890 ms) { 7, 11, 20, 21, 24 }
# cobases: 198 (900 ms) { 7, 10, 18, 21, 24 }
# cobases: 199 (900 ms) { 7, 15, 18, 20, 21 }
# cobases: 200 (940 ms) { 1, 15, 20, 21, 24 }
# cobases: 201 (950 ms) { 4, 18, 20, 21, 24 }
# cobases: 202 (950 ms) { 1, 4, 15, 20, 24 }
# cobases: 203 (950 ms) { 1, 4, 15, 20, 21 }
# cobases: 204 (960 ms) { 1, 5, 15, 20, 24 }
# vertices: 33 (960 ms) [ 1 -3 2 -1 2 1 ]
# cobases: 205 (960 ms) { 1, 15, 18, 20, 24 }
# cobases: 206 (960 ms) { 4, 15, 20, 21, 25 }
# cobases: 207 (970 ms) { 1, 15, 18, 20, 21 }
# cobases: 208 (970 ms) { 1, 4, 18, 20, 21 }
# cobases: 209 (980 ms) { 1, 2, 18, 20, 21 }
# cobases: 210 (980 ms) { 1, 4, 15, 20, 21 }
# cobases: 211 (1000 ms) { 2, 16, 18, 20, 21 }
# cobases: 212 (1000 ms) { 2, 17, 18, 20, 21 }
# cobases: 213 (1000 ms) { 2, 18, 19, 20, 21 }
# cobases: 214 (1000 ms) { 3, 18, 19, 20, 21 }
# cobases: 215 (1000 ms) { 1, 18, 19, 20, 21 }
# cobases: 216 (1000 ms) { 1, 2, 16, 20, 21 }
# cobases: 217 (1000 ms) { 2, 17, 19, 20, 21 }
# cobases: 218 (1000 ms) { 1, 2, 18, 20, 21 }
# cobases: 219 (1000 ms) { 2, 16, 18, 20, 21 }
# cobases: 220 (1000 ms) { 2, 17, 18, 20, 21 }
# cobases: 221 (1000 ms) { 1, 2, 18, 19, 21 }
# cobases: 222 (1010 ms) { 1, 2, 18, 19, 21 }
# cobases: 223 (1010 ms) { 1, 2, 18, 21, 22 }
# cobases: 224 (1010 ms) { 1, 2, 16, 18, 20 }
# cobases: 225 (1010 ms) { 2, 16, 17, 18, 20 }
# cobases: 226 (1020 ms) { 2, 17, 18, 21, 22 }
# cobases: 227 (1020 ms) { 2, 18, 21, 22, 23 }
# cobases: 228 (1020 ms) { 1, 17, 18, 21, 22 }
# cobases: 229 (1020 ms) { 1, 18, 21, 22, 23 }
# cobases: 230 (1020 ms) { 1, 16, 17, 18, 20 }
# cobases: 231 (1020 ms) { 1, 2, 17, 21, 22 }
# cobases: 232 (1030 ms) { 1, 2, 18, 21, 23 }
# cobases: 233 (1030 ms) { 1, 2, 3, 16, 20 }
# cobases: 234 (1030 ms) { 1, 2, 16, 17, 20 }
# cobases: 235 (1030 ms) { 1, 2, 17, 21, 23 }
# cobases: 236 (1040 ms) { 1, 17, 21, 22, 23 }
# cobases: 237 (1040 ms) { 2, 16, 17, 18, 20 }
# cobases: 238 (1040 ms) { 1, 2, 18, 21, 23 }
# cobases: 239 (1040 ms) { 2, 16, 17, 19, 20 }
# cobases: 240 (1040 ms) { 1, 2, 17, 21, 22 }
# cobases: 241 (1040 ms) { 1, 3, 16, 17, 20 }
# cobases: 242 (1050 ms) { 1, 16, 17, 18, 20 }
# cobases: 243 (1050 ms) { 1, 16, 17, 19, 20 }
# cobases: 244 (1050 ms) { 1, 2, 17, 20, 21 }
# cobases: 245 (1060 ms) { 1, 2, 16, 20, 21 }
# cobases: 246 (1060 ms) { 1, 17, 19, 20, 21 }
# cobases: 247 (1060 ms) { 1, 17, 18, 20, 21 }
# cobases: 248 (1070 ms) { 1, 16, 17, 18, 19 }
# cobases: 249 (1080 ms) { 16, 17, 18, 19, 25 }
# cobases: 250 (1100 ms) { 15, 17, 18, 19, 25 }
# cobases: 251 (1100 ms) { 2, 16, 18, 19, 25 }
# cobases: 252 (1100 ms) { 4, 16, 18, 19, 25 }
# cobases: 253 (1110 ms) { 9, 16, 18, 19, 25 }
# cobases: 254 (1110 ms) { 11, 16, 18, 19, 25 }
# cobases: 255 (1120 ms) { 4, 6, 18, 19, 25 }
# cobases: 256 (1120 ms) { 4, 11, 18, 19, 25 }
# cobases: 257 (1120 ms) { 4, 14, 18, 19, 25 }
# cobases: 258 (1120 ms) { 4, 18, 19, 21, 25 }
# cobases: 259 (1130 ms) { 4, 6, 16, 19, 25 }
# cobases: 260 (1130 ms) { 4, 9, 16, 19, 25 }
# cobases: 261 (1130 ms) { 4, 12, 16, 19, 25 }
# cobases: 262 (1130 ms) { 4, 14, 16, 19, 25 }
# cobases: 263 (1130 ms) { 4, 16, 19, 21, 25 }
# cobases: 264 (1130 ms) { 4, 16, 19, 23, 25 }
# cobases: 265 (1130 ms) { 4, 12, 16, 18, 25 }
# cobases: 266 (1130 ms) { 12, 16, 17, 19, 25 }
# cobases: 267 (1130 ms) { 4, 16, 18, 21, 25 }
# cobases: 268 (1140 ms) { 4, 9, 16, 18, 19 }
# cobases: 269 (1140 ms) { 4, 12, 16, 18, 19 }
# cobases: 270 (1140 ms) { 4, 14, 16, 18, 19 }
# cobases: 271 (1140 ms) { 15, 16, 17, 19, 25 }
# cobases: 272 (1140 ms) { 4, 16, 18, 19, 23 }
# cobases: 273 (1140 ms) { 16, 17, 19, 22, 25 }
# cobases: 274 (1140 ms) { 6, 16, 18, 19, 23 }
# cobases: 275 (1140 ms) { 9, 16, 18, 19, 23 }
# cobases: 276 (1140 ms) { 11, 16, 18, 19, 23 }
# cobases: 277 (1150 ms) { 12, 16, 17, 18, 25 }
# cobases: 278 (1150 ms) { 4, 6, 18, 19, 23 }
# cobases: 279 (1150 ms) { 4, 9, 18, 19, 23 }
# cobases: 280 (1150 ms) { 4, 11, 18, 19, 23 }
# cobases: 281 (1160 ms) { 15, 16, 17, 18, 25 }
# cobases: 282 (1160 ms) { 16, 17, 18, 20, 25 }
# cobases: 283 (1160 ms) { 4, 16, 19, 21, 23 }
# cobases: 284 (1160 ms) { 4, 12, 16, 18, 23 }
# cobases: 285 (1170 ms) { 12, 16, 17, 18, 19 }
# cobases: 286 (1170 ms) { 4, 16, 18, 19, 25 }
# cobases: 287 (1180 ms) { 1, 16, 17, 18, 19 }
# cobases: 288 (1220 ms) { 11, 12, 16, 18, 23 }
# cobases: 289 (1220 ms) { 16, 17, 18, 19, 22 }
# cobases: 290 (1230 ms) { 4, 6, 12, 18, 23 }
# cobases: 291 (1230 ms) { 4, 11, 12, 18, 23 }
# cobases: 292 (1240 ms) { 4, 12, 18, 23, 24 }
# vertices: 34 (1240 ms) [ 1 -2/3 1/3 -2/3 1/3 1/3 ]
# cobases: 293 (1240 ms) { 4, 12, 18, 23, 25 }
# cobases: 294 (1240 ms) { 4, 6, 12, 16, 23 }
# cobases: 295 (1240 ms) { 4, 11, 12, 16, 23 }
# cobases: 296 (1240 ms) { 4, 12, 16, 23, 25 }
# cobases: 297 (1250 ms) { 9, 12, 16, 23, 25 }
# cobases: 298 (1250 ms) { 11, 12, 16, 23, 25 }
# cobases: 299 (1250 ms) { 12, 17, 18, 19, 23 }
# cobases: 300 (1260 ms) { 2, 12, 16, 18, 19 }
# cobases: 301 (1270 ms) { 4, 9, 12, 23, 25 }
# cobases: 302 (1280 ms) { 4, 11, 12, 23, 25 }
# cobases: 303 (1280 ms) { 12, 13, 16, 17, 19 }
# cobases: 304 (1290 ms) { 4, 12, 16, 18, 23 }
# cobases: 305 (1290 ms) { 12, 15, 16, 17, 19 }
# cobases: 306 (1300 ms) { 12, 16, 17, 19, 20 }
# cobases: 307 (1310 ms) { 12, 16, 17, 19, 22 }
# cobases: 308 (1310 ms) { 12, 16, 17, 19, 25 }
# cobases: 309 (1330 ms) { 12, 16, 17, 18, 20 }
# cobases: 310 (1340 ms) { 12, 16, 17, 19, 22 }
# cobases: 311 (1360 ms) { 12, 15, 17, 19, 21 }
# cobases: 312 (1370 ms) { 12, 15, 17, 19, 22 }
# cobases: 313 (1410 ms) { 12, 15, 16, 17, 20 }
# cobases: 314 (1410 ms) { 12, 15, 16, 17, 22 }
# cobases: 315 (1530 ms) { 15, 16, 17, 20, 25 }
# cobases: 316 (1620 ms) { 12, 15, 16, 20, 22 }
# cobases: 317 (1640 ms) { 15, 16, 20, 22, 25 }
# cobases: 318 (1650 ms) { 11, 16, 20, 22, 25 }
# cobases: 319 (1770 ms) { 12, 17, 19, 21, 23 }
# cobases: 320 (1780 ms) { 15, 17, 20, 21, 25 }
# cobases: 321 (1790 ms) { 14, 15, 16, 20, 25 }
# cobases: 322 (1940 ms) { 2, 12, 19, 21, 23 }
# cobases: 323 (2040 ms) { 2, 16, 19, 21, 23 }
# cobases: 324 (2040 ms) { 2, 18, 19, 21, 23 }
# cobases: 325 (2040 ms) { 2, 12, 14, 21, 23 }
# cobases: 326 (2040 ms) { 2, 12, 16, 21, 23 }
# cobases: 327 (2050 ms) { 2, 12, 18, 21, 23 }
# cobases: 328 (2050 ms) { 2, 12, 21, 23, 25 }
# cobases: 329 (2050 ms) { 2, 12, 14, 19, 23 }
# cobases: 330 (2050 ms) { 2, 12, 18, 19, 23 }
# cobases: 331 (2050 ms) { 2, 12, 16, 19, 21 }
# cobases: 332 (2050 ms) { 2, 16, 19, 21, 23 }
# cobases: 333 (2060 ms) { 2, 16, 21, 23, 25 }
# cobases: 334 (2060 ms) { 2, 12, 18, 21, 23 }
# cobases: 335 (2060 ms) { 2, 12, 21, 23, 25 }
# cobases: 336 (2060 ms) { 2, 12, 14, 16, 23 }
# cobases: 337 (2060 ms) { 2, 12, 16, 18, 23 }
# cobases: 338 (2060 ms) { 2, 12, 16, 23, 25 }
# cobases: 339 (2060 ms) { 2, 12, 16, 18, 21 }
# cobases: 340 (2070 ms) { 2, 12, 16, 18, 23 }
# cobases: 341 (2070 ms) { 2, 12, 18, 23, 25 }
# cobases: 342 (2090 ms) { 2, 12, 14, 18, 23 }
# cobases: 343 (2100 ms) { 2, 12, 18, 23, 25 }
# cobases: 344 (2100 ms) { 2, 14, 18, 23, 25 }
# cobases: 345 (2120 ms) { 2, 14, 19, 23, 25 }
# cobases: 346 (2120 ms) { 2, 14, 21, 23, 25 }
# cobases: 347 (2120 ms) { 12, 14, 18, 23, 24 }
# cobases: 348 (2140 ms) { 1, 14, 18, 23, 24 }
# cobases: 349 (2140 ms) { 4, 14, 18, 23, 24 }
# cobases: 350 (2150 ms) { 1, 4, 18, 23, 24 }
# cobases: 351 (2190 ms) { 6, 14, 18, 23, 24 }
# cobases: 352 (2230 ms) { 1, 5, 14, 23, 24 }
# cobases: 353 (2240 ms) { 1, 7, 14, 23, 24 }
# vertices: 35 (2240 ms) [ 1 -1 2 -2 1 1 ]
# cobases: 354 (2270 ms) { 1, 7, 13, 23, 24 }
# cobases: 355 (2290 ms) { 1, 7, 9, 13, 24 }
# cobases: 356 (2310 ms) { 5, 14, 18, 23, 24 }
# cobases: 357 (2450 ms) { 6, 11, 14, 18, 23 }
# cobases: 358 (2450 ms) { 2, 14, 19, 21, 25 }
# cobases: 359 (2460 ms) { 6, 14, 18, 23, 25 }
# cobases: 360 (2460 ms) { 9, 14, 18, 23, 25 }
# cobases: 361 (2470 ms) { 11, 14, 18, 23, 25 }
# cobases: 362 (2480 ms) { 6, 9, 14, 23, 25 }
# cobases: 363 (2480 ms) { 6, 14, 18, 23, 25 }
# cobases: 364 (2490 ms) { 9, 14, 18, 23, 25 }
# cobases: 365 (2490 ms) { 11, 12, 18, 23, 25 }
# cobases: 366 (2490 ms) { 11, 18, 19, 23, 25 }
# cobases: 367 (2490 ms) { 11, 18, 21, 23, 25 }
# cobases: 368 (2500 ms) { 4, 11, 14, 23, 25 }
# cobases: 369 (2500 ms) { 6, 11, 14, 23, 25 }
# cobases: 370 (2500 ms) { 11, 14, 16, 23, 25 }
# cobases: 371 (2500 ms) { 11, 14, 19, 23, 25 }
# cobases: 372 (2510 ms) { 11, 14, 21, 23, 25 }
# cobases: 373 (2510 ms) { 4, 11, 14, 18, 25 }
# cobases: 374 (2510 ms) { 11, 12, 14, 18, 25 }
# cobases: 375 (2520 ms) { 11, 14, 16, 18, 25 }
# cobases: 376 (2520 ms) { 4, 11, 14, 18, 23 }
# cobases: 377 (2530 ms) { 11, 16, 19, 23, 25 }
# cobases: 378 (2530 ms) { 11, 19, 23, 24, 25 }
# cobases: 379 (2530 ms) { 9, 11, 14, 18, 23 }
# cobases: 380 (2530 ms) { 11, 12, 14, 18, 23 }
# cobases: 381 (2540 ms) { 4, 11, 14, 19, 25 }
# cobases: 382 (2550 ms) { 6, 11, 14, 19, 25 }
# cobases: 383 (2560 ms) { 11, 14, 16, 19, 25 }
# cobases: 384 (2570 ms) { 4, 14, 18, 19, 25 }
# cobases: 385 (2590 ms) { 4, 11, 12, 19, 25 }
# cobases: 386 (2590 ms) { 4, 11, 19, 21, 25 }
# cobases: 387 (2610 ms) { 11, 12, 19, 21, 25 }
# cobases: 388 (2620 ms) { 11, 16, 19, 21, 25 }
# cobases: 389 (2670 ms) { 4, 11, 12, 19, 25 }
# cobases: 390 (2690 ms) { 4, 6, 12, 19, 25 }
# cobases: 391 (2710 ms) { 6, 12, 19, 23, 25 }
# cobases: 392 (2750 ms) { 4, 6, 12, 18, 19 }
# cobases: 393 (2760 ms) { 6, 9, 12, 18, 19 }
# cobases: 394 (2760 ms) { 6, 12, 14, 18, 19 }
# cobases: 395 (2770 ms) { 6, 12, 18, 19, 21 }
# cobases: 396 (2790 ms) { 4, 6, 9, 18, 19 }
# cobases: 397 (2790 ms) { 4, 6, 11, 18, 19 }
# cobases: 398 (2800 ms) { 4, 6, 14, 18, 19 }
# cobases: 399 (2810 ms) { 4, 6, 12, 19, 25 }
# cobases: 400 (2810 ms) { 4, 6, 12, 18, 21 }
# cobases: 401 (2820 ms) { 6, 12, 14, 18, 21 }
# cobases: 402 (2860 ms) { 4, 6, 14, 18, 21 }
# cobases: 403 (3180 ms) { 8, 19, 23, 24, 25 }
# cobases: 404 (3180 ms) { 9, 19, 23, 24, 25 }
# cobases: 405 (3180 ms) { 10, 19, 23, 24, 25 }
# cobases: 406 (3190 ms) { 11, 19, 22, 24, 25 }
# cobases: 407 (3190 ms) { 8, 11, 19, 23, 25 }
# cobases: 408 (3200 ms) { 11, 19, 22, 23, 25 }
# cobases: 409 (3210 ms) { 11, 19, 22, 23, 24 }
# cobases: 410 (3210 ms) { 9, 19, 22, 23, 24 }
# cobases: 411 (3230 ms) { 11, 20, 22, 23, 24 }
# cobases: 412 (3280 ms) { 8, 19, 22, 23, 25 }
# cobases: 413 (3290 ms) { 10, 19, 22, 23, 25 }
# cobases: 414 (3290 ms) { 8, 11, 22, 23, 25 }
# cobases: 415 (3290 ms) { 11, 20, 22, 23, 25 }
# cobases: 416 (3300 ms) { 11, 21, 22, 23, 25 }
# cobases: 417 (3300 ms) { 8, 11, 19, 23, 25 }
# cobases: 418 (3300 ms) { 10, 11, 19, 23, 25 }
# cobases: 419 (3300 ms) { 11, 19, 20, 23, 25 }
# cobases: 420 (3300 ms) { 9, 11, 19, 22, 25 }
# cobases: 421 (3310 ms) { 10, 11, 19, 22, 25 }
# cobases: 422 (3380 ms) { 8, 10, 11, 23, 25 }
# cobases: 423 (3390 ms) { 8, 10, 11, 19, 25 }
# cobases: 424 (3420 ms) { 8, 9, 10, 23, 25 }
# cobases: 425 (3440 ms) { 8, 10, 11, 22, 25 }
# cobases: 426 (3470 ms) { 8, 9, 19, 23, 25 }
# cobases: 427 (3540 ms) { 11, 21, 22, 24, 25 }
# cobases: 428 (3550 ms) { 11, 17, 21, 22, 23 }
# cobases: 429 (3550 ms) { 11, 18, 21, 22, 23 }
# cobases: 430 (3570 ms) { 11, 17, 21, 22, 25 }
# vertices: 36 (3570 ms) [ 1 -1/3 -1/3 -1/3 -1/3 1/3 ]
# cobases: 431 (3600 ms) { 11, 17, 18, 21, 22 }
# cobases: 432 (3690 ms) { 9, 18, 19, 23, 24 }
# cobases: 433 (3950 ms) { 4, 12, 18, 23, 25 }
# cobases: 434 (3980 ms) { 4, 12, 18, 23, 24 }
# cobases: 435 (3990 ms) { 1, 4, 18, 23, 24 }
# cobases: 436 (4000 ms) { 4, 12, 18, 22, 23 }
# cobases: 437 (4010 ms) { 5, 12, 18, 22, 23 }
# cobases: 438 (4030 ms) { 4, 12, 17, 22, 23 }
# cobases: 439 (4170 ms) { 2, 14, 21, 23, 25 }
# cobases: 440 (4510 ms) { 12, 13, 16, 18, 19 }
# cobases: 441 (5090 ms) { 3, 16, 17, 18, 20 }
# cobases: 442 (5170 ms) { 1, 6, 18, 19, 23 }
# cobases: 443 (5390 ms) { 11, 15, 17, 19, 25 }
# cobases: 444 (5790 ms) { 1, 2, 3, 16, 21 }
# cobases: 445 (5810 ms) { 5, 15, 17, 19, 25 }
# cobases: 446 (5820 ms) { 2, 15, 17, 19, 25 }
# cobases: 447 (5830 ms) { 4, 15, 17, 19, 25 }
# cobases: 448 (5840 ms) { 2, 4, 17, 19, 25 }
# cobases: 449 (5840 ms) { 2, 10, 17, 19, 25 }
# cobases: 450 (5880 ms) { 3, 16, 17, 18, 20 }
# cobases: 451 (5930 ms) { 2, 17, 18, 21, 23 }
# cobases: 452 (5970 ms) { 1, 4, 18, 21, 23 }
# cobases: 453 (5970 ms) { 4, 15, 18, 21, 23 }
# cobases: 454 (5970 ms) { 4, 18, 21, 23, 24 }
# cobases: 455 (6000 ms) { 4, 13, 18, 21, 23 }
# cobases: 456 (6070 ms) { 18, 19, 20, 21, 25 }
# cobases: 457 (6140 ms) { 1, 5, 15, 20, 24 }
# cobases: 458 (6310 ms) { 4, 15, 20, 21, 25 }
# cobases: 459 (6450 ms) { 11, 17, 21, 22, 25 }
# cobases: 460 (6630 ms) { 5, 6, 8, 15, 25 }
# cobases: 461 (6650 ms) { 2, 4, 8, 23, 25 }
# cobases: 462 (6670 ms) { 6, 8, 15, 21, 25 }
# cobases: 463 (6710 ms) { 5, 6, 8, 15, 25 }
# cobases: 464 (6720 ms) { 2, 3, 4, 8, 25 }
# cobases: 465 (6750 ms) { 4, 8, 13, 22, 25 }
# cobases: 466 (6780 ms) { 2, 4, 16, 22, 25 }
# cobases: 467 (6780 ms) { 4, 16, 20, 22, 25 }
# cobases: 468 (6910 ms) { 2, 4, 17, 19, 25 }
# cobases: 469 (6970 ms) { 4, 12, 17, 20, 22 }
# cobases: 470 (7180 ms) { 2, 10, 18, 20, 22 }
# cobases: 471 (7190 ms) { 2, 4, 10, 18, 23 }
# cobases: 472 (7200 ms) { 4, 10, 13, 18, 23 }
# cobases: 473 (7210 ms) { 2, 4, 7, 10, 23 }
# cobases: 474 (7210 ms) { 2, 4, 10, 18, 23 }
# cobases: 475 (7230 ms) { 4, 10, 13, 18, 22 }
# cobases: 476 (7720 ms) { 13, 17, 18, 21, 23 }
# cobases: 477 (8050 ms) { 10, 15, 17, 19, 21 }
# cobases: 478 (8060 ms) { 10, 13, 17, 19, 21 }
# cobases: 479 (9060 ms) { 4, 13, 18, 21, 23 }
# cobases: 480 (9380 ms) { 4, 12, 18, 23, 24 }

results: 
{
	dimension: 5
	initial cobasis: { 18, 21, 23, 24, 25 }
	symmetry generators: 6
	{
		(2,8)(5,9)(7,11)(13,19)(15,21)(16,22)(18,24),
		(4,12)(5,13)(6,14)(7,15)(9,19)(10,20)(11,21),
		(2,3,8)(5,6,9)(7,11,10)(13,14,19)(15,21,20)(16,17,22)(18,24,23),
		(1,23)(2,10,8,20)(3,25)(4,22,12,16)(5,9,19,13)(6,24,14,18)(7,11,21,15),
		(3,8)(6,9)(7,10)(14,19)(15,20)(17,22)(18,23),
		(1,5)(3,7)(8,10)(12,16)(14,18)(19,23)(21,25)
	}
	basis orbits: 401
	{
		{ 1, 2, 3, 16, 20 },
		{ 1, 2, 3, 16, 21 },
		{ 1, 2, 16, 17, 20 },
		{ 1, 2, 16, 18, 20 },
		{ 1, 2, 16, 20, 21 },
		{ 1, 2, 17, 20, 21 },
		{ 1, 2, 17, 21, 22 },
		{ 1, 2, 17, 21, 23 },
		{ 1, 2, 18, 19, 21 },
		{ 1, 2, 18, 20, 21 },
		{ 1, 2, 18, 21, 22 },
		{ 1, 2, 18, 21, 23 },
		{ 1, 3, 16, 17, 20 },
		{ 1, 4, 15, 20, 21 },
		{ 1, 4, 15, 20, 24 },
		{ 1, 4, 18, 20, 21 },
		{ 1, 4, 18, 21, 23 },
		{ 1, 4, 18, 23, 24 },
		{ 1, 5, 14, 23, 24 },
		{ 1, 5, 15, 20, 24 },
		{ 1, 6, 18, 19, 23 },
		{ 1, 7, 9, 13, 24 },
		{ 1, 7, 13, 23, 24 },
		{ 1, 7, 14, 23, 24 },
		{ 1, 13, 18, 19, 23 },
		{ 1, 14, 18, 23, 24 },
		{ 1, 15, 18, 20, 21 },
		{ 1, 15, 18, 20, 24 },
		{ 1, 15, 20, 21, 24 },
		{ 1, 16, 17, 18, 19 },
		{ 1, 16, 17, 18, 20 },
		{ 1, 16, 17, 19, 20 },
		{ 1, 17, 18, 19, 21 },
		{ 1, 17, 18, 20, 21 },
		{ 1, 17, 18, 21, 22 },
		{ 1, 17, 18, 21, 23 },
		{ 1, 17, 19, 20, 21 },
		{ 1, 17, 21, 22, 23 },
		{ 1, 18, 19, 20, 21 },
		{ 1, 18, 20, 21, 23 },
		{ 1, 18, 21, 22, 23 },
		{ 1, 18, 21, 23, 24 },
		{ 2, 3, 4, 8, 25 },
		{ 2, 3, 5, 8, 25 },
		{ 2, 3, 8, 9, 25 },
		{ 2, 3, 8, 21, 25 },
		{ 2, 4, 6, 8, 23 },
		{ 2, 4, 6, 8, 25 },
		{ 2, 4, 7, 8, 25 },
		{ 2, 4, 7, 10, 23 },
		{ 2, 4, 8, 12, 25 },
		{ 2, 4, 8, 20, 25 },
		{ 2, 4, 8, 22, 25 },
		{ 2, 4, 8, 23, 25 },
		{ 2, 4, 10, 18, 22 },
		{ 2, 4, 10, 18, 23 },
		{ 2, 4, 10, 19, 25 },
		{ 2, 4, 10, 22, 25 },
		{ 2, 4, 15, 19, 25 },
		{ 2, 4, 15, 22, 25 },
		{ 2, 4, 16, 22, 25 },
		{ 2, 4, 17, 19, 25 },
		{ 2, 6, 8, 21, 25 },
		{ 2, 7, 8, 21, 25 },
		{ 2, 8, 16, 20, 25 },
		{ 2, 8, 20, 22, 25 },
		{ 2, 10, 17, 19, 25 },
		{ 2, 10, 18, 20, 22 },
		{ 2, 12, 14, 16, 23 },
		{ 2, 12, 14, 18, 23 },
		{ 2, 12, 14, 19, 23 },
		{ 2, 12, 14, 21, 23 },
		{ 2, 12, 16, 18, 19 },
		{ 2, 12, 16, 18, 21 },
		{ 2, 12, 16, 18, 23 },
		{ 2, 12, 16, 19, 21 },
		{ 2, 12, 16, 21, 23 },
		{ 2, 12, 16, 23, 25 },
		{ 2, 12, 18, 19, 23 },
		{ 2, 12, 18, 21, 23 },
		{ 2, 12, 18, 23, 25 },
		{ 2, 12, 19, 21, 23 },
		{ 2, 12, 21, 23, 25 },
		{ 2, 14, 18, 23, 25 },
		{ 2, 14, 19, 21, 25 },
		{ 2, 14, 19, 23, 25 },
		{ 2, 14, 21, 23, 25 },
		{ 2, 15, 17, 19, 25 },
		{ 2, 16, 17, 18, 20 },
		{ 2, 16, 17, 19, 20 },
		{ 2, 16, 18, 19, 25 },
		{ 2, 16, 18, 20, 21 },
		{ 2, 16, 18, 21, 23 },
		{ 2, 16, 19, 21, 23 },
		{ 2, 16, 21, 23, 25 },
		{ 2, 17, 18, 20, 21 },
		{ 2, 17, 18, 21, 22 },
		{ 2, 17, 18, 21, 23 },
		{ 2, 17, 19, 20, 21 },
		{ 2, 18, 19, 20, 21 },
		{ 2, 18, 19, 21, 23 },
		{ 2, 18, 21, 22, 23 },
		{ 2, 18, 21, 23, 25 },
		{ 3, 5, 8, 9, 25 },
		{ 3, 8, 10, 15, 25 },
		{ 3, 8, 11, 21, 25 },
		{ 3, 8, 15, 21, 25 },
		{ 3, 16, 17, 18, 20 },
		{ 3, 17, 18, 19, 21 },
		{ 3, 17, 18, 20, 21 },
		{ 3, 18, 19, 20, 21 },
		{ 4, 6, 9, 18, 19 },
		{ 4, 6, 11, 18, 19 },
		{ 4, 6, 12, 16, 23 },
		{ 4, 6, 12, 18, 19 },
		{ 4, 6, 12, 18, 21 },
		{ 4, 6, 12, 18, 23 },
		{ 4, 6, 12, 19, 25 },
		{ 4, 6, 14, 18, 19 },
		{ 4, 6, 14, 18, 21 },
		{ 4, 6, 16, 19, 25 },
		{ 4, 6, 18, 19, 23 },
		{ 4, 6, 18, 19, 25 },
		{ 4, 7, 8, 13, 22 },
		{ 4, 7, 8, 20, 22 },
		{ 4, 7, 8, 20, 25 },
		{ 4, 7, 10, 20, 22 },
		{ 4, 7, 12, 20, 22 },
		{ 4, 7, 15, 20, 22 },
		{ 4, 8, 13, 22, 25 },
		{ 4, 8, 16, 22, 25 },
		{ 4, 8, 20, 22, 25 },
		{ 4, 9, 12, 23, 25 },
		{ 4, 9, 16, 18, 19 },
		{ 4, 9, 16, 19, 25 },
		{ 4, 9, 18, 19, 23 },
		{ 4, 10, 13, 18, 22 },
		{ 4, 10, 13, 18, 23 },
		{ 4, 10, 17, 20, 22 },
		{ 4, 10, 18, 20, 22 },
		{ 4, 10, 20, 22, 25 },
		{ 4, 11, 12, 16, 23 },
		{ 4, 11, 12, 18, 23 },
		{ 4, 11, 12, 19, 25 },
		{ 4, 11, 12, 23, 25 },
		{ 4, 11, 14, 18, 23 },
		{ 4, 11, 14, 18, 25 },
		{ 4, 11, 14, 19, 25 },
		{ 4, 11, 14, 23, 25 },
		{ 4, 11, 18, 19, 23 },
		{ 4, 11, 18, 19, 25 },
		{ 4, 11, 19, 21, 25 },
		{ 4, 12, 13, 18, 23 },
		{ 4, 12, 15, 20, 22 },
		{ 4, 12, 16, 18, 19 },
		{ 4, 12, 16, 18, 23 },
		{ 4, 12, 16, 18, 25 },
		{ 4, 12, 16, 19, 25 },
		{ 4, 12, 16, 23, 25 },
		{ 4, 12, 17, 20, 22 },
		{ 4, 12, 17, 22, 23 },
		{ 4, 12, 18, 20, 22 },
		{ 4, 12, 18, 22, 23 },
		{ 4, 12, 18, 23, 24 },
		{ 4, 12, 18, 23, 25 },
		{ 4, 13, 18, 19, 23 },
		{ 4, 13, 18, 21, 23 },
		{ 4, 13, 18, 22, 23 },
		{ 4, 14, 16, 18, 19 },
		{ 4, 14, 16, 19, 25 },
		{ 4, 14, 18, 19, 25 },
		{ 4, 14, 18, 23, 24 },
		{ 4, 15, 17, 19, 25 },
		{ 4, 15, 18, 21, 23 },
		{ 4, 15, 20, 21, 24 },
		{ 4, 15, 20, 21, 25 },
		{ 4, 15, 20, 22, 25 },
		{ 4, 16, 18, 19, 23 },
		{ 4, 16, 18, 19, 25 },
		{ 4, 16, 18, 21, 23 },
		{ 4, 16, 18, 21, 25 },
		{ 4, 16, 19, 21, 23 },
		{ 4, 16, 19, 21, 25 },
		{ 4, 16, 19, 23, 25 },
		{ 4, 16, 20, 22, 25 },
		{ 4, 18, 19, 21, 25 },
		{ 4, 18, 19, 23, 24 },
		{ 4, 18, 19, 23, 25 },
		{ 4, 18, 20, 21, 24 },
		{ 4, 18, 21, 23, 24 },
		{ 4, 18, 21, 23, 25 },
		{ 5, 6, 8, 9, 25 },
		{ 5, 6, 8, 15, 22 },
		{ 5, 6, 8, 15, 25 },
		{ 5, 12, 18, 22, 23 },
		{ 5, 14, 18, 23, 24 },
		{ 5, 15, 17, 19, 25 },
		{ 6, 8, 10, 15, 25 },
		{ 6, 8, 15, 21, 25 },
		{ 6, 9, 12, 18, 19 },
		{ 6, 9, 14, 23, 25 },
		{ 6, 11, 14, 18, 23 },
		{ 6, 11, 14, 19, 25 },
		{ 6, 11, 14, 23, 25 },
		{ 6, 12, 14, 18, 19 },
		{ 6, 12, 14, 18, 21 },
		{ 6, 12, 18, 19, 21 },
		{ 6, 12, 19, 23, 25 },
		{ 6, 14, 18, 23, 24 },
		{ 6, 14, 18, 23, 25 },
		{ 6, 16, 18, 19, 23 },
		{ 7, 8, 20, 22, 25 },
		{ 7, 10, 12, 20, 22 },
		{ 7, 10, 18, 21, 24 },
		{ 7, 10, 20, 21, 24 },
		{ 7, 10, 20, 22, 25 },
		{ 7, 11, 20, 21, 24 },
		{ 7, 12, 15, 20, 22 },
		{ 7, 15, 18, 20, 21 },
		{ 7, 15, 20, 21, 24 },
		{ 7, 15, 20, 22, 25 },
		{ 7, 18, 20, 21, 24 },
		{ 7, 18, 21, 23, 24 },
		{ 8, 9, 10, 23, 25 },
		{ 8, 9, 19, 23, 25 },
		{ 8, 10, 11, 19, 25 },
		{ 8, 10, 11, 22, 25 },
		{ 8, 10, 11, 23, 25 },
		{ 8, 11, 15, 21, 25 },
		{ 8, 11, 19, 23, 25 },
		{ 8, 11, 21, 24, 25 },
		{ 8, 11, 22, 23, 25 },
		{ 8, 15, 20, 21, 25 },
		{ 8, 16, 20, 22, 25 },
		{ 8, 19, 22, 23, 25 },
		{ 8, 19, 23, 24, 25 },
		{ 8, 20, 22, 24, 25 },
		{ 9, 11, 14, 18, 23 },
		{ 9, 11, 19, 22, 25 },
		{ 9, 11, 20, 21, 25 },
		{ 9, 11, 20, 24, 25 },
		{ 9, 11, 21, 24, 25 },
		{ 9, 12, 16, 23, 25 },
		{ 9, 14, 18, 23, 25 },
		{ 9, 16, 18, 19, 23 },
		{ 9, 16, 18, 19, 25 },
		{ 9, 18, 19, 23, 24 },
		{ 9, 19, 22, 23, 24 },
		{ 9, 19, 23, 24, 25 },
		{ 9, 20, 21, 24, 25 },
		{ 10, 11, 19, 22, 25 },
		{ 10, 11, 19, 23, 25 },
		{ 10, 12, 18, 20, 22 },
		{ 10, 13, 17, 19, 21 },
		{ 10, 15, 17, 19, 21 },
		{ 10, 15, 20, 22, 25 },
		{ 10, 19, 22, 23, 25 },
		{ 10, 19, 23, 24, 25 },
		{ 10, 20, 22, 24, 25 },
		{ 11, 12, 14, 18, 23 },
		{ 11, 12, 14, 18, 25 },
		{ 11, 12, 16, 18, 23 },
		{ 11, 12, 16, 23, 25 },
		{ 11, 12, 18, 23, 25 },
		{ 11, 12, 19, 21, 25 },
		{ 11, 14, 16, 18, 25 },
		{ 11, 14, 16, 19, 25 },
		{ 11, 14, 16, 23, 25 },
		{ 11, 14, 18, 23, 25 },
		{ 11, 14, 19, 23, 25 },
		{ 11, 14, 21, 23, 25 },
		{ 11, 15, 17, 19, 25 },
		{ 11, 15, 20, 21, 24 },
		{ 11, 16, 18, 19, 23 },
		{ 11, 16, 18, 19, 25 },
		{ 11, 16, 19, 21, 25 },
		{ 11, 16, 19, 23, 25 },
		{ 11, 16, 20, 22, 25 },
		{ 11, 17, 18, 21, 22 },
		{ 11, 17, 18, 21, 23 },
		{ 11, 17, 21, 22, 23 },
		{ 11, 17, 21, 22, 25 },
		{ 11, 18, 19, 23, 25 },
		{ 11, 18, 20, 21, 23 },
		{ 11, 18, 20, 21, 24 },
		{ 11, 18, 21, 22, 23 },
		{ 11, 18, 21, 23, 24 },
		{ 11, 18, 21, 23, 25 },
		{ 11, 19, 20, 23, 25 },
		{ 11, 19, 22, 23, 24 },
		{ 11, 19, 22, 23, 25 },
		{ 11, 19, 22, 24, 25 },
		{ 11, 19, 23, 24, 25 },
		{ 11, 20, 21, 22, 25 },
		{ 11, 20, 21, 24, 25 },
		{ 11, 20, 22, 23, 24 },
		{ 11, 20, 22, 23, 25 },
		{ 11, 20, 22, 24, 25 },
		{ 11, 20, 23, 24, 25 },
		{ 11, 21, 22, 23, 25 },
		{ 11, 21, 22, 24, 25 },
		{ 11, 21, 23, 24, 25 },
		{ 12, 13, 16, 17, 19 },
		{ 12, 13, 16, 18, 19 },
		{ 12, 14, 18, 23, 24 },
		{ 12, 15, 16, 17, 19 },
		{ 12, 15, 16, 17, 20 },
		{ 12, 15, 16, 17, 22 },
		{ 12, 15, 16, 20, 22 },
		{ 12, 15, 17, 18, 25 },
		{ 12, 15, 17, 19, 21 },
		{ 12, 15, 17, 19, 22 },
		{ 12, 15, 20, 21, 25 },
		{ 12, 16, 17, 18, 19 },
		{ 12, 16, 17, 18, 20 },
		{ 12, 16, 17, 18, 25 },
		{ 12, 16, 17, 19, 20 },
		{ 12, 16, 17, 19, 22 },
		{ 12, 16, 17, 19, 25 },
		{ 12, 16, 18, 23, 24 },
		{ 12, 16, 21, 23, 24 },
		{ 12, 17, 18, 19, 21 },
		{ 12, 17, 18, 19, 23 },
		{ 12, 17, 18, 20, 21 },
		{ 12, 17, 18, 20, 23 },
		{ 12, 17, 18, 21, 23 },
		{ 12, 17, 19, 21, 23 },
		{ 12, 17, 20, 21, 23 },
		{ 12, 18, 21, 23, 24 },
		{ 12, 21, 23, 24, 25 },
		{ 13, 15, 20, 21, 25 },
		{ 13, 16, 18, 21, 23 },
		{ 13, 16, 18, 23, 24 },
		{ 13, 17, 18, 19, 21 },
		{ 13, 17, 18, 19, 22 },
		{ 13, 17, 18, 19, 23 },
		{ 13, 17, 18, 20, 23 },
		{ 13, 17, 18, 21, 23 },
		{ 13, 17, 18, 21, 24 },
		{ 13, 17, 18, 23, 24 },
		{ 13, 18, 21, 23, 24 },
		{ 13, 18, 21, 23, 25 },
		{ 13, 18, 23, 24, 25 },
		{ 13, 21, 23, 24, 25 },
		{ 14, 15, 16, 20, 25 },
		{ 14, 16, 18, 23, 24 },
		{ 14, 17, 18, 19, 21 },
		{ 14, 17, 18, 23, 24 },
		{ 14, 18, 20, 21, 23 },
		{ 14, 18, 21, 23, 24 },
		{ 14, 21, 23, 24, 25 },
		{ 15, 16, 17, 18, 19 },
		{ 15, 16, 17, 18, 21 },
		{ 15, 16, 17, 18, 25 },
		{ 15, 16, 17, 19, 21 },
		{ 15, 16, 17, 19, 25 },
		{ 15, 16, 17, 20, 25 },
		{ 15, 16, 18, 21, 23 },
		{ 15, 16, 20, 22, 25 },
		{ 15, 16, 21, 23, 24 },
		{ 15, 17, 18, 19, 21 },
		{ 15, 17, 18, 19, 25 },
		{ 15, 17, 18, 20, 21 },
		{ 15, 17, 18, 20, 25 },
		{ 15, 17, 18, 21, 22 },
		{ 15, 17, 18, 21, 23 },
		{ 15, 17, 19, 20, 21 },
		{ 15, 17, 19, 20, 25 },
		{ 15, 17, 19, 21, 22 },
		{ 15, 17, 19, 21, 23 },
		{ 15, 17, 19, 21, 25 },
		{ 15, 17, 20, 21, 23 },
		{ 15, 17, 20, 21, 25 },
		{ 15, 18, 19, 20, 21 },
		{ 15, 18, 19, 21, 23 },
		{ 15, 18, 23, 24, 25 },
		{ 15, 20, 21, 24, 25 },
		{ 15, 21, 23, 24, 25 },
		{ 16, 17, 18, 19, 22 },
		{ 16, 17, 18, 19, 25 },
		{ 16, 17, 18, 20, 25 },
		{ 16, 17, 18, 21, 23 },
		{ 16, 17, 18, 21, 24 },
		{ 16, 17, 19, 22, 25 },
		{ 16, 18, 21, 23, 24 },
		{ 16, 19, 21, 23, 24 },
		{ 16, 21, 22, 23, 24 },
		{ 16, 21, 23, 24, 25 },
		{ 17, 18, 19, 21, 23 },
		{ 17, 18, 19, 21, 24 },
		{ 17, 18, 19, 22, 24 },
		{ 17, 18, 20, 21, 23 },
		{ 17, 18, 20, 21, 24 },
		{ 17, 18, 21, 23, 24 },
		{ 17, 18, 21, 23, 25 },
		{ 17, 19, 21, 23, 24 },
		{ 17, 20, 21, 22, 23 },
		{ 17, 20, 21, 23, 25 },
		{ 17, 21, 23, 24, 25 },
		{ 18, 19, 20, 21, 25 },
		{ 18, 21, 23, 24, 25 }
	}
	vertex orbits: 36
	{
		[ 1 -3 1 -1 1 1 ],
		[ 1 -3 2 -1 2 1 ],
		[ 1 -2 -1 -1 0 -1 ],
		[ 1 -2 1 -1 2 -1 ],
		[ 1 -2 1 0 1 1 ],
		[ 1 -2 1 1 1 0 ],
		[ 1 -3/2 1/2 -1/2 1/2 1 ],
		[ 1 -3/2 1/2 -1/2 1 -1/2 ],
		[ 1 -1 -1 -1 3 -1 ],
		[ 1 -1 0 -1 0 1 ],
		[ 1 -1 0 0 0 0 ],
		[ 1 -1 0 1 0 -1 ],
		[ 1 -1 1/2 -1/2 1/2 1/2 ],
		[ 1 -1 1 -1 1 -1 ],
		[ 1 -1 1 -1 1 1 ],
		[ 1 -1 1 1 0 0 ],
		[ 1 -1 2 -2 1 1 ],
		[ 1 -1 3 1 2 2 ],
		[ 1 -2/3 1/3 -2/3 1/3 1/3 ],
		[ 1 -1/2 -1/2 -1/2 -1/2 0 ],
		[ 1 -1/2 -1/2 1/2 -1 1/2 ],
		[ 1 -1/2 1/2 -1/2 1/2 0 ],
		[ 1 -1/2 1/2 -1/2 1 -1/2 ],
		[ 1 -1/3 -1/3 -1/3 -1/3 1/3 ],
		[ 1 -1/3 1/3 -2/3 2/3 -1/3 ],
		[ 1 0 -1 0 -1 -1 ],
		[ 1 0 -1 0 0 0 ],
		[ 1 0 1/2 -1/2 1/2 -1/2 ],
		[ 1 1 -1 -1 1 -1 ],
		[ 1 1 -1 -1 2 -2 ],
		[ 1 1 -1 1 -1 -1 ],
		[ 1 2 -1 -1 0 -1 ],
		[ 1 2 -1 0 -1 -1 ],
		[ 1 2 -1 1 -2 -1 ],
		[ 1 3 -1 -1 -1 -1 ],
		[ 1 3 -1 1 -2 -2 ]
	}
	ray orbits: 0
	{}
}
number threads: 2
total running time: 10030 ms
