Matrix:	(8,6)
[ [ 1 -1 -1 1 -1 -1 ]
  [ 1 -1 1 1 -1 -1 ]
  [ 1 1 -1 1 -1 -1 ]
  [ 1 1 -1 1 -1 1 ]
  [ 1 1 -1 1 1 -1 ]
  [ 1 1 1 1 -1 -1 ]
  [ 1 1 1 1 -1 1 ]
  [ 1 1 1 1 1 -1 ] ]
Group:	4
{
	(1,4)(2,7),
	(1,7)(2,4)(3,6)(5,8),
	(1,2)(3,6)(4,8)(5,7),
	(4,5)(7,8)
}
Gram Matrix:	| 1 2 2 3 3 3 0 0 | 2 1 3 0 0 2 3 3 | 2 3 1 2 2 2 3 3 | 3 0 2 1 3 3 2 0 | 3 0 2 3 1 3 0 2 | 3 2 2 3 3 1 2 2 | 0 3 3 2 0 2 1 3 | 0 3 3 0 2 2 3 1 |
# cobases: 1 (0 ms) { 2, 5, 6, 7, 8 }
# vertices: 1 (0 ms) [ 1 0 0 -1 0 0 ]
# rays: 1 (0 ms) [ 0 0 -1 1 0 0 ]
# rays: 2 (0 ms) [ 0 -1 0 1 0 0 ]
# rays: 3 (0 ms) [ 0 0 0 1 0 1 ]
# rays: 4 (0 ms) [ 0 1 0 -1 -1 -1 ]
# cobases: 2 (0 ms) { 1, 5, 6, 7, 8 }
# cobases: 3 (0 ms) { 1, 2, 6, 7, 8 }
# cobases: 4 (0 ms) { 2, 3, 6, 7, 8 }
# cobases: 5 (0 ms) { 2, 4, 6, 7, 8 }
# cobases: 6 (0 ms) { 2, 3, 5, 7, 8 }
# cobases: 7 (0 ms) { 2, 4, 5, 6, 8 }
# cobases: 8 (0 ms) { 1, 2, 5, 6, 7 }
# cobases: 9 (0 ms) { 2, 3, 5, 6, 7 }
# cobases: 10 (0 ms) { 2, 4, 5, 6, 7 }
# rays: 5 (0 ms) [ 0 0 0 1 1 0 ]
# cobases: 11 (0 ms) { 1, 4, 5, 6, 7 }
# cobases: 12 (0 ms) { 2, 3, 4, 5, 7 }
# cobases: 13 (0 ms) { 1, 2, 4, 5, 6 }
# cobases: 14 (0 ms) { 2, 3, 4, 5, 6 }
# cobases: 15 (0 ms) { 1, 3, 4, 5, 6 }
# cobases: 16 (0 ms) { 2, 3, 4, 6, 8 }
# cobases: 17 (0 ms) { 1, 2, 3, 4, 5 }
# cobases: 18 (0 ms) { 2, 3, 4, 5, 8 }
# cobases: 19 (0 ms) { 1, 3, 4, 5, 8 }
# cobases: 20 (0 ms) { 1, 2, 3, 4, 8 }
# cobases: 21 (0 ms) { 2, 3, 4, 7, 8 }
# cobases: 22 (0 ms) { 1, 3, 4, 7, 8 }
# cobases: 23 (0 ms) { 1, 2, 3, 7, 8 }
# cobases: 24 (0 ms) { 1, 3, 5, 7, 8 }
# cobases: 25 (0 ms) { 1, 3, 6, 7, 8 }
# cobases: 26 (0 ms) { 1, 2, 3, 5, 7 }
# cobases: 27 (0 ms) { 1, 3, 4, 5, 7 }
# cobases: 28 (0 ms) { 1, 3, 5, 6, 7 }
# rays: 6 (0 ms) [ 0 0 1 1 0 0 ]
# cobases: 29 (0 ms) { 1, 4, 6, 7, 8 }
# cobases: 30 (0 ms) { 1, 3, 4, 6, 8 }
# cobases: 31 (0 ms) { 1, 2, 4, 6, 8 }
# cobases: 32 (0 ms) { 1, 4, 5, 6, 8 }

results: 
{
	dimension: 5
	initial cobasis: { 2, 5, 6, 7, 8 }
	symmetry generators: 4
	{
		(1,4)(2,7),
		(1,7)(2,4)(3,6)(5,8),
		(1,2)(3,6)(4,8)(5,7),
		(4,5)(7,8)
	}
	basis orbits: 32
	{
		{ 1, 2, 3, 4, 5 },
		{ 1, 2, 3, 4, 8 },
		{ 1, 2, 3, 5, 7 },
		{ 1, 2, 3, 7, 8 },
		{ 1, 2, 4, 5, 6 },
		{ 1, 2, 4, 6, 8 },
		{ 1, 2, 5, 6, 7 },
		{ 1, 2, 6, 7, 8 },
		{ 1, 3, 4, 5, 6 },
		{ 1, 3, 4, 5, 7 },
		{ 1, 3, 4, 5, 8 },
		{ 1, 3, 4, 6, 8 },
		{ 1, 3, 4, 7, 8 },
		{ 1, 3, 5, 6, 7 },
		{ 1, 3, 5, 7, 8 },
		{ 1, 3, 6, 7, 8 },
		{ 1, 4, 5, 6, 7 },
		{ 1, 4, 5, 6, 8 },
		{ 1, 4, 6, 7, 8 },
		{ 1, 5, 6, 7, 8 },
		{ 2, 3, 4, 5, 6 },
		{ 2, 3, 4, 5, 7 },
		{ 2, 3, 4, 5, 8 },
		{ 2, 3, 4, 6, 8 },
		{ 2, 3, 4, 7, 8 },
		{ 2, 3, 5, 6, 7 },
		{ 2, 3, 5, 7, 8 },
		{ 2, 3, 6, 7, 8 },
		{ 2, 4, 5, 6, 7 },
		{ 2, 4, 5, 6, 8 },
		{ 2, 4, 6, 7, 8 },
		{ 2, 5, 6, 7, 8 }
	}
	vertex orbits: 1
	{
		[ 1 0 0 -1 0 0 ]
	}
	ray orbits: 6
	{
		[ 0 -1 0 1 0 0 ],
		[ 0 0 -1 1 0 0 ],
		[ 0 0 0 1 0 1 ],
		[ 0 0 0 1 1 0 ],
		[ 0 0 1 1 0 0 ],
		[ 0 1 0 -1 -1 -1 ]
	}
}
total running time: 0 ms
