Matrix:	(16,6)
[ [ 1 -1 -1 1 -1 -1 ]
  [ 1 -1 -1 1 -1 1 ]
  [ 1 -1 1 -1 -1 -1 ]
  [ 1 -1 1 -1 -1 1 ]
  [ 1 -1 1 1 -1 1 ]
  [ 1 -1 1 1 1 -1 ]
  [ 1 -1 1 1 1 1 ]
  [ 1 1 -1 -1 -1 -1 ]
  [ 1 1 -1 -1 -1 1 ]
  [ 1 1 -1 1 -1 1 ]
  [ 1 1 -1 1 1 -1 ]
  [ 1 1 -1 1 1 1 ]
  [ 1 1 1 -1 -1 1 ]
  [ 1 1 1 -1 1 -1 ]
  [ 1 1 1 -1 1 1 ]
  [ 1 1 1 1 1 1 ] ]
Group:	5
{
	(3,8)(4,9)(5,10)(6,11)(7,12),
	(1,3)(2,4)(10,13)(11,14)(12,15),
	(3,6)(4,7)(8,11)(9,12)(13,16),
	(1,8)(2,9)(5,13)(6,14)(7,15),
	(1,6)(2,7)(8,14)(9,15)(10,16)
}
Gram Matrix:	| 1 2 3 0 3 3 0 3 0 3 3 0 -4 -4 -5 -4 | 2 1 0 3 2 0 3 0 3 2 0 3 0 -5 -4 0 | 3 0 1 2 3 3 0 3 0 -4 -4 -5 3 3 0 -4 | 0 3 2 1 2 0 3 0 3 0 -5 -4 2 0 3 0 | 3 2 3 2 1 3 2 -4 0 3 -4 0 3 -4 0 3 | 3 0 3 0 3 1 2 -4 -5 -4 3 0 -4 3 0 3 | 0 3 0 3 2 2 1 -5 -4 0 0 3 0 0 3 2 | 3 0 3 0 -4 -4 -5 1 2 3 3 0 3 3 0 -4 | 0 3 0 3 0 -5 -4 2 1 2 0 3 2 0 3 0 | 3 2 -4 0 3 -4 0 3 2 1 3 2 3 -4 0 3 | 3 0 -4 -5 -4 3 0 3 0 3 1 2 -4 3 0 3 | 0 3 -5 -4 0 0 3 0 3 2 2 1 0 0 3 2 | -4 0 3 2 3 -4 0 3 2 3 -4 0 1 3 2 3 | -4 -5 3 0 -4 3 0 3 0 -4 3 0 3 1 2 3 | -5 -4 0 3 0 0 3 0 3 0 0 3 2 2 1 2 | -4 0 -4 0 3 3 2 -4 0 3 3 2 3 3 2 1 |
# cobases: 1 (0 ms) { 12, 13, 14, 15, 16 }
# vertices: 1 (0 ms) [ 1 -1 0 0 0 0 ]
# cobases: 2 (0 ms) { 8, 13, 14, 15, 16 }
# cobases: 3 (0 ms) { 10, 13, 14, 15, 16 }
# cobases: 4 (0 ms) { 7, 12, 14, 15, 16 }
# vertices: 2 (0 ms) [ 1 0 0 0 -1 0 ]
# cobases: 5 (0 ms) { 8, 12, 14, 15, 16 }
# cobases: 6 (0 ms) { 9, 12, 14, 15, 16 }
# cobases: 7 (0 ms) { 10, 12, 14, 15, 16 }
# cobases: 8 (0 ms) { 7, 12, 13, 15, 16 }
# vertices: 3 (0 ms) [ 1 0 0 0 0 -1 ]
# cobases: 9 (0 ms) { 8, 12, 13, 15, 16 }
# cobases: 10 (0 ms) { 1, 12, 13, 14, 16 }
# vertices: 4 (0 ms) [ 1 -2 0 -1 1 1 ]
# cobases: 11 (0 ms) { 4, 12, 13, 14, 16 }
# vertices: 5 (0 ms) [ 1 0 0 1 -1 -1 ]
# cobases: 12 (0 ms) { 8, 12, 13, 14, 16 }
# cobases: 13 (0 ms) { 10, 12, 13, 14, 16 }
# cobases: 14 (0 ms) { 11, 12, 13, 14, 16 }
# cobases: 15 (0 ms) { 5, 12, 13, 14, 15 }
# vertices: 6 (0 ms) [ 1 -1 -1 -1 0 0 ]
# cobases: 16 (0 ms) { 8, 12, 13, 14, 15 }
# rays: 1 (0 ms) [ 0 1 1 1 -1 0 ]
# cobases: 17 (0 ms) { 7, 12, 13, 14, 15 }
# cobases: 18 (0 ms) { 8, 11, 13, 14, 15 }
# cobases: 19 (0 ms) { 5, 8, 12, 14, 15 }
# vertices: 7 (0 ms) [ 1 -2 -1 -1 1 0 ]
# cobases: 20 (0 ms) { 8, 10, 12, 14, 15 }
# cobases: 21 (0 ms) { 4, 8, 12, 13, 14 }
# vertices: 8 (0 ms) [ 1 0 1 2 -1 -1 ]
# cobases: 22 (0 ms) { 6, 8, 12, 13, 14 }
# vertices: 9 (0 ms) [ 1 -2 -1 -2 1 1 ]
# cobases: 23 (0 ms) { 8, 11, 12, 13, 14 }
# cobases: 24 (0 ms) { 7, 11, 12, 13, 14 }
# cobases: 25 (0 ms) { 6, 8, 11, 13, 14 }
# vertices: 10 (0 ms) [ 1 -1 -1 -1 1 1 ]
# cobases: 26 (0 ms) { 5, 8, 11, 12, 14 }
# cobases: 27 (0 ms) { 5, 11, 12, 13, 14 }
# cobases: 28 (0 ms) { 1, 5, 8, 12, 14 }
# cobases: 29 (0 ms) { 4, 5, 8, 12, 14 }
# vertices: 11 (0 ms) [ 1 -2 -1 0 1 -1 ]
# cobases: 30 (0 ms) { 5, 8, 11, 14, 16 }
# cobases: 31 (0 ms) { 6, 8, 11, 14, 16 }
# cobases: 32 (0 ms) { 5, 6, 11, 14, 16 }
# cobases: 33 (0 ms) { 5, 7, 11, 14, 16 }
# vertices: 12 (0 ms) [ 1 0 -1 -1 0 1 ]
# cobases: 34 (0 ms) { 5, 10, 11, 14, 16 }
# cobases: 35 (0 ms) { 1, 5, 8, 14, 16 }
# cobases: 36 (0 ms) { 5, 6, 8, 14, 16 }
# cobases: 37 (0 ms) { 1, 5, 8, 11, 14 }
# rays: 1 (0 ms) [ 0 1 1 1 -1 0 ]
# cobases: 38 (0 ms) { 1, 5, 7, 11, 14 }
# rays: 1 (10 ms) [ 0 1 1 1 -1 0 ]
# cobases: 39 (10 ms) { 5, 7, 11, 14, 15 }
# cobases: 40 (10 ms) { 1, 7, 11, 14, 16 }
# cobases: 41 (10 ms) { 1, 4, 5, 7, 14 }
# vertices: 13 (10 ms) [ 1 1 -1 0 0 1 ]
# cobases: 42 (10 ms) { 1, 5, 7, 14, 16 }
# cobases: 43 (10 ms) { 1, 5, 13, 14, 16 }
# cobases: 44 (10 ms) { 5, 10, 13, 14, 16 }
# cobases: 45 (10 ms) { 1, 5, 6, 14, 16 }
# cobases: 46 (10 ms) { 1, 5, 12, 13, 14 }
# cobases: 47 (10 ms) { 5, 8, 12, 13, 14 }
# cobases: 48 (10 ms) { 1, 7, 12, 13, 14 }
# vertices: 14 (10 ms) [ 1 -2 -2 -3 1 1 ]
# rays: 1 (10 ms) [ 0 1 1 1 -1 0 ]
# cobases: 49 (10 ms) { 7, 12, 13, 14, 16 }
# cobases: 50 (10 ms) { 1, 7, 12, 13, 16 }
# vertices: 15 (10 ms) [ 1 0 0 -1 1 -1 ]
# cobases: 51 (10 ms) { 1, 4, 12, 13, 16 }
# cobases: 52 (10 ms) { 1, 4, 7, 12, 16 }
# cobases: 53 (10 ms) { 1, 4, 7, 12, 13 }
# rays: 1 (10 ms) [ 0 1 1 1 -1 0 ]
# cobases: 54 (10 ms) { 4, 7, 12, 13, 15 }
# cobases: 55 (10 ms) { 1, 4, 8, 12, 13 }
# vertices: 16 (10 ms) [ 1 0 1 0 1 -1 ]
# rays: 1 (10 ms) [ 0 1 1 1 -1 0 ]
# cobases: 56 (10 ms) { 4, 5, 8, 12, 13 }
# cobases: 57 (20 ms) { 4, 5, 12, 13, 16 }
# cobases: 58 (20 ms) { 5, 7, 12, 13, 16 }
# cobases: 59 (20 ms) { 5, 10, 12, 13, 16 }
# cobases: 60 (20 ms) { 2, 4, 12, 13, 16 }
# cobases: 61 (20 ms) { 4, 12, 13, 15, 16 }
# cobases: 62 (20 ms) { 2, 4, 5, 12, 13 }
# cobases: 63 (20 ms) { 2, 5, 7, 12, 13 }
# cobases: 64 (20 ms) { 2, 4, 7, 12, 13 }
# cobases: 65 (20 ms) { 2, 4, 5, 7, 12 }
# rays: 1 (20 ms) [ 0 1 1 1 -1 0 ]
# rays: 1 (20 ms) [ 0 1 1 1 -1 0 ]
# cobases: 66 (20 ms) { 4, 7, 12, 13, 14 }
# rays: 1 (20 ms) [ 0 1 1 1 -1 0 ]
# cobases: 67 (20 ms) { 4, 9, 12, 13, 14 }
# rays: 1 (20 ms) [ 0 1 1 1 -1 0 ]
# cobases: 68 (20 ms) { 5, 7, 12, 13, 14 }
# cobases: 69 (20 ms) { 5, 10, 12, 13, 14 }
# cobases: 70 (20 ms) { 5, 7, 11, 13, 14 }
# cobases: 71 (20 ms) { 5, 6, 7, 12, 14 }
# cobases: 72 (20 ms) { 5, 7, 12, 14, 15 }
# cobases: 73 (20 ms) { 5, 7, 11, 12, 13 }
# cobases: 74 (20 ms) { 5, 10, 11, 12, 13 }
# cobases: 75 (30 ms) { 5, 6, 7, 11, 13 }
# cobases: 76 (30 ms) { 6, 7, 11, 13, 14 }
# cobases: 77 (30 ms) { 5, 6, 7, 11, 14 }
# rays: 1 (30 ms) [ 0 1 1 1 -1 0 ]
# cobases: 78 (30 ms) { 6, 7, 11, 14, 16 }
# rays: 1 (30 ms) [ 0 1 1 1 -1 0 ]
# cobases: 79 (30 ms) { 7, 11, 12, 14, 16 }
# rays: 1 (30 ms) [ 0 1 1 1 -1 0 ]
# rays: 1 (30 ms) [ 0 1 1 1 -1 0 ]
# rays: 1 (40 ms) [ 0 1 1 1 -1 0 ]
# cobases: 80 (40 ms) { 5, 9, 12, 14, 15 }
# rays: 1 (40 ms) [ 0 1 1 1 -1 0 ]
# rays: 1 (40 ms) [ 0 1 1 1 -1 0 ]
# rays: 1 (40 ms) [ 0 1 1 1 -1 0 ]
# rays: 1 (50 ms) [ 0 1 1 1 -1 0 ]
# rays: 1 (50 ms) [ 0 1 1 1 -1 0 ]
# rays: 1 (50 ms) [ 0 1 1 1 -1 0 ]
# rays: 1 (60 ms) [ 0 1 1 1 -1 0 ]
# rays: 1 (60 ms) [ 0 1 1 1 -1 0 ]
# rays: 1 (60 ms) [ 0 1 1 1 -1 0 ]
# rays: 1 (60 ms) [ 0 1 1 1 -1 0 ]
# rays: 1 (70 ms) [ 0 1 1 1 -1 0 ]
# rays: 1 (70 ms) [ 0 1 1 1 -1 0 ]
# rays: 1 (70 ms) [ 0 1 1 1 -1 0 ]
# cobases: 81 (70 ms) { 9, 10, 12, 14, 15 }
# rays: 1 (70 ms) [ 0 1 1 1 -1 0 ]
# cobases: 82 (80 ms) { 1, 9, 12, 14, 16 }
# rays: 1 (80 ms) [ 0 1 1 1 -1 0 ]
# rays: 1 (90 ms) [ 0 1 1 1 -1 0 ]

results: 
{
	dimension: 5
	initial cobasis: { 12, 13, 14, 15, 16 }
	symmetry generators: 5
	{
		(3,8)(4,9)(5,10)(6,11)(7,12),
		(1,3)(2,4)(10,13)(11,14)(12,15),
		(3,6)(4,7)(8,11)(9,12)(13,16),
		(1,8)(2,9)(5,13)(6,14)(7,15),
		(1,6)(2,7)(8,14)(9,15)(10,16)
	}
	basis orbits: 82
	{
		{ 1, 4, 5, 7, 14 },
		{ 1, 4, 7, 12, 13 },
		{ 1, 4, 7, 12, 16 },
		{ 1, 4, 8, 12, 13 },
		{ 1, 4, 12, 13, 16 },
		{ 1, 5, 6, 14, 16 },
		{ 1, 5, 7, 11, 14 },
		{ 1, 5, 7, 14, 16 },
		{ 1, 5, 8, 11, 14 },
		{ 1, 5, 8, 12, 14 },
		{ 1, 5, 8, 14, 16 },
		{ 1, 5, 12, 13, 14 },
		{ 1, 5, 13, 14, 16 },
		{ 1, 7, 11, 14, 16 },
		{ 1, 7, 12, 13, 14 },
		{ 1, 7, 12, 13, 16 },
		{ 1, 9, 12, 14, 16 },
		{ 1, 12, 13, 14, 16 },
		{ 2, 4, 5, 7, 12 },
		{ 2, 4, 5, 12, 13 },
		{ 2, 4, 7, 12, 13 },
		{ 2, 4, 12, 13, 16 },
		{ 2, 5, 7, 12, 13 },
		{ 4, 5, 8, 12, 13 },
		{ 4, 5, 8, 12, 14 },
		{ 4, 5, 12, 13, 16 },
		{ 4, 7, 12, 13, 14 },
		{ 4, 7, 12, 13, 15 },
		{ 4, 8, 12, 13, 14 },
		{ 4, 9, 12, 13, 14 },
		{ 4, 12, 13, 14, 16 },
		{ 4, 12, 13, 15, 16 },
		{ 5, 6, 7, 11, 13 },
		{ 5, 6, 7, 11, 14 },
		{ 5, 6, 7, 12, 14 },
		{ 5, 6, 8, 14, 16 },
		{ 5, 6, 11, 14, 16 },
		{ 5, 7, 11, 12, 13 },
		{ 5, 7, 11, 13, 14 },
		{ 5, 7, 11, 14, 15 },
		{ 5, 7, 11, 14, 16 },
		{ 5, 7, 12, 13, 14 },
		{ 5, 7, 12, 13, 16 },
		{ 5, 7, 12, 14, 15 },
		{ 5, 8, 11, 12, 14 },
		{ 5, 8, 11, 14, 16 },
		{ 5, 8, 12, 13, 14 },
		{ 5, 8, 12, 14, 15 },
		{ 5, 9, 12, 14, 15 },
		{ 5, 10, 11, 12, 13 },
		{ 5, 10, 11, 14, 16 },
		{ 5, 10, 12, 13, 14 },
		{ 5, 10, 12, 13, 16 },
		{ 5, 10, 13, 14, 16 },
		{ 5, 11, 12, 13, 14 },
		{ 5, 12, 13, 14, 15 },
		{ 6, 7, 11, 13, 14 },
		{ 6, 7, 11, 14, 16 },
		{ 6, 8, 11, 13, 14 },
		{ 6, 8, 11, 14, 16 },
		{ 6, 8, 12, 13, 14 },
		{ 7, 11, 12, 13, 14 },
		{ 7, 11, 12, 14, 16 },
		{ 7, 12, 13, 14, 15 },
		{ 7, 12, 13, 14, 16 },
		{ 7, 12, 13, 15, 16 },
		{ 7, 12, 14, 15, 16 },
		{ 8, 10, 12, 14, 15 },
		{ 8, 11, 12, 13, 14 },
		{ 8, 11, 13, 14, 15 },
		{ 8, 12, 13, 14, 15 },
		{ 8, 12, 13, 14, 16 },
		{ 8, 12, 13, 15, 16 },
		{ 8, 12, 14, 15, 16 },
		{ 8, 13, 14, 15, 16 },
		{ 9, 10, 12, 14, 15 },
		{ 9, 12, 14, 15, 16 },
		{ 10, 12, 13, 14, 16 },
		{ 10, 12, 14, 15, 16 },
		{ 10, 13, 14, 15, 16 },
		{ 11, 12, 13, 14, 16 },
		{ 12, 13, 14, 15, 16 }
	}
	vertex orbits: 16
	{
		[ 1 -2 -2 -3 1 1 ],
		[ 1 -2 -1 -2 1 1 ],
		[ 1 -2 -1 -1 1 0 ],
		[ 1 -2 -1 0 1 -1 ],
		[ 1 -2 0 -1 1 1 ],
		[ 1 -1 -1 -1 0 0 ],
		[ 1 -1 -1 -1 1 1 ],
		[ 1 -1 0 0 0 0 ],
		[ 1 0 -1 -1 0 1 ],
		[ 1 0 0 -1 1 -1 ],
		[ 1 0 0 0 -1 0 ],
		[ 1 0 0 0 0 -1 ],
		[ 1 0 0 1 -1 -1 ],
		[ 1 0 1 0 1 -1 ],
		[ 1 0 1 2 -1 -1 ],
		[ 1 1 -1 0 0 1 ]
	}
	ray orbits: 1
	{
		[ 0 1 1 1 -1 0 ]
	}
}
total running time: 90 ms
