Matrix:	(8,6)
[ [ 1 -1 -1 1 -1 -1 ]
  [ 1 -1 1 1 -1 -1 ]
  [ 1 1 -1 1 -1 -1 ]
  [ 1 1 -1 1 -1 1 ]
  [ 1 1 -1 1 1 -1 ]
  [ 1 1 1 1 -1 -1 ]
  [ 1 1 1 1 -1 1 ]
  [ 1 1 1 1 1 -1 ] ]
Group:	4
{
	(1,4)(2,7),
	(1,7)(2,4)(3,6)(5,8),
	(1,2)(3,6)(4,8)(5,7),
	(4,5)(7,8)
}
# cobases: 1 (0 ms) { 2, 5, 6, 7, 8 }
# vertices: 1 (0 ms) [ 1 0 0 -1 0 0 ]
# rays: 1 (0 ms) [ 0 0 -1 1 0 0 ]
# rays: 2 (0 ms) [ 0 -1 0 1 0 0 ]
# rays: 3 (0 ms) [ 0 1 0 -1 -1 -1 ]
# cobases: 2 (0 ms) { 1, 5, 6, 7, 8 }
# cobases: 3 (0 ms) { 2, 3, 6, 7, 8 }
# cobases: 4 (0 ms) { 2, 3, 5, 7, 8 }
# cobases: 5 (0 ms) { 2, 3, 5, 6, 7 }

results: 
{
	dimension: 5
	initial cobasis: { 2, 5, 6, 7, 8 }
	symmetry generators: 4
	{
		(1,4)(2,7),
		(1,7)(2,4)(3,6)(5,8),
		(1,2)(3,6)(4,8)(5,7),
		(4,5)(7,8)
	}
	basis orbits: 5
	{
		{ 1, 5, 6, 7, 8 },
		{ 2, 3, 5, 6, 7 },
		{ 2, 3, 5, 7, 8 },
		{ 2, 3, 6, 7, 8 },
		{ 2, 5, 6, 7, 8 }
	}
	vertex orbits: 1
	{
		[ 1 0 0 -1 0 0 ]
	}
	ray orbits: 3
	{
		[ 0 -1 0 1 0 0 ],
		[ 0 0 -1 1 0 0 ],
		[ 0 1 0 -1 -1 -1 ]
	}
}
total running time: 0 ms
