Matrix:	(25,6)
[ [ 1 -1 -1 -1 -1 -1 ]
  [ 1 -1 -1 -1 -1 1 ]
  [ 1 -1 -1 -1 1 -1 ]
  [ 1 -1 -1 1 -1 -1 ]
  [ 1 -1 -1 1 -1 1 ]
  [ 1 -1 -1 1 1 -1 ]
  [ 1 -1 -1 1 1 1 ]
  [ 1 -1 1 -1 -1 -1 ]
  [ 1 -1 1 1 -1 -1 ]
  [ 1 -1 1 1 -1 1 ]
  [ 1 -1 1 1 1 -1 ]
  [ 1 1 -1 -1 -1 -1 ]
  [ 1 1 -1 -1 -1 1 ]
  [ 1 1 -1 -1 1 -1 ]
  [ 1 1 -1 -1 1 1 ]
  [ 1 1 -1 1 -1 1 ]
  [ 1 1 -1 1 1 -1 ]
  [ 1 1 -1 1 1 1 ]
  [ 1 1 1 -1 -1 -1 ]
  [ 1 1 1 -1 -1 1 ]
  [ 1 1 1 -1 1 -1 ]
  [ 1 1 1 1 -1 -1 ]
  [ 1 1 1 1 -1 1 ]
  [ 1 1 1 1 1 -1 ]
  [ 1 1 1 1 1 1 ] ]
Group:	6
{
	(2,8)(5,9)(7,11)(13,19)(15,21)(16,22)(18,24),
	(4,12)(5,13)(6,14)(7,15)(9,19)(10,20)(11,21),
	(2,3,8)(5,6,9)(7,11,10)(13,14,19)(15,21,20)(16,17,22)(18,24,23),
	(1,23)(2,10,8,20)(3,25)(4,22,12,16)(5,9,19,13)(6,24,14,18)(7,11,21,15),
	(3,8)(6,9)(7,10)(14,19)(15,20)(17,22)(18,23),
	(1,5)(3,7)(8,10)(12,16)(14,18)(19,23)(21,25)
}
Gram Matrix:	| 1 2 2 3 4 4 -5 2 4 -5 -5 3 4 4 -5 -6 -6 -7 4 -5 -5 -6 -7 -7 -8 9 | 2 10 11 12 2 -5 11 11 -5 11 -13 12 2 -5 11 12 -14 -5 -5 11 -13 -14 -5 -8 -13 15 | 2 11 10 12 -5 2 11 11 -5 -13 11 12 -5 2 11 -14 12 -5 -5 -13 11 -14 -8 -5 -13 15 | 3 12 12 16 3 3 12 12 3 12 12 17 -6 -6 -14 17 17 -6 -6 -14 -14 17 -6 -6 -14 18 | 4 2 -5 3 1 4 2 -5 4 2 -5 -6 4 -7 -5 3 -6 4 -7 -5 -8 -6 4 -7 -5 9 | 4 -5 2 3 4 1 2 -5 4 -5 2 -6 -7 4 -5 -6 3 4 -7 -8 -5 -6 -7 4 -5 9 | -5 11 11 12 2 2 10 -13 -5 11 11 -14 -5 -5 11 12 12 2 -8 -13 -13 -14 -5 -5 11 15 | 2 11 11 12 -5 -5 -13 10 2 11 11 12 -5 -5 -13 -14 -14 -8 2 11 11 12 -5 -5 -13 15 | 4 -5 -5 3 4 4 -5 2 1 2 2 -6 -7 -7 -8 -6 -6 -7 4 -5 -5 3 4 4 -5 9 | -5 11 -13 12 2 -5 11 11 2 10 11 -14 -5 -8 -13 12 -14 -5 -5 11 -13 12 2 -5 11 15 | -5 -13 11 12 -5 2 11 11 2 11 10 -14 -8 -5 -13 -14 12 -5 -5 -13 11 12 -5 2 11 15 | 3 12 12 17 -6 -6 -14 12 -6 -14 -14 16 3 3 12 17 17 -6 3 12 12 17 -6 -6 -14 18 | 4 2 -5 -6 4 -7 -5 -5 -7 -5 -8 3 1 4 2 3 -6 4 4 2 -5 -6 4 -7 -5 9 | 4 -5 2 -6 -7 4 -5 -5 -7 -8 -5 3 4 1 2 -6 3 4 4 -5 2 -6 -7 4 -5 9 | -5 11 11 -14 -5 -5 11 -13 -8 -13 -13 12 2 2 10 12 12 2 -5 11 11 -14 -5 -5 11 15 | -6 12 -14 17 3 -6 12 -14 -6 12 -14 17 3 -6 12 16 17 3 -6 12 -14 17 3 -6 12 18 | -6 -14 12 17 -6 3 12 -14 -6 -14 12 17 -6 3 12 17 16 3 -6 -14 12 17 -6 3 12 18 | -7 -5 -5 -6 4 4 2 -8 -7 -5 -5 -6 4 4 2 3 3 1 -7 -5 -5 -6 4 4 2 9 | 4 -5 -5 -6 -7 -7 -8 2 4 -5 -5 3 4 4 -5 -6 -6 -7 1 2 2 3 4 4 -5 9 | -5 11 -13 -14 -5 -8 -13 11 -5 11 -13 12 2 -5 11 12 -14 -5 2 10 11 12 2 -5 11 15 | -5 -13 11 -14 -8 -5 -13 11 -5 -13 11 12 -5 2 11 -14 12 -5 2 11 10 12 -5 2 11 15 | -6 -14 -14 17 -6 -6 -14 12 3 12 12 17 -6 -6 -14 17 17 -6 3 12 12 16 3 3 12 18 | -7 -5 -8 -6 4 -7 -5 -5 4 2 -5 -6 4 -7 -5 3 -6 4 4 2 -5 3 1 4 2 9 | -7 -8 -5 -6 -7 4 -5 -5 4 -5 2 -6 -7 4 -5 -6 3 4 4 -5 2 3 4 1 2 9 | -8 -13 -13 -14 -5 -5 11 -13 -5 11 11 -14 -5 -5 11 12 12 2 -5 11 11 12 2 2 10 15 | 9 15 15 18 9 9 15 15 9 15 15 18 9 9 15 18 18 9 9 15 15 18 9 9 15 19 |
# cobases: 1 (0 ms) { 18, 21, 23, 24, 25 }
# vertices: 1 (0 ms) [ 1 -1 0 0 0 0 ]
# cobases: 2 (0 ms) { 11, 21, 23, 24, 25 }
# vertices: 2 (0 ms) [ 1 0 -1 0 0 0 ]
# cobases: 3 (0 ms) { 12, 21, 23, 24, 25 }
# cobases: 4 (0 ms) { 13, 21, 23, 24, 25 }
# cobases: 5 (0 ms) { 14, 21, 23, 24, 25 }
# cobases: 6 (0 ms) { 15, 21, 23, 24, 25 }
# cobases: 7 (0 ms) { 16, 21, 23, 24, 25 }
# cobases: 8 (0 ms) { 17, 21, 23, 24, 25 }
# cobases: 9 (0 ms) { 12, 18, 23, 24, 25 }
# cobases: 10 (0 ms) { 13, 18, 23, 24, 25 }
# cobases: 11 (0 ms) { 2, 18, 21, 23, 25 }
# vertices: 3 (0 ms) [ 1 -1 0 1 0 -1 ]
# cobases: 12 (0 ms) { 4, 18, 21, 23, 25 }
# vertices: 4 (0 ms) [ 1 -1 0 -1 0 1 ]
# cobases: 13 (0 ms) { 13, 18, 21, 23, 25 }
# cobases: 14 (0 ms) { 17, 18, 21, 23, 25 }
# cobases: 15 (0 ms) { 4, 18, 21, 23, 24 }
# vertices: 5 (0 ms) [ 1 -2 1 0 1 1 ]
# cobases: 16 (0 ms) { 7, 18, 21, 23, 24 }
# vertices: 6 (0 ms) [ 1 0 -1 0 -1 -1 ]
# cobases: 17 (0 ms) { 12, 18, 21, 23, 24 }
# cobases: 18 (0 ms) { 13, 18, 21, 23, 24 }
# cobases: 19 (0 ms) { 14, 18, 21, 23, 24 }
# cobases: 20 (0 ms) { 16, 18, 21, 23, 24 }
# cobases: 21 (0 ms) { 17, 18, 21, 23, 24 }
# cobases: 22 (0 ms) { 1, 18, 21, 23, 24 }
# cobases: 23 (0 ms) { 11, 18, 21, 23, 24 }
# cobases: 24 (0 ms) { 12, 17, 21, 23, 24 }
# cobases: 25 (0 ms) { 15, 17, 21, 23, 24 }
# cobases: 26 (0 ms) { 17, 19, 21, 23, 24 }
# cobases: 27 (0 ms) { 17, 21, 22, 23, 24 }
# cobases: 28 (0 ms) { 12, 17, 18, 23, 24 }
# cobases: 29 (0 ms) { 13, 17, 18, 23, 24 }
# cobases: 30 (0 ms) { 14, 17, 18, 23, 24 }
# cobases: 31 (0 ms) { 12, 17, 18, 21, 24 }
# cobases: 32 (0 ms) { 13, 17, 18, 21, 24 }
# cobases: 33 (0 ms) { 16, 17, 18, 21, 24 }
# cobases: 34 (0 ms) { 17, 18, 19, 21, 24 }
# cobases: 35 (0 ms) { 17, 18, 20, 21, 24 }
# cobases: 36 (0 ms) { 2, 17, 18, 21, 23 }
# vertices: 7 (0 ms) [ 1 -2 1 1 1 0 ]
# cobases: 37 (0 ms) { 11, 17, 18, 21, 23 }
# vertices: 8 (0 ms) [ 1 -1/2 -1/2 -1/2 -1/2 0 ]
# cobases: 38 (0 ms) { 12, 17, 18, 21, 23 }
# cobases: 39 (0 ms) { 13, 17, 18, 21, 23 }
# cobases: 40 (0 ms) { 16, 17, 18, 21, 23 }
# cobases: 41 (0 ms) { 17, 18, 19, 21, 23 }
# cobases: 42 (0 ms) { 17, 18, 20, 21, 23 }
# cobases: 43 (0 ms) { 1, 18, 20, 21, 23 }
# cobases: 44 (0 ms) { 11, 18, 20, 21, 23 }
# cobases: 45 (0 ms) { 12, 18, 20, 21, 23 }
# cobases: 46 (0 ms) { 14, 18, 20, 21, 23 }
# cobases: 47 (0 ms) { 12, 17, 20, 21, 23 }
# cobases: 48 (0 ms) { 15, 17, 20, 21, 23 }
# cobases: 49 (0 ms) { 17, 20, 21, 22, 23 }
# cobases: 50 (0 ms) { 17, 20, 21, 23, 25 }
# cobases: 51 (0 ms) { 1, 17, 18, 21, 23 }
# cobases: 52 (0 ms) { 12, 17, 18, 20, 23 }
# cobases: 53 (0 ms) { 13, 17, 18, 20, 23 }
# cobases: 54 (0 ms) { 3, 17, 18, 20, 21 }
# vertices: 9 (0 ms) [ 1 -1 1 1 0 0 ]
# cobases: 55 (0 ms) { 12, 17, 18, 20, 21 }
# cobases: 56 (0 ms) { 15, 17, 18, 20, 21 }
# cobases: 57 (0 ms) { 1, 17, 18, 20, 21 }
# cobases: 58 (0 ms) { 1, 15, 18, 20, 21 }
# cobases: 59 (0 ms) { 11, 15, 18, 20, 21 }
# cobases: 60 (0 ms) { 12, 15, 18, 20, 21 }
# cobases: 61 (0 ms) { 15, 18, 19, 20, 21 }
# cobases: 62 (0 ms) { 15, 18, 20, 21, 25 }
# cobases: 63 (0 ms) { 7, 15, 17, 20, 21 }
# vertices: 10 (0 ms) [ 1 -1 -1 -1 -1 -1 ]
# cobases: 64 (0 ms) { 8, 15, 17, 20, 21 }
# vertices: 11 (0 ms) [ 1 -1 1 1 1 1 ]
# cobases: 65 (0 ms) { 12, 15, 17, 20, 21 }
# cobases: 66 (0 ms) { 14, 15, 17, 20, 21 }
# cobases: 67 (10 ms) { 15, 17, 20, 21, 25 }
# cobases: 68 (10 ms) { 12, 15, 17, 18, 21 }
# cobases: 69 (10 ms) { 15, 16, 17, 18, 21 }
# cobases: 70 (10 ms) { 15, 17, 18, 19, 21 }
# cobases: 71 (10 ms) { 12, 15, 17, 18, 20 }
# cobases: 72 (10 ms) { 12, 16, 17, 18, 20 }
# cobases: 73 (10 ms) { 12, 17, 18, 20, 22 }
# cobases: 74 (10 ms) { 11, 12, 15, 18, 20 }
# vertices: 12 (10 ms) [ 1 -2 -1 0 -1 1 ]
# cobases: 75 (10 ms) { 5, 12, 15, 17, 20 }
# vertices: 13 (10 ms) [ 1 -1 1/2 -1/2 1/2 -1/2 ]
# cobases: 76 (10 ms) { 12, 13, 15, 17, 20 }
# cobases: 77 (20 ms) { 12, 15, 16, 17, 20 }
# cobases: 78 (20 ms) { 12, 15, 17, 18, 19 }
# cobases: 79 (20 ms) { 12, 15, 17, 18, 22 }
# cobases: 80 (20 ms) { 13, 15, 17, 18, 22 }
# cobases: 81 (20 ms) { 15, 16, 17, 18, 22 }
# cobases: 82 (20 ms) { 12, 14, 17, 18, 22 }
# cobases: 83 (20 ms) { 12, 16, 17, 18, 22 }
# cobases: 84 (20 ms) { 12, 17, 18, 19, 22 }
# cobases: 85 (20 ms) { 12, 17, 18, 21, 22 }
# cobases: 86 (20 ms) { 5, 12, 15, 17, 22 }
# cobases: 87 (20 ms) { 12, 15, 16, 17, 22 }
# cobases: 88 (20 ms) { 11, 15, 16, 17, 22 }
# cobases: 89 (30 ms) { 7, 15, 16, 17, 22 }
# cobases: 90 (30 ms) { 5, 11, 15, 17, 22 }
# vertices: 14 (30 ms) [ 1 -1 -1 -2 -1 -2 ]
# cobases: 91 (30 ms) { 7, 11, 15, 17, 22 }
# cobases: 92 (30 ms) { 10, 11, 15, 17, 22 }
# cobases: 93 (30 ms) { 11, 15, 17, 21, 22 }
# cobases: 94 (30 ms) { 1, 11, 15, 16, 22 }
# vertices: 15 (30 ms) [ 1 -1 2 -1 -1 2 ]
# cobases: 95 (30 ms) { 1, 7, 15, 16, 22 }
# cobases: 96 (30 ms) { 1, 5, 11, 15, 22 }
# vertices: 16 (30 ms) [ 1 -1 3 -2 -1 2 ]
# cobases: 97 (30 ms) { 1, 7, 11, 15, 22 }
# cobases: 98 (30 ms) { 1, 11, 15, 21, 22 }
# cobases: 99 (30 ms) { 1, 7, 15, 16, 24 }
# vertices: 17 (30 ms) [ 1 -1/2 3/2 -1/2 -1/2 1 ]
# cobases: 100 (30 ms) { 7, 15, 16, 24, 25 }
# vertices: 18 (30 ms) [ 1 -1/2 1/2 -1/2 -1/2 0 ]
# cobases: 101 (30 ms) { 1, 7, 15, 16, 23 }
# vertices: 19 (30 ms) [ 1 1 0 1 1 -2 ]
# cobases: 102 (30 ms) { 7, 8, 15, 16, 23 }
# cobases: 103 (30 ms) { 1, 7, 8, 15, 23 }
# cobases: 104 (30 ms) { 1, 7, 8, 15, 16 }
# cobases: 105 (30 ms) { 7, 8, 15, 16, 25 }
# vertices: 20 (30 ms) [ 1 1 -1 1 1 -3 ]
# cobases: 106 (40 ms) { 7, 8, 15, 24, 25 }
# vertices: 21 (40 ms) [ 1 1 -1 1 -2 0 ]
# cobases: 107 (40 ms) { 6, 8, 15, 24, 25 }
# cobases: 108 (40 ms) { 3, 7, 8, 15, 24 }
# vertices: 22 (40 ms) [ 1 1 -2 1 -2 -1 ]
# cobases: 109 (40 ms) { 7, 8, 10, 15, 24 }
# cobases: 110 (40 ms) { 6, 8, 10, 15, 24 }
# vertices: 23 (40 ms) [ 1 2 -2 1 -3 -1 ]
# cobases: 111 (40 ms) { 7, 8, 10, 15, 25 }
# vertices: 24 (40 ms) [ 1 1 -1 1 -1 -1 ]
# cobases: 112 (40 ms) { 3, 8, 10, 15, 25 }
# cobases: 113 (40 ms) { 8, 10, 15, 20, 25 }
# cobases: 114 (40 ms) { 7, 10, 11, 15, 25 }
# cobases: 115 (50 ms) { 8, 10, 20, 24, 25 }
# cobases: 116 (50 ms) { 10, 11, 20, 24, 25 }
# cobases: 117 (50 ms) { 10, 20, 22, 24, 25 }
# cobases: 118 (50 ms) { 8, 9, 20, 24, 25 }
# cobases: 119 (50 ms) { 8, 20, 22, 24, 25 }
# cobases: 120 (50 ms) { 8, 20, 23, 24, 25 }
# cobases: 121 (50 ms) { 8, 10, 20, 22, 25 }
# cobases: 122 (50 ms) { 8, 10, 20, 23, 25 }
# cobases: 123 (50 ms) { 8, 9, 10, 20, 24 }
# cobases: 124 (50 ms) { 8, 10, 20, 22, 24 }
# cobases: 125 (50 ms) { 9, 10, 20, 22, 24 }
# cobases: 126 (50 ms) { 10, 20, 22, 23, 24 }
# cobases: 127 (50 ms) { 9, 20, 22, 23, 24 }
# cobases: 128 (50 ms) { 11, 20, 22, 23, 24 }
# cobases: 129 (50 ms) { 9, 10, 20, 23, 24 }
# cobases: 130 (60 ms) { 10, 11, 20, 22, 23 }
# cobases: 131 (60 ms) { 10, 20, 22, 23, 25 }
# cobases: 132 (60 ms) { 10, 16, 20, 22, 25 }
# vertices: 25 (60 ms) [ 1 -1/3 -1/3 -1/3 1/3 -1/3 ]
# cobases: 133 (70 ms) { 9, 10, 11, 20, 23 }
# cobases: 134 (70 ms) { 10, 11, 18, 20, 23 }
# cobases: 135 (70 ms) { 10, 11, 18, 20, 22 }
# vertices: 26 (70 ms) [ 1 -1/2 -1 -1/2 -1/2 -1/2 ]
# cobases: 136 (70 ms) { 7, 11, 18, 20, 23 }
# cobases: 137 (70 ms) { 7, 10, 11, 20, 23 }
# cobases: 138 (70 ms) { 10, 11, 15, 20, 23 }
# cobases: 139 (70 ms) { 10, 11, 15, 18, 20 }
# cobases: 140 (70 ms) { 10, 11, 15, 16, 20 }
# cobases: 141 (70 ms) { 11, 15, 16, 20, 21 }
# cobases: 142 (70 ms) { 10, 11, 15, 17, 20 }
# cobases: 143 (70 ms) { 5, 11, 15, 17, 20 }
# cobases: 144 (70 ms) { 5, 15, 17, 20, 25 }
# cobases: 145 (80 ms) { 11, 12, 15, 16, 20 }
# vertices: 27 (80 ms) [ 1 -3 -1 -1 -1 1 ]
# cobases: 146 (90 ms) { 9, 11, 19, 20, 23 }
# cobases: 147 (90 ms) { 9, 19, 20, 23, 24 }
# cobases: 148 (90 ms) { 9, 11, 18, 19, 23 }
# cobases: 149 (90 ms) { 1, 11, 18, 19, 23 }
# vertices: 28 (90 ms) [ 1 -1 1 -2 1 2 ]
# cobases: 150 (90 ms) { 4, 11, 18, 19, 23 }
# cobases: 151 (90 ms) { 6, 11, 18, 19, 23 }
# cobases: 152 (90 ms) { 11, 12, 18, 19, 23 }
# cobases: 153 (90 ms) { 11, 16, 18, 19, 23 }
# cobases: 154 (90 ms) { 11, 18, 19, 21, 23 }
# cobases: 155 (90 ms) { 11, 18, 19, 23, 25 }
# cobases: 156 (90 ms) { 4, 9, 18, 19, 23 }
# cobases: 157 (90 ms) { 9, 16, 18, 19, 23 }
# cobases: 158 (90 ms) { 9, 18, 19, 23, 24 }
# vertices: 29 (90 ms) [ 1 -1 1 -1 1 1 ]
# cobases: 159 (90 ms) { 9, 18, 19, 23, 25 }
# cobases: 160 (90 ms) { 4, 9, 11, 19, 23 }
# cobases: 161 (100 ms) { 9, 11, 12, 19, 23 }
# cobases: 162 (100 ms) { 9, 11, 12, 18, 23 }
# cobases: 163 (100 ms) { 4, 9, 11, 18, 19 }
# cobases: 164 (100 ms) { 6, 9, 11, 18, 19 }
# cobases: 165 (100 ms) { 9, 11, 12, 18, 19 }
# cobases: 166 (100 ms) { 9, 11, 18, 19, 25 }
# cobases: 167 (100 ms) { 4, 11, 18, 19, 25 }
# cobases: 168 (100 ms) { 11, 16, 18, 19, 25 }
# cobases: 169 (100 ms) { 11, 18, 19, 21, 25 }
# cobases: 170 (100 ms) { 9, 16, 18, 19, 25 }
# cobases: 171 (100 ms) { 4, 9, 11, 19, 25 }
# cobases: 172 (100 ms) { 9, 11, 12, 19, 25 }
# cobases: 173 (100 ms) { 9, 11, 16, 19, 25 }
# cobases: 174 (100 ms) { 9, 11, 12, 18, 25 }
# cobases: 175 (100 ms) { 4, 11, 12, 18, 25 }
# cobases: 176 (100 ms) { 11, 12, 16, 18, 25 }
# cobases: 177 (100 ms) { 11, 12, 18, 21, 25 }
# cobases: 178 (100 ms) { 9, 12, 16, 18, 25 }
# cobases: 179 (100 ms) { 9, 12, 18, 23, 25 }
# cobases: 180 (110 ms) { 4, 12, 18, 23, 25 }
# cobases: 181 (110 ms) { 4, 9, 12, 23, 25 }
# cobases: 182 (110 ms) { 9, 12, 16, 23, 25 }
# cobases: 183 (110 ms) { 4, 9, 12, 18, 23 }
# cobases: 184 (110 ms) { 9, 12, 14, 18, 23 }
# cobases: 185 (110 ms) { 9, 12, 16, 18, 23 }
# cobases: 186 (110 ms) { 9, 12, 18, 23, 24 }
# vertices: 30 (110 ms) [ 1 -1/2 1/2 -1 1/2 1/2 ]
# cobases: 187 (110 ms) { 1, 9, 18, 23, 24 }
# cobases: 188 (110 ms) { 7, 9, 12, 23, 24 }
# vertices: 31 (110 ms) [ 1 -1/2 1 -3/2 1/2 1/2 ]
# cobases: 189 (110 ms) { 9, 13, 18, 23, 24 }
# cobases: 190 (120 ms) { 1, 9, 13, 18, 24 }
# cobases: 191 (130 ms) { 4, 12, 16, 18, 23 }
# cobases: 192 (130 ms) { 11, 12, 16, 18, 23 }
# cobases: 193 (130 ms) { 9, 14, 16, 18, 23 }
# cobases: 194 (130 ms) { 9, 12, 14, 16, 23 }
# cobases: 195 (130 ms) { 9, 12, 16, 21, 23 }
# cobases: 196 (130 ms) { 9, 12, 16, 23, 24 }
# vertices: 32 (130 ms) [ 1 -1/2 0 -1/2 1/2 1/2 ]
# cobases: 197 (130 ms) { 4, 9, 12, 16, 18 }
# cobases: 198 (130 ms) { 9, 12, 16, 18, 21 }
# cobases: 199 (130 ms) { 4, 12, 16, 18, 21 }
# cobases: 200 (130 ms) { 11, 12, 16, 18, 21 }
# cobases: 201 (130 ms) { 4, 9, 16, 18, 21 }
# cobases: 202 (130 ms) { 6, 9, 12, 16, 21 }
# cobases: 203 (140 ms) { 6, 9, 16, 21, 25 }
# cobases: 204 (140 ms) { 6, 9, 12, 16, 24 }
# vertices: 33 (140 ms) [ 1 -1/3 1/3 -2/3 1/3 2/3 ]
# cobases: 205 (140 ms) { 4, 6, 9, 21, 25 }
# cobases: 206 (140 ms) { 6, 9, 11, 21, 25 }
# cobases: 207 (140 ms) { 6, 9, 13, 21, 25 }
# vertices: 34 (140 ms) [ 1 -3 1 -2 1 2 ]
# cobases: 208 (150 ms) { 4, 9, 11, 21, 25 }
# cobases: 209 (170 ms) { 4, 12, 14, 16, 21 }
# cobases: 210 (170 ms) { 4, 9, 12, 16, 24 }
# cobases: 211 (170 ms) { 4, 12, 16, 17, 24 }
# cobases: 212 (180 ms) { 9, 16, 19, 23, 24 }
# cobases: 213 (180 ms) { 9, 12, 16, 20, 24 }
# vertices: 35 (180 ms) [ 1 -2/3 -1/3 -1/3 2/3 1/3 ]
# cobases: 214 (190 ms) { 12, 14, 16, 23, 24 }
# cobases: 215 (200 ms) { 14, 16, 19, 23, 24 }
# cobases: 216 (200 ms) { 14, 16, 22, 23, 24 }
# cobases: 217 (200 ms) { 14, 16, 23, 24, 25 }
# cobases: 218 (200 ms) { 2, 12, 14, 16, 23 }
# cobases: 219 (200 ms) { 12, 13, 14, 16, 23 }
# cobases: 220 (210 ms) { 12, 13, 16, 18, 23 }
# cobases: 221 (210 ms) { 13, 16, 18, 21, 23 }
# cobases: 222 (210 ms) { 2, 12, 16, 18, 23 }
# cobases: 223 (210 ms) { 2, 14, 16, 18, 23 }
# cobases: 224 (210 ms) { 2, 16, 18, 21, 23 }
# cobases: 225 (210 ms) { 2, 12, 14, 18, 23 }
# cobases: 226 (210 ms) { 2, 12, 18, 21, 23 }
# cobases: 227 (210 ms) { 2, 12, 18, 23, 25 }
# cobases: 228 (210 ms) { 2, 12, 16, 21, 23 }
# cobases: 229 (210 ms) { 2, 12, 16, 23, 25 }
# cobases: 230 (210 ms) { 2, 14, 16, 23, 25 }
# cobases: 231 (220 ms) { 2, 16, 19, 23, 25 }
# cobases: 232 (220 ms) { 2, 16, 21, 23, 25 }
# cobases: 233 (220 ms) { 2, 12, 19, 23, 25 }
# cobases: 234 (220 ms) { 2, 12, 21, 23, 25 }
# cobases: 235 (220 ms) { 2, 14, 21, 23, 25 }
# cobases: 236 (220 ms) { 2, 14, 18, 23, 25 }
# cobases: 237 (220 ms) { 2, 14, 19, 23, 25 }
# cobases: 238 (240 ms) { 1, 2, 18, 21, 23 }
# cobases: 239 (240 ms) { 1, 2, 17, 21, 23 }
# cobases: 240 (240 ms) { 1, 2, 18, 20, 21 }
# cobases: 241 (240 ms) { 2, 17, 18, 20, 21 }
# cobases: 242 (240 ms) { 2, 18, 19, 20, 21 }
# cobases: 243 (240 ms) { 1, 18, 19, 20, 21 }
# cobases: 244 (240 ms) { 1, 2, 16, 20, 21 }
# cobases: 245 (240 ms) { 1, 2, 17, 20, 21 }
# cobases: 246 (240 ms) { 1, 2, 16, 18, 21 }
# cobases: 247 (240 ms) { 1, 2, 18, 19, 21 }
# cobases: 248 (240 ms) { 1, 2, 16, 18, 20 }
# cobases: 249 (240 ms) { 2, 16, 17, 18, 20 }
# cobases: 250 (250 ms) { 1, 16, 17, 18, 20 }
# cobases: 251 (250 ms) { 1, 16, 18, 19, 20 }
# cobases: 252 (250 ms) { 1, 2, 3, 16, 20 }
# cobases: 253 (250 ms) { 1, 2, 16, 17, 20 }
# cobases: 254 (250 ms) { 2, 4, 16, 17, 20 }
# cobases: 255 (250 ms) { 1, 3, 16, 17, 20 }
# cobases: 256 (250 ms) { 1, 16, 17, 19, 20 }
# cobases: 257 (250 ms) { 1, 2, 3, 17, 20 }
# cobases: 258 (250 ms) { 2, 3, 4, 17, 20 }
# cobases: 259 (250 ms) { 1, 3, 17, 19, 20 }
# cobases: 260 (250 ms) { 1, 2, 3, 17, 19 }
# cobases: 261 (250 ms) { 3, 4, 16, 17, 20 }
# cobases: 262 (260 ms) { 2, 4, 8, 17, 20 }
# cobases: 263 (260 ms) { 2, 4, 17, 20, 21 }
# cobases: 264 (260 ms) { 2, 3, 8, 17, 20 }
# cobases: 265 (260 ms) { 2, 3, 4, 8, 20 }
# cobases: 266 (260 ms) { 2, 3, 4, 16, 20 }
# cobases: 267 (260 ms) { 2, 3, 4, 8, 17 }
# cobases: 268 (270 ms) { 4, 16, 17, 20, 22 }
# cobases: 269 (280 ms) { 1, 16, 17, 18, 19 }
# cobases: 270 (280 ms) { 16, 17, 18, 19, 25 }
# cobases: 271 (290 ms) { 15, 17, 18, 19, 25 }
# cobases: 272 (290 ms) { 15, 16, 17, 19, 25 }
# cobases: 273 (290 ms) { 15, 16, 17, 18, 25 }
# cobases: 274 (310 ms) { 3, 16, 17, 18, 20 }
# cobases: 275 (330 ms) { 1, 2, 17, 21, 22 }
# cobases: 276 (330 ms) { 2, 17, 18, 21, 22 }
# cobases: 277 (330 ms) { 1, 17, 18, 21, 22 }
# cobases: 278 (330 ms) { 1, 4, 18, 20, 21 }
# cobases: 279 (330 ms) { 4, 15, 18, 20, 21 }
# cobases: 280 (330 ms) { 4, 18, 20, 21, 23 }
# cobases: 281 (330 ms) { 1, 4, 15, 20, 21 }
# cobases: 282 (330 ms) { 1, 4, 18, 21, 23 }
# cobases: 283 (340 ms) { 1, 4, 18, 23, 24 }
# cobases: 284 (340 ms) { 4, 15, 20, 21, 25 }
# vertices: 36 (340 ms) [ 1 -3 1 -1 1 1 ]
# cobases: 285 (380 ms) { 11, 12, 18, 20, 23 }
# cobases: 286 (480 ms) { 5, 11, 18, 19, 23 }
# cobases: 287 (500 ms) { 9, 19, 22, 23, 24 }
# cobases: 288 (550 ms) { 6, 8, 14, 24, 25 }
# cobases: 289 (560 ms) { 6, 15, 16, 24, 25 }
# cobases: 290 (560 ms) { 6, 14, 16, 24, 25 }
# cobases: 291 (580 ms) { 11, 17, 18, 21, 22 }

results: 
{
	dimension: 5
	initial cobasis: { 18, 21, 23, 24, 25 }
	symmetry generators: 6
	{
		(2,8)(5,9)(7,11)(13,19)(15,21)(16,22)(18,24),
		(4,12)(5,13)(6,14)(7,15)(9,19)(10,20)(11,21),
		(2,3,8)(5,6,9)(7,11,10)(13,14,19)(15,21,20)(16,17,22)(18,24,23),
		(1,23)(2,10,8,20)(3,25)(4,22,12,16)(5,9,19,13)(6,24,14,18)(7,11,21,15),
		(3,8)(6,9)(7,10)(14,19)(15,20)(17,22)(18,23),
		(1,5)(3,7)(8,10)(12,16)(14,18)(19,23)(21,25)
	}
	basis orbits: 291
	{
		{ 1, 2, 3, 16, 20 },
		{ 1, 2, 3, 17, 19 },
		{ 1, 2, 3, 17, 20 },
		{ 1, 2, 16, 17, 20 },
		{ 1, 2, 16, 18, 20 },
		{ 1, 2, 16, 18, 21 },
		{ 1, 2, 16, 20, 21 },
		{ 1, 2, 17, 20, 21 },
		{ 1, 2, 17, 21, 22 },
		{ 1, 2, 17, 21, 23 },
		{ 1, 2, 18, 19, 21 },
		{ 1, 2, 18, 20, 21 },
		{ 1, 2, 18, 21, 23 },
		{ 1, 3, 16, 17, 20 },
		{ 1, 3, 17, 19, 20 },
		{ 1, 4, 15, 20, 21 },
		{ 1, 4, 18, 20, 21 },
		{ 1, 4, 18, 21, 23 },
		{ 1, 4, 18, 23, 24 },
		{ 1, 5, 11, 15, 22 },
		{ 1, 7, 8, 15, 16 },
		{ 1, 7, 8, 15, 23 },
		{ 1, 7, 11, 15, 22 },
		{ 1, 7, 15, 16, 22 },
		{ 1, 7, 15, 16, 23 },
		{ 1, 7, 15, 16, 24 },
		{ 1, 9, 13, 18, 24 },
		{ 1, 9, 18, 23, 24 },
		{ 1, 11, 15, 16, 22 },
		{ 1, 11, 15, 21, 22 },
		{ 1, 11, 18, 19, 23 },
		{ 1, 15, 18, 20, 21 },
		{ 1, 16, 17, 18, 19 },
		{ 1, 16, 17, 18, 20 },
		{ 1, 16, 17, 19, 20 },
		{ 1, 16, 18, 19, 20 },
		{ 1, 17, 18, 20, 21 },
		{ 1, 17, 18, 21, 22 },
		{ 1, 17, 18, 21, 23 },
		{ 1, 18, 19, 20, 21 },
		{ 1, 18, 20, 21, 23 },
		{ 1, 18, 21, 23, 24 },
		{ 2, 3, 4, 8, 17 },
		{ 2, 3, 4, 8, 20 },
		{ 2, 3, 4, 16, 20 },
		{ 2, 3, 4, 17, 20 },
		{ 2, 3, 8, 17, 20 },
		{ 2, 4, 8, 17, 20 },
		{ 2, 4, 16, 17, 20 },
		{ 2, 4, 17, 20, 21 },
		{ 2, 12, 14, 16, 23 },
		{ 2, 12, 14, 18, 23 },
		{ 2, 12, 16, 18, 23 },
		{ 2, 12, 16, 21, 23 },
		{ 2, 12, 16, 23, 25 },
		{ 2, 12, 18, 21, 23 },
		{ 2, 12, 18, 23, 25 },
		{ 2, 12, 19, 23, 25 },
		{ 2, 12, 21, 23, 25 },
		{ 2, 14, 16, 18, 23 },
		{ 2, 14, 16, 23, 25 },
		{ 2, 14, 18, 23, 25 },
		{ 2, 14, 19, 23, 25 },
		{ 2, 14, 21, 23, 25 },
		{ 2, 16, 17, 18, 20 },
		{ 2, 16, 18, 21, 23 },
		{ 2, 16, 19, 23, 25 },
		{ 2, 16, 21, 23, 25 },
		{ 2, 17, 18, 20, 21 },
		{ 2, 17, 18, 21, 22 },
		{ 2, 17, 18, 21, 23 },
		{ 2, 18, 19, 20, 21 },
		{ 2, 18, 21, 23, 25 },
		{ 3, 4, 16, 17, 20 },
		{ 3, 7, 8, 15, 24 },
		{ 3, 8, 10, 15, 25 },
		{ 3, 16, 17, 18, 20 },
		{ 3, 17, 18, 20, 21 },
		{ 4, 6, 9, 21, 25 },
		{ 4, 9, 11, 18, 19 },
		{ 4, 9, 11, 19, 23 },
		{ 4, 9, 11, 19, 25 },
		{ 4, 9, 11, 21, 25 },
		{ 4, 9, 12, 16, 18 },
		{ 4, 9, 12, 16, 24 },
		{ 4, 9, 12, 18, 23 },
		{ 4, 9, 12, 23, 25 },
		{ 4, 9, 16, 18, 21 },
		{ 4, 9, 18, 19, 23 },
		{ 4, 11, 12, 18, 25 },
		{ 4, 11, 18, 19, 23 },
		{ 4, 11, 18, 19, 25 },
		{ 4, 12, 14, 16, 21 },
		{ 4, 12, 16, 17, 24 },
		{ 4, 12, 16, 18, 21 },
		{ 4, 12, 16, 18, 23 },
		{ 4, 12, 18, 23, 25 },
		{ 4, 15, 18, 20, 21 },
		{ 4, 15, 20, 21, 25 },
		{ 4, 16, 17, 20, 22 },
		{ 4, 18, 20, 21, 23 },
		{ 4, 18, 21, 23, 24 },
		{ 4, 18, 21, 23, 25 },
		{ 5, 11, 15, 17, 20 },
		{ 5, 11, 15, 17, 22 },
		{ 5, 11, 18, 19, 23 },
		{ 5, 12, 15, 17, 20 },
		{ 5, 12, 15, 17, 22 },
		{ 5, 15, 17, 20, 25 },
		{ 6, 8, 10, 15, 24 },
		{ 6, 8, 14, 24, 25 },
		{ 6, 8, 15, 24, 25 },
		{ 6, 9, 11, 18, 19 },
		{ 6, 9, 11, 21, 25 },
		{ 6, 9, 12, 16, 21 },
		{ 6, 9, 12, 16, 24 },
		{ 6, 9, 13, 21, 25 },
		{ 6, 9, 16, 21, 25 },
		{ 6, 11, 18, 19, 23 },
		{ 6, 14, 16, 24, 25 },
		{ 6, 15, 16, 24, 25 },
		{ 7, 8, 10, 15, 24 },
		{ 7, 8, 10, 15, 25 },
		{ 7, 8, 15, 16, 23 },
		{ 7, 8, 15, 16, 25 },
		{ 7, 8, 15, 24, 25 },
		{ 7, 9, 12, 23, 24 },
		{ 7, 10, 11, 15, 25 },
		{ 7, 10, 11, 20, 23 },
		{ 7, 11, 15, 17, 22 },
		{ 7, 11, 18, 20, 23 },
		{ 7, 15, 16, 17, 22 },
		{ 7, 15, 16, 24, 25 },
		{ 7, 15, 17, 20, 21 },
		{ 7, 18, 21, 23, 24 },
		{ 8, 9, 10, 20, 24 },
		{ 8, 9, 20, 24, 25 },
		{ 8, 10, 15, 20, 25 },
		{ 8, 10, 20, 22, 24 },
		{ 8, 10, 20, 22, 25 },
		{ 8, 10, 20, 23, 25 },
		{ 8, 10, 20, 24, 25 },
		{ 8, 15, 17, 20, 21 },
		{ 8, 20, 22, 24, 25 },
		{ 8, 20, 23, 24, 25 },
		{ 9, 10, 11, 20, 23 },
		{ 9, 10, 20, 22, 24 },
		{ 9, 10, 20, 23, 24 },
		{ 9, 11, 12, 18, 19 },
		{ 9, 11, 12, 18, 23 },
		{ 9, 11, 12, 18, 25 },
		{ 9, 11, 12, 19, 23 },
		{ 9, 11, 12, 19, 25 },
		{ 9, 11, 16, 19, 25 },
		{ 9, 11, 18, 19, 23 },
		{ 9, 11, 18, 19, 25 },
		{ 9, 11, 19, 20, 23 },
		{ 9, 12, 14, 16, 23 },
		{ 9, 12, 14, 18, 23 },
		{ 9, 12, 16, 18, 21 },
		{ 9, 12, 16, 18, 23 },
		{ 9, 12, 16, 18, 25 },
		{ 9, 12, 16, 20, 24 },
		{ 9, 12, 16, 21, 23 },
		{ 9, 12, 16, 23, 24 },
		{ 9, 12, 16, 23, 25 },
		{ 9, 12, 18, 23, 24 },
		{ 9, 12, 18, 23, 25 },
		{ 9, 13, 18, 23, 24 },
		{ 9, 14, 16, 18, 23 },
		{ 9, 16, 18, 19, 23 },
		{ 9, 16, 18, 19, 25 },
		{ 9, 16, 19, 23, 24 },
		{ 9, 18, 19, 23, 24 },
		{ 9, 18, 19, 23, 25 },
		{ 9, 19, 20, 23, 24 },
		{ 9, 19, 22, 23, 24 },
		{ 9, 20, 22, 23, 24 },
		{ 10, 11, 15, 16, 20 },
		{ 10, 11, 15, 17, 20 },
		{ 10, 11, 15, 17, 22 },
		{ 10, 11, 15, 18, 20 },
		{ 10, 11, 15, 20, 23 },
		{ 10, 11, 18, 20, 22 },
		{ 10, 11, 18, 20, 23 },
		{ 10, 11, 20, 22, 23 },
		{ 10, 11, 20, 24, 25 },
		{ 10, 16, 20, 22, 25 },
		{ 10, 20, 22, 23, 24 },
		{ 10, 20, 22, 23, 25 },
		{ 10, 20, 22, 24, 25 },
		{ 11, 12, 15, 16, 20 },
		{ 11, 12, 15, 18, 20 },
		{ 11, 12, 16, 18, 21 },
		{ 11, 12, 16, 18, 23 },
		{ 11, 12, 16, 18, 25 },
		{ 11, 12, 18, 19, 23 },
		{ 11, 12, 18, 20, 23 },
		{ 11, 12, 18, 21, 25 },
		{ 11, 15, 16, 17, 22 },
		{ 11, 15, 16, 20, 21 },
		{ 11, 15, 17, 21, 22 },
		{ 11, 15, 18, 20, 21 },
		{ 11, 16, 18, 19, 23 },
		{ 11, 16, 18, 19, 25 },
		{ 11, 17, 18, 21, 22 },
		{ 11, 17, 18, 21, 23 },
		{ 11, 18, 19, 21, 23 },
		{ 11, 18, 19, 21, 25 },
		{ 11, 18, 19, 23, 25 },
		{ 11, 18, 20, 21, 23 },
		{ 11, 18, 21, 23, 24 },
		{ 11, 20, 22, 23, 24 },
		{ 11, 21, 23, 24, 25 },
		{ 12, 13, 14, 16, 23 },
		{ 12, 13, 15, 17, 20 },
		{ 12, 13, 16, 18, 23 },
		{ 12, 14, 16, 23, 24 },
		{ 12, 14, 17, 18, 22 },
		{ 12, 15, 16, 17, 20 },
		{ 12, 15, 16, 17, 22 },
		{ 12, 15, 17, 18, 19 },
		{ 12, 15, 17, 18, 20 },
		{ 12, 15, 17, 18, 21 },
		{ 12, 15, 17, 18, 22 },
		{ 12, 15, 17, 20, 21 },
		{ 12, 15, 18, 20, 21 },
		{ 12, 16, 17, 18, 20 },
		{ 12, 16, 17, 18, 22 },
		{ 12, 17, 18, 19, 22 },
		{ 12, 17, 18, 20, 21 },
		{ 12, 17, 18, 20, 22 },
		{ 12, 17, 18, 20, 23 },
		{ 12, 17, 18, 21, 22 },
		{ 12, 17, 18, 21, 23 },
		{ 12, 17, 18, 21, 24 },
		{ 12, 17, 18, 23, 24 },
		{ 12, 17, 20, 21, 23 },
		{ 12, 17, 21, 23, 24 },
		{ 12, 18, 20, 21, 23 },
		{ 12, 18, 21, 23, 24 },
		{ 12, 18, 23, 24, 25 },
		{ 12, 21, 23, 24, 25 },
		{ 13, 15, 17, 18, 22 },
		{ 13, 16, 18, 21, 23 },
		{ 13, 17, 18, 20, 23 },
		{ 13, 17, 18, 21, 23 },
		{ 13, 17, 18, 21, 24 },
		{ 13, 17, 18, 23, 24 },
		{ 13, 18, 21, 23, 24 },
		{ 13, 18, 21, 23, 25 },
		{ 13, 18, 23, 24, 25 },
		{ 13, 21, 23, 24, 25 },
		{ 14, 15, 17, 20, 21 },
		{ 14, 16, 19, 23, 24 },
		{ 14, 16, 22, 23, 24 },
		{ 14, 16, 23, 24, 25 },
		{ 14, 17, 18, 23, 24 },
		{ 14, 18, 20, 21, 23 },
		{ 14, 18, 21, 23, 24 },
		{ 14, 21, 23, 24, 25 },
		{ 15, 16, 17, 18, 21 },
		{ 15, 16, 17, 18, 22 },
		{ 15, 16, 17, 18, 25 },
		{ 15, 16, 17, 19, 25 },
		{ 15, 17, 18, 19, 21 },
		{ 15, 17, 18, 19, 25 },
		{ 15, 17, 18, 20, 21 },
		{ 15, 17, 20, 21, 23 },
		{ 15, 17, 20, 21, 25 },
		{ 15, 17, 21, 23, 24 },
		{ 15, 18, 19, 20, 21 },
		{ 15, 18, 20, 21, 25 },
		{ 15, 21, 23, 24, 25 },
		{ 16, 17, 18, 19, 25 },
		{ 16, 17, 18, 21, 23 },
		{ 16, 17, 18, 21, 24 },
		{ 16, 18, 21, 23, 24 },
		{ 16, 21, 23, 24, 25 },
		{ 17, 18, 19, 21, 23 },
		{ 17, 18, 19, 21, 24 },
		{ 17, 18, 20, 21, 23 },
		{ 17, 18, 20, 21, 24 },
		{ 17, 18, 21, 23, 24 },
		{ 17, 18, 21, 23, 25 },
		{ 17, 19, 21, 23, 24 },
		{ 17, 20, 21, 22, 23 },
		{ 17, 20, 21, 23, 25 },
		{ 17, 21, 22, 23, 24 },
		{ 17, 21, 23, 24, 25 },
		{ 18, 21, 23, 24, 25 }
	}
	total basis degree: 7980
	vertex orbits: 36
	{
		[ 1 -3 -1 -1 -1 1 ],
		[ 1 -3 1 -2 1 2 ],
		[ 1 -3 1 -1 1 1 ],
		[ 1 -2 -1 0 -1 1 ],
		[ 1 -2 1 0 1 1 ],
		[ 1 -2 1 1 1 0 ],
		[ 1 -1 -1 -2 -1 -2 ],
		[ 1 -1 -1 -1 -1 -1 ],
		[ 1 -1 0 -1 0 1 ],
		[ 1 -1 0 0 0 0 ],
		[ 1 -1 0 1 0 -1 ],
		[ 1 -1 1/2 -1/2 1/2 -1/2 ],
		[ 1 -1 1 -2 1 2 ],
		[ 1 -1 1 -1 1 1 ],
		[ 1 -1 1 1 0 0 ],
		[ 1 -1 1 1 1 1 ],
		[ 1 -1 2 -1 -1 2 ],
		[ 1 -1 3 -2 -1 2 ],
		[ 1 -2/3 -1/3 -1/3 2/3 1/3 ],
		[ 1 -1/2 -1 -1/2 -1/2 -1/2 ],
		[ 1 -1/2 -1/2 -1/2 -1/2 0 ],
		[ 1 -1/2 0 -1/2 1/2 1/2 ],
		[ 1 -1/2 1/2 -1 1/2 1/2 ],
		[ 1 -1/2 1/2 -1/2 -1/2 0 ],
		[ 1 -1/2 1 -3/2 1/2 1/2 ],
		[ 1 -1/2 3/2 -1/2 -1/2 1 ],
		[ 1 -1/3 -1/3 -1/3 1/3 -1/3 ],
		[ 1 -1/3 1/3 -2/3 1/3 2/3 ],
		[ 1 0 -1 0 -1 -1 ],
		[ 1 0 -1 0 0 0 ],
		[ 1 1 -2 1 -2 -1 ],
		[ 1 1 -1 1 -2 0 ],
		[ 1 1 -1 1 -1 -1 ],
		[ 1 1 -1 1 1 -3 ],
		[ 1 1 0 1 1 -2 ],
		[ 1 2 -2 1 -3 -1 ]
	}
	ray orbits: 0
	{}
}
total running time: 890 ms
wall time: 884 ms
