Matrix:	(25,6)
[ [ 1 -1 -1 -1 -1 -1 ]
  [ 1 -1 -1 -1 -1 1 ]
  [ 1 -1 -1 -1 1 -1 ]
  [ 1 -1 -1 1 -1 -1 ]
  [ 1 -1 -1 1 -1 1 ]
  [ 1 -1 -1 1 1 -1 ]
  [ 1 -1 -1 1 1 1 ]
  [ 1 -1 1 -1 -1 -1 ]
  [ 1 -1 1 1 -1 -1 ]
  [ 1 -1 1 1 -1 1 ]
  [ 1 -1 1 1 1 -1 ]
  [ 1 1 -1 -1 -1 -1 ]
  [ 1 1 -1 -1 -1 1 ]
  [ 1 1 -1 -1 1 -1 ]
  [ 1 1 -1 -1 1 1 ]
  [ 1 1 -1 1 -1 1 ]
  [ 1 1 -1 1 1 -1 ]
  [ 1 1 -1 1 1 1 ]
  [ 1 1 1 -1 -1 -1 ]
  [ 1 1 1 -1 -1 1 ]
  [ 1 1 1 -1 1 -1 ]
  [ 1 1 1 1 -1 -1 ]
  [ 1 1 1 1 -1 1 ]
  [ 1 1 1 1 1 -1 ]
  [ 1 1 1 1 1 1 ] ]
Group:	6
{
	(2,8)(5,9)(7,11)(13,19)(15,21)(16,22)(18,24),
	(4,12)(5,13)(6,14)(7,15)(9,19)(10,20)(11,21),
	(2,3,8)(5,6,9)(7,11,10)(13,14,19)(15,21,20)(16,17,22)(18,24,23),
	(1,23)(2,10,8,20)(3,25)(4,22,12,16)(5,9,19,13)(6,24,14,18)(7,11,21,15),
	(3,8)(6,9)(7,10)(14,19)(15,20)(17,22)(18,23),
	(1,5)(3,7)(8,10)(12,16)(14,18)(19,23)(21,25)
}
# cobases: 1 (0 ms) { 18, 21, 23, 24, 25 }
# vertices: 1 (0 ms) [ 1 -1 0 0 0 0 ]
# cobases: 2 (0 ms) { 11, 21, 23, 24, 25 }
# vertices: 2 (0 ms) [ 1 0 -1 0 0 0 ]
# cobases: 3 (0 ms) { 12, 21, 23, 24, 25 }
# cobases: 4 (0 ms) { 13, 21, 23, 24, 25 }
# cobases: 5 (0 ms) { 14, 21, 23, 24, 25 }
# cobases: 6 (0 ms) { 15, 21, 23, 24, 25 }
# cobases: 7 (0 ms) { 16, 21, 23, 24, 25 }
# cobases: 8 (0 ms) { 17, 21, 23, 24, 25 }
# cobases: 9 (0 ms) { 12, 18, 23, 24, 25 }
# cobases: 10 (0 ms) { 13, 18, 23, 24, 25 }
# cobases: 11 (10 ms) { 2, 18, 21, 23, 25 }
# vertices: 3 (10 ms) [ 1 -1 0 1 0 -1 ]
# cobases: 12 (10 ms) { 4, 18, 21, 23, 25 }
# vertices: 4 (10 ms) [ 1 -1 0 -1 0 1 ]
# cobases: 13 (10 ms) { 13, 18, 21, 23, 25 }
# cobases: 14 (10 ms) { 17, 18, 21, 23, 25 }
# cobases: 15 (10 ms) { 4, 18, 21, 23, 24 }
# vertices: 5 (10 ms) [ 1 -2 1 0 1 1 ]
# cobases: 16 (10 ms) { 7, 18, 21, 23, 24 }
# vertices: 6 (10 ms) [ 1 0 -1 0 -1 -1 ]
# cobases: 17 (10 ms) { 12, 18, 21, 23, 24 }
# cobases: 18 (10 ms) { 13, 18, 21, 23, 24 }
# cobases: 19 (10 ms) { 14, 18, 21, 23, 24 }
# cobases: 20 (20 ms) { 16, 18, 21, 23, 24 }
# cobases: 21 (20 ms) { 17, 18, 21, 23, 24 }
# cobases: 22 (20 ms) { 1, 18, 21, 23, 24 }
# cobases: 23 (20 ms) { 11, 18, 21, 23, 24 }
# cobases: 24 (20 ms) { 12, 17, 21, 23, 24 }
# cobases: 25 (20 ms) { 15, 17, 21, 23, 24 }
# cobases: 26 (20 ms) { 17, 19, 21, 23, 24 }
# cobases: 27 (20 ms) { 17, 21, 22, 23, 24 }
# cobases: 28 (20 ms) { 12, 17, 18, 23, 24 }
# cobases: 29 (30 ms) { 13, 17, 18, 23, 24 }
# cobases: 30 (30 ms) { 14, 17, 18, 23, 24 }
# cobases: 31 (30 ms) { 12, 17, 18, 21, 24 }
# cobases: 32 (40 ms) { 13, 17, 18, 21, 24 }
# cobases: 33 (40 ms) { 16, 17, 18, 21, 24 }
# cobases: 34 (40 ms) { 17, 18, 19, 21, 24 }
# cobases: 35 (40 ms) { 17, 18, 20, 21, 24 }
# cobases: 36 (40 ms) { 2, 17, 18, 21, 23 }
# vertices: 7 (40 ms) [ 1 -2 1 1 1 0 ]
# cobases: 37 (40 ms) { 11, 17, 18, 21, 23 }
# vertices: 8 (40 ms) [ 1 -1/2 -1/2 -1/2 -1/2 0 ]
# cobases: 38 (40 ms) { 12, 17, 18, 21, 23 }
# cobases: 39 (50 ms) { 13, 17, 18, 21, 23 }
# cobases: 40 (50 ms) { 16, 17, 18, 21, 23 }
# cobases: 41 (60 ms) { 17, 18, 19, 21, 23 }
# cobases: 42 (60 ms) { 17, 18, 20, 21, 23 }
# cobases: 43 (60 ms) { 1, 18, 20, 21, 23 }
# cobases: 44 (60 ms) { 11, 18, 20, 21, 23 }
# cobases: 45 (60 ms) { 12, 18, 20, 21, 23 }
# cobases: 46 (60 ms) { 14, 18, 20, 21, 23 }
# cobases: 47 (70 ms) { 12, 17, 20, 21, 23 }
# cobases: 48 (80 ms) { 15, 17, 20, 21, 23 }
# cobases: 49 (80 ms) { 17, 20, 21, 22, 23 }
# cobases: 50 (80 ms) { 17, 20, 21, 23, 25 }
# cobases: 51 (80 ms) { 1, 17, 18, 21, 23 }
# cobases: 52 (90 ms) { 12, 17, 18, 20, 23 }
# cobases: 53 (90 ms) { 13, 17, 18, 20, 23 }
# cobases: 54 (90 ms) { 3, 17, 18, 20, 21 }
# vertices: 9 (90 ms) [ 1 -1 1 1 0 0 ]
# cobases: 55 (100 ms) { 12, 17, 18, 20, 21 }
# cobases: 56 (100 ms) { 15, 17, 18, 20, 21 }
# cobases: 57 (110 ms) { 1, 17, 18, 20, 21 }
# cobases: 58 (110 ms) { 1, 15, 18, 20, 21 }
# cobases: 59 (110 ms) { 11, 15, 18, 20, 21 }
# cobases: 60 (110 ms) { 12, 15, 18, 20, 21 }
# cobases: 61 (120 ms) { 15, 18, 19, 20, 21 }
# cobases: 62 (120 ms) { 15, 18, 20, 21, 25 }
# cobases: 63 (120 ms) { 7, 15, 17, 20, 21 }
# vertices: 10 (120 ms) [ 1 -1 -1 -1 -1 -1 ]
# cobases: 64 (120 ms) { 8, 15, 17, 20, 21 }
# vertices: 11 (120 ms) [ 1 -1 1 1 1 1 ]
# cobases: 65 (130 ms) { 12, 15, 17, 20, 21 }
# cobases: 66 (130 ms) { 14, 15, 17, 20, 21 }
# cobases: 67 (140 ms) { 15, 17, 20, 21, 25 }
# cobases: 68 (140 ms) { 12, 15, 17, 18, 21 }
# cobases: 69 (150 ms) { 15, 16, 17, 18, 21 }
# cobases: 70 (150 ms) { 15, 17, 18, 19, 21 }
# cobases: 71 (160 ms) { 12, 15, 17, 18, 20 }
# cobases: 72 (170 ms) { 12, 16, 17, 18, 20 }
# cobases: 73 (180 ms) { 12, 17, 18, 20, 22 }
# cobases: 74 (180 ms) { 11, 12, 15, 18, 20 }
# vertices: 12 (180 ms) [ 1 -2 -1 0 -1 1 ]
# cobases: 75 (190 ms) { 5, 12, 15, 17, 20 }
# vertices: 13 (190 ms) [ 1 -1 1/2 -1/2 1/2 -1/2 ]
# cobases: 76 (200 ms) { 12, 13, 15, 17, 20 }
# cobases: 77 (200 ms) { 12, 15, 16, 17, 20 }
# cobases: 78 (220 ms) { 12, 15, 17, 18, 19 }
# cobases: 79 (220 ms) { 12, 15, 17, 18, 22 }
# cobases: 80 (230 ms) { 13, 15, 17, 18, 22 }
# cobases: 81 (240 ms) { 15, 16, 17, 18, 22 }
# cobases: 82 (240 ms) { 12, 14, 17, 18, 22 }
# cobases: 83 (250 ms) { 12, 16, 17, 18, 22 }
# cobases: 84 (260 ms) { 12, 17, 18, 19, 22 }
# cobases: 85 (260 ms) { 12, 17, 18, 21, 22 }
# cobases: 86 (270 ms) { 5, 12, 15, 17, 22 }
# cobases: 87 (270 ms) { 12, 15, 16, 17, 22 }
# cobases: 88 (290 ms) { 11, 15, 16, 17, 22 }
# cobases: 89 (340 ms) { 7, 15, 16, 17, 22 }
# cobases: 90 (340 ms) { 5, 11, 15, 17, 22 }
# vertices: 14 (340 ms) [ 1 -1 -1 -2 -1 -2 ]
# cobases: 91 (340 ms) { 7, 11, 15, 17, 22 }
# cobases: 92 (340 ms) { 10, 11, 15, 17, 22 }
# cobases: 93 (340 ms) { 11, 15, 17, 21, 22 }
# cobases: 94 (340 ms) { 1, 11, 15, 16, 22 }
# vertices: 15 (340 ms) [ 1 -1 2 -1 -1 2 ]
# cobases: 95 (340 ms) { 1, 7, 15, 16, 22 }
# cobases: 96 (340 ms) { 1, 5, 11, 15, 22 }
# vertices: 16 (340 ms) [ 1 -1 3 -2 -1 2 ]
# cobases: 97 (340 ms) { 1, 7, 11, 15, 22 }
# cobases: 98 (340 ms) { 1, 11, 15, 21, 22 }
# cobases: 99 (340 ms) { 1, 7, 15, 16, 24 }
# vertices: 17 (340 ms) [ 1 -1/2 3/2 -1/2 -1/2 1 ]
# cobases: 100 (350 ms) { 7, 15, 16, 24, 25 }
# vertices: 18 (350 ms) [ 1 -1/2 1/2 -1/2 -1/2 0 ]
# cobases: 101 (350 ms) { 1, 7, 15, 16, 23 }
# vertices: 19 (350 ms) [ 1 1 0 1 1 -2 ]
# cobases: 102 (350 ms) { 7, 8, 15, 16, 23 }
# cobases: 103 (350 ms) { 1, 7, 8, 15, 23 }
# cobases: 104 (350 ms) { 1, 7, 8, 15, 16 }
# cobases: 105 (350 ms) { 7, 8, 15, 16, 25 }
# vertices: 20 (350 ms) [ 1 1 -1 1 1 -3 ]
# cobases: 106 (350 ms) { 7, 8, 15, 24, 25 }
# vertices: 21 (350 ms) [ 1 1 -1 1 -2 0 ]
# cobases: 107 (350 ms) { 6, 8, 15, 24, 25 }
# cobases: 108 (360 ms) { 3, 7, 8, 15, 24 }
# vertices: 22 (360 ms) [ 1 1 -2 1 -2 -1 ]
# cobases: 109 (360 ms) { 7, 8, 10, 15, 24 }
# cobases: 110 (360 ms) { 6, 8, 10, 15, 24 }
# vertices: 23 (360 ms) [ 1 2 -2 1 -3 -1 ]
# cobases: 111 (360 ms) { 7, 8, 10, 15, 25 }
# vertices: 24 (360 ms) [ 1 1 -1 1 -1 -1 ]
# cobases: 112 (360 ms) { 3, 8, 10, 15, 25 }
# cobases: 113 (360 ms) { 8, 10, 15, 20, 25 }
# cobases: 114 (360 ms) { 7, 10, 11, 15, 25 }
# cobases: 115 (370 ms) { 8, 10, 20, 24, 25 }
# cobases: 116 (370 ms) { 10, 11, 20, 24, 25 }
# cobases: 117 (380 ms) { 10, 20, 22, 24, 25 }
# cobases: 118 (380 ms) { 8, 9, 20, 24, 25 }
# cobases: 119 (380 ms) { 8, 20, 22, 24, 25 }
# cobases: 120 (380 ms) { 8, 20, 23, 24, 25 }
# cobases: 121 (380 ms) { 8, 10, 20, 22, 25 }
# cobases: 122 (380 ms) { 8, 10, 20, 23, 25 }
# cobases: 123 (380 ms) { 8, 9, 10, 20, 24 }
# cobases: 124 (380 ms) { 8, 10, 20, 22, 24 }
# cobases: 125 (380 ms) { 9, 10, 20, 22, 24 }
# cobases: 126 (390 ms) { 10, 20, 22, 23, 24 }
# cobases: 127 (400 ms) { 9, 20, 22, 23, 24 }
# cobases: 128 (400 ms) { 11, 20, 22, 23, 24 }
# cobases: 129 (400 ms) { 9, 10, 20, 23, 24 }
# cobases: 130 (410 ms) { 10, 11, 20, 22, 23 }
# cobases: 131 (410 ms) { 10, 20, 22, 23, 25 }
# cobases: 132 (420 ms) { 10, 16, 20, 22, 25 }
# vertices: 25 (420 ms) [ 1 -1/3 -1/3 -1/3 1/3 -1/3 ]
# cobases: 133 (440 ms) { 9, 10, 11, 20, 23 }
# cobases: 134 (440 ms) { 10, 11, 18, 20, 23 }
# cobases: 135 (440 ms) { 10, 11, 18, 20, 22 }
# vertices: 26 (440 ms) [ 1 -1/2 -1 -1/2 -1/2 -1/2 ]
# cobases: 136 (450 ms) { 7, 11, 18, 20, 23 }
# cobases: 137 (450 ms) { 7, 10, 11, 20, 23 }
# cobases: 138 (450 ms) { 10, 11, 15, 20, 23 }
# cobases: 139 (460 ms) { 10, 11, 15, 18, 20 }
# cobases: 140 (460 ms) { 10, 11, 15, 16, 20 }
# cobases: 141 (460 ms) { 11, 15, 16, 20, 21 }
# cobases: 142 (470 ms) { 10, 11, 15, 17, 20 }
# cobases: 143 (470 ms) { 5, 11, 15, 17, 20 }
# cobases: 144 (480 ms) { 5, 15, 17, 20, 25 }
# cobases: 145 (490 ms) { 11, 12, 15, 16, 20 }
# vertices: 27 (490 ms) [ 1 -3 -1 -1 -1 1 ]
# cobases: 146 (510 ms) { 9, 11, 19, 20, 23 }
# cobases: 147 (530 ms) { 9, 19, 20, 23, 24 }
# cobases: 148 (540 ms) { 9, 11, 18, 19, 23 }
# cobases: 149 (540 ms) { 1, 11, 18, 19, 23 }
# vertices: 28 (540 ms) [ 1 -1 1 -2 1 2 ]
# cobases: 150 (540 ms) { 4, 11, 18, 19, 23 }
# cobases: 151 (540 ms) { 6, 11, 18, 19, 23 }
# cobases: 152 (540 ms) { 11, 12, 18, 19, 23 }
# cobases: 153 (540 ms) { 11, 16, 18, 19, 23 }
# cobases: 154 (540 ms) { 11, 18, 19, 21, 23 }
# cobases: 155 (540 ms) { 11, 18, 19, 23, 25 }
# cobases: 156 (540 ms) { 4, 9, 18, 19, 23 }
# cobases: 157 (540 ms) { 9, 16, 18, 19, 23 }
# cobases: 158 (550 ms) { 9, 18, 19, 23, 24 }
# vertices: 29 (550 ms) [ 1 -1 1 -1 1 1 ]
# cobases: 159 (550 ms) { 9, 18, 19, 23, 25 }
# cobases: 160 (550 ms) { 4, 9, 11, 19, 23 }
# cobases: 161 (550 ms) { 9, 11, 12, 19, 23 }
# cobases: 162 (550 ms) { 9, 11, 12, 18, 23 }
# cobases: 163 (560 ms) { 4, 9, 11, 18, 19 }
# cobases: 164 (560 ms) { 6, 9, 11, 18, 19 }
# cobases: 165 (560 ms) { 9, 11, 12, 18, 19 }
# cobases: 166 (560 ms) { 9, 11, 18, 19, 25 }
# cobases: 167 (560 ms) { 4, 11, 18, 19, 25 }
# cobases: 168 (560 ms) { 11, 16, 18, 19, 25 }
# cobases: 169 (570 ms) { 11, 18, 19, 21, 25 }
# cobases: 170 (570 ms) { 9, 16, 18, 19, 25 }
# cobases: 171 (580 ms) { 4, 9, 11, 19, 25 }
# cobases: 172 (580 ms) { 9, 11, 12, 19, 25 }
# cobases: 173 (580 ms) { 9, 11, 16, 19, 25 }
# cobases: 174 (590 ms) { 9, 11, 12, 18, 25 }
# cobases: 175 (590 ms) { 4, 11, 12, 18, 25 }
# cobases: 176 (590 ms) { 11, 12, 16, 18, 25 }
# cobases: 177 (600 ms) { 11, 12, 18, 21, 25 }
# cobases: 178 (600 ms) { 9, 12, 16, 18, 25 }
# cobases: 179 (610 ms) { 9, 12, 18, 23, 25 }
# cobases: 180 (620 ms) { 4, 12, 18, 23, 25 }
# cobases: 181 (620 ms) { 4, 9, 12, 23, 25 }
# cobases: 182 (630 ms) { 9, 12, 16, 23, 25 }
# cobases: 183 (640 ms) { 4, 9, 12, 18, 23 }
# cobases: 184 (640 ms) { 9, 12, 14, 18, 23 }
# cobases: 185 (640 ms) { 9, 12, 16, 18, 23 }
# cobases: 186 (650 ms) { 9, 12, 18, 23, 24 }
# vertices: 30 (650 ms) [ 1 -1/2 1/2 -1 1/2 1/2 ]
# cobases: 187 (650 ms) { 1, 9, 18, 23, 24 }
# cobases: 188 (650 ms) { 7, 9, 12, 23, 24 }
# vertices: 31 (650 ms) [ 1 -1/2 1 -3/2 1/2 1/2 ]
# cobases: 189 (660 ms) { 9, 13, 18, 23, 24 }
# cobases: 190 (660 ms) { 1, 9, 13, 18, 24 }
# cobases: 191 (680 ms) { 4, 12, 16, 18, 23 }
# cobases: 192 (680 ms) { 11, 12, 16, 18, 23 }
# cobases: 193 (680 ms) { 9, 14, 16, 18, 23 }
# cobases: 194 (690 ms) { 9, 12, 14, 16, 23 }
# cobases: 195 (700 ms) { 9, 12, 16, 21, 23 }
# cobases: 196 (700 ms) { 9, 12, 16, 23, 24 }
# vertices: 32 (700 ms) [ 1 -1/2 0 -1/2 1/2 1/2 ]
# cobases: 197 (700 ms) { 4, 9, 12, 16, 18 }
# cobases: 198 (700 ms) { 9, 12, 16, 18, 21 }
# cobases: 199 (710 ms) { 4, 12, 16, 18, 21 }
# cobases: 200 (710 ms) { 11, 12, 16, 18, 21 }
# cobases: 201 (720 ms) { 4, 9, 16, 18, 21 }
# cobases: 202 (750 ms) { 6, 9, 12, 16, 21 }
# cobases: 203 (780 ms) { 6, 9, 16, 21, 25 }
# cobases: 204 (790 ms) { 6, 9, 12, 16, 24 }
# vertices: 33 (790 ms) [ 1 -1/3 1/3 -2/3 1/3 2/3 ]
# cobases: 205 (830 ms) { 4, 6, 9, 21, 25 }
# cobases: 206 (830 ms) { 6, 9, 11, 21, 25 }
# cobases: 207 (830 ms) { 6, 9, 13, 21, 25 }
# vertices: 34 (830 ms) [ 1 -3 1 -2 1 2 ]
# cobases: 208 (860 ms) { 4, 9, 11, 21, 25 }
# cobases: 209 (980 ms) { 4, 12, 14, 16, 21 }
# cobases: 210 (1010 ms) { 4, 9, 12, 16, 24 }
# cobases: 211 (1020 ms) { 4, 12, 16, 17, 24 }
# cobases: 212 (1030 ms) { 9, 16, 19, 23, 24 }
# cobases: 213 (1040 ms) { 9, 12, 16, 20, 24 }
# vertices: 35 (1040 ms) [ 1 -2/3 -1/3 -1/3 2/3 1/3 ]
# cobases: 214 (1090 ms) { 12, 14, 16, 23, 24 }
# cobases: 215 (1130 ms) { 14, 16, 19, 23, 24 }
# cobases: 216 (1130 ms) { 14, 16, 22, 23, 24 }
# cobases: 217 (1140 ms) { 14, 16, 23, 24, 25 }
# cobases: 218 (1180 ms) { 2, 12, 14, 16, 23 }
# cobases: 219 (1190 ms) { 12, 13, 14, 16, 23 }
# cobases: 220 (1240 ms) { 12, 13, 16, 18, 23 }
# cobases: 221 (1290 ms) { 13, 16, 18, 21, 23 }
# cobases: 222 (1300 ms) { 2, 12, 16, 18, 23 }
# cobases: 223 (1360 ms) { 2, 14, 16, 18, 23 }
# cobases: 224 (1360 ms) { 2, 16, 18, 21, 23 }
# cobases: 225 (1360 ms) { 2, 12, 14, 18, 23 }
# cobases: 226 (1360 ms) { 2, 12, 18, 21, 23 }
# cobases: 227 (1360 ms) { 2, 12, 18, 23, 25 }
# cobases: 228 (1360 ms) { 2, 12, 16, 21, 23 }
# cobases: 229 (1370 ms) { 2, 12, 16, 23, 25 }
# cobases: 230 (1370 ms) { 2, 14, 16, 23, 25 }
# cobases: 231 (1370 ms) { 2, 16, 19, 23, 25 }
# cobases: 232 (1380 ms) { 2, 16, 21, 23, 25 }
# cobases: 233 (1380 ms) { 2, 12, 19, 23, 25 }
# cobases: 234 (1380 ms) { 2, 12, 21, 23, 25 }
# cobases: 235 (1390 ms) { 2, 14, 21, 23, 25 }
# cobases: 236 (1400 ms) { 2, 14, 18, 23, 25 }
# cobases: 237 (1400 ms) { 2, 14, 19, 23, 25 }
# cobases: 238 (1450 ms) { 1, 2, 18, 21, 23 }
# cobases: 239 (1460 ms) { 1, 2, 17, 21, 23 }
# cobases: 240 (1460 ms) { 1, 2, 18, 20, 21 }
# cobases: 241 (1460 ms) { 2, 17, 18, 20, 21 }
# cobases: 242 (1460 ms) { 2, 18, 19, 20, 21 }
# cobases: 243 (1480 ms) { 1, 18, 19, 20, 21 }
# cobases: 244 (1480 ms) { 1, 2, 16, 20, 21 }
# cobases: 245 (1480 ms) { 1, 2, 17, 20, 21 }
# cobases: 246 (1480 ms) { 1, 2, 16, 18, 21 }
# cobases: 247 (1490 ms) { 1, 2, 18, 19, 21 }
# cobases: 248 (1490 ms) { 1, 2, 16, 18, 20 }
# cobases: 249 (1500 ms) { 2, 16, 17, 18, 20 }
# cobases: 250 (1500 ms) { 1, 16, 17, 18, 20 }
# cobases: 251 (1500 ms) { 1, 16, 18, 19, 20 }
# cobases: 252 (1510 ms) { 1, 2, 3, 16, 20 }
# cobases: 253 (1510 ms) { 1, 2, 16, 17, 20 }
# cobases: 254 (1520 ms) { 2, 4, 16, 17, 20 }
# cobases: 255 (1520 ms) { 1, 3, 16, 17, 20 }
# cobases: 256 (1520 ms) { 1, 16, 17, 19, 20 }
# cobases: 257 (1530 ms) { 1, 2, 3, 17, 20 }
# cobases: 258 (1540 ms) { 2, 3, 4, 17, 20 }
# cobases: 259 (1550 ms) { 1, 3, 17, 19, 20 }
# cobases: 260 (1560 ms) { 1, 2, 3, 17, 19 }
# cobases: 261 (1590 ms) { 3, 4, 16, 17, 20 }
# cobases: 262 (1590 ms) { 2, 4, 8, 17, 20 }
# cobases: 263 (1590 ms) { 2, 4, 17, 20, 21 }
# cobases: 264 (1590 ms) { 2, 3, 8, 17, 20 }
# cobases: 265 (1600 ms) { 2, 3, 4, 8, 20 }
# cobases: 266 (1600 ms) { 2, 3, 4, 16, 20 }
# cobases: 267 (1600 ms) { 2, 3, 4, 8, 17 }
# cobases: 268 (1640 ms) { 4, 16, 17, 20, 22 }
# cobases: 269 (1670 ms) { 1, 16, 17, 18, 19 }
# cobases: 270 (1690 ms) { 16, 17, 18, 19, 25 }
# cobases: 271 (1700 ms) { 15, 17, 18, 19, 25 }
# cobases: 272 (1760 ms) { 15, 16, 17, 19, 25 }
# cobases: 273 (1780 ms) { 15, 16, 17, 18, 25 }
# cobases: 274 (2010 ms) { 3, 16, 17, 18, 20 }
# cobases: 275 (2060 ms) { 1, 2, 17, 21, 22 }
# cobases: 276 (2060 ms) { 2, 17, 18, 21, 22 }
# cobases: 277 (2070 ms) { 1, 17, 18, 21, 22 }
# cobases: 278 (2090 ms) { 1, 4, 18, 20, 21 }
# cobases: 279 (2100 ms) { 4, 15, 18, 20, 21 }
# cobases: 280 (2100 ms) { 4, 18, 20, 21, 23 }
# cobases: 281 (2100 ms) { 1, 4, 15, 20, 21 }
# cobases: 282 (2100 ms) { 1, 4, 18, 21, 23 }
# cobases: 283 (2100 ms) { 1, 4, 18, 23, 24 }
# cobases: 284 (2110 ms) { 4, 15, 20, 21, 25 }
# vertices: 36 (2110 ms) [ 1 -3 1 -1 1 1 ]
# cobases: 285 (2480 ms) { 11, 12, 18, 20, 23 }
# cobases: 286 (3070 ms) { 5, 11, 18, 19, 23 }
# cobases: 287 (3140 ms) { 9, 19, 22, 23, 24 }
# cobases: 288 (3340 ms) { 6, 8, 14, 24, 25 }
# cobases: 289 (3360 ms) { 6, 15, 16, 24, 25 }
# cobases: 290 (3370 ms) { 6, 14, 16, 24, 25 }
# cobases: 291 (3450 ms) { 11, 17, 18, 21, 22 }

results: 
{
	dimension: 5
	initial cobasis: { 18, 21, 23, 24, 25 }
	symmetry generators: 6
	{
		(2,8)(5,9)(7,11)(13,19)(15,21)(16,22)(18,24),
		(4,12)(5,13)(6,14)(7,15)(9,19)(10,20)(11,21),
		(2,3,8)(5,6,9)(7,11,10)(13,14,19)(15,21,20)(16,17,22)(18,24,23),
		(1,23)(2,10,8,20)(3,25)(4,22,12,16)(5,9,19,13)(6,24,14,18)(7,11,21,15),
		(3,8)(6,9)(7,10)(14,19)(15,20)(17,22)(18,23),
		(1,5)(3,7)(8,10)(12,16)(14,18)(19,23)(21,25)
	}
	basis orbits: 291
	{
		{ 1, 2, 3, 16, 20 },
		{ 1, 2, 3, 17, 19 },
		{ 1, 2, 3, 17, 20 },
		{ 1, 2, 16, 17, 20 },
		{ 1, 2, 16, 18, 20 },
		{ 1, 2, 16, 18, 21 },
		{ 1, 2, 16, 20, 21 },
		{ 1, 2, 17, 20, 21 },
		{ 1, 2, 17, 21, 22 },
		{ 1, 2, 17, 21, 23 },
		{ 1, 2, 18, 19, 21 },
		{ 1, 2, 18, 20, 21 },
		{ 1, 2, 18, 21, 23 },
		{ 1, 3, 16, 17, 20 },
		{ 1, 3, 17, 19, 20 },
		{ 1, 4, 15, 20, 21 },
		{ 1, 4, 18, 20, 21 },
		{ 1, 4, 18, 21, 23 },
		{ 1, 4, 18, 23, 24 },
		{ 1, 5, 11, 15, 22 },
		{ 1, 7, 8, 15, 16 },
		{ 1, 7, 8, 15, 23 },
		{ 1, 7, 11, 15, 22 },
		{ 1, 7, 15, 16, 22 },
		{ 1, 7, 15, 16, 23 },
		{ 1, 7, 15, 16, 24 },
		{ 1, 9, 13, 18, 24 },
		{ 1, 9, 18, 23, 24 },
		{ 1, 11, 15, 16, 22 },
		{ 1, 11, 15, 21, 22 },
		{ 1, 11, 18, 19, 23 },
		{ 1, 15, 18, 20, 21 },
		{ 1, 16, 17, 18, 19 },
		{ 1, 16, 17, 18, 20 },
		{ 1, 16, 17, 19, 20 },
		{ 1, 16, 18, 19, 20 },
		{ 1, 17, 18, 20, 21 },
		{ 1, 17, 18, 21, 22 },
		{ 1, 17, 18, 21, 23 },
		{ 1, 18, 19, 20, 21 },
		{ 1, 18, 20, 21, 23 },
		{ 1, 18, 21, 23, 24 },
		{ 2, 3, 4, 8, 17 },
		{ 2, 3, 4, 8, 20 },
		{ 2, 3, 4, 16, 20 },
		{ 2, 3, 4, 17, 20 },
		{ 2, 3, 8, 17, 20 },
		{ 2, 4, 8, 17, 20 },
		{ 2, 4, 16, 17, 20 },
		{ 2, 4, 17, 20, 21 },
		{ 2, 12, 14, 16, 23 },
		{ 2, 12, 14, 18, 23 },
		{ 2, 12, 16, 18, 23 },
		{ 2, 12, 16, 21, 23 },
		{ 2, 12, 16, 23, 25 },
		{ 2, 12, 18, 21, 23 },
		{ 2, 12, 18, 23, 25 },
		{ 2, 12, 19, 23, 25 },
		{ 2, 12, 21, 23, 25 },
		{ 2, 14, 16, 18, 23 },
		{ 2, 14, 16, 23, 25 },
		{ 2, 14, 18, 23, 25 },
		{ 2, 14, 19, 23, 25 },
		{ 2, 14, 21, 23, 25 },
		{ 2, 16, 17, 18, 20 },
		{ 2, 16, 18, 21, 23 },
		{ 2, 16, 19, 23, 25 },
		{ 2, 16, 21, 23, 25 },
		{ 2, 17, 18, 20, 21 },
		{ 2, 17, 18, 21, 22 },
		{ 2, 17, 18, 21, 23 },
		{ 2, 18, 19, 20, 21 },
		{ 2, 18, 21, 23, 25 },
		{ 3, 4, 16, 17, 20 },
		{ 3, 7, 8, 15, 24 },
		{ 3, 8, 10, 15, 25 },
		{ 3, 16, 17, 18, 20 },
		{ 3, 17, 18, 20, 21 },
		{ 4, 6, 9, 21, 25 },
		{ 4, 9, 11, 18, 19 },
		{ 4, 9, 11, 19, 23 },
		{ 4, 9, 11, 19, 25 },
		{ 4, 9, 11, 21, 25 },
		{ 4, 9, 12, 16, 18 },
		{ 4, 9, 12, 16, 24 },
		{ 4, 9, 12, 18, 23 },
		{ 4, 9, 12, 23, 25 },
		{ 4, 9, 16, 18, 21 },
		{ 4, 9, 18, 19, 23 },
		{ 4, 11, 12, 18, 25 },
		{ 4, 11, 18, 19, 23 },
		{ 4, 11, 18, 19, 25 },
		{ 4, 12, 14, 16, 21 },
		{ 4, 12, 16, 17, 24 },
		{ 4, 12, 16, 18, 21 },
		{ 4, 12, 16, 18, 23 },
		{ 4, 12, 18, 23, 25 },
		{ 4, 15, 18, 20, 21 },
		{ 4, 15, 20, 21, 25 },
		{ 4, 16, 17, 20, 22 },
		{ 4, 18, 20, 21, 23 },
		{ 4, 18, 21, 23, 24 },
		{ 4, 18, 21, 23, 25 },
		{ 5, 11, 15, 17, 20 },
		{ 5, 11, 15, 17, 22 },
		{ 5, 11, 18, 19, 23 },
		{ 5, 12, 15, 17, 20 },
		{ 5, 12, 15, 17, 22 },
		{ 5, 15, 17, 20, 25 },
		{ 6, 8, 10, 15, 24 },
		{ 6, 8, 14, 24, 25 },
		{ 6, 8, 15, 24, 25 },
		{ 6, 9, 11, 18, 19 },
		{ 6, 9, 11, 21, 25 },
		{ 6, 9, 12, 16, 21 },
		{ 6, 9, 12, 16, 24 },
		{ 6, 9, 13, 21, 25 },
		{ 6, 9, 16, 21, 25 },
		{ 6, 11, 18, 19, 23 },
		{ 6, 14, 16, 24, 25 },
		{ 6, 15, 16, 24, 25 },
		{ 7, 8, 10, 15, 24 },
		{ 7, 8, 10, 15, 25 },
		{ 7, 8, 15, 16, 23 },
		{ 7, 8, 15, 16, 25 },
		{ 7, 8, 15, 24, 25 },
		{ 7, 9, 12, 23, 24 },
		{ 7, 10, 11, 15, 25 },
		{ 7, 10, 11, 20, 23 },
		{ 7, 11, 15, 17, 22 },
		{ 7, 11, 18, 20, 23 },
		{ 7, 15, 16, 17, 22 },
		{ 7, 15, 16, 24, 25 },
		{ 7, 15, 17, 20, 21 },
		{ 7, 18, 21, 23, 24 },
		{ 8, 9, 10, 20, 24 },
		{ 8, 9, 20, 24, 25 },
		{ 8, 10, 15, 20, 25 },
		{ 8, 10, 20, 22, 24 },
		{ 8, 10, 20, 22, 25 },
		{ 8, 10, 20, 23, 25 },
		{ 8, 10, 20, 24, 25 },
		{ 8, 15, 17, 20, 21 },
		{ 8, 20, 22, 24, 25 },
		{ 8, 20, 23, 24, 25 },
		{ 9, 10, 11, 20, 23 },
		{ 9, 10, 20, 22, 24 },
		{ 9, 10, 20, 23, 24 },
		{ 9, 11, 12, 18, 19 },
		{ 9, 11, 12, 18, 23 },
		{ 9, 11, 12, 18, 25 },
		{ 9, 11, 12, 19, 23 },
		{ 9, 11, 12, 19, 25 },
		{ 9, 11, 16, 19, 25 },
		{ 9, 11, 18, 19, 23 },
		{ 9, 11, 18, 19, 25 },
		{ 9, 11, 19, 20, 23 },
		{ 9, 12, 14, 16, 23 },
		{ 9, 12, 14, 18, 23 },
		{ 9, 12, 16, 18, 21 },
		{ 9, 12, 16, 18, 23 },
		{ 9, 12, 16, 18, 25 },
		{ 9, 12, 16, 20, 24 },
		{ 9, 12, 16, 21, 23 },
		{ 9, 12, 16, 23, 24 },
		{ 9, 12, 16, 23, 25 },
		{ 9, 12, 18, 23, 24 },
		{ 9, 12, 18, 23, 25 },
		{ 9, 13, 18, 23, 24 },
		{ 9, 14, 16, 18, 23 },
		{ 9, 16, 18, 19, 23 },
		{ 9, 16, 18, 19, 25 },
		{ 9, 16, 19, 23, 24 },
		{ 9, 18, 19, 23, 24 },
		{ 9, 18, 19, 23, 25 },
		{ 9, 19, 20, 23, 24 },
		{ 9, 19, 22, 23, 24 },
		{ 9, 20, 22, 23, 24 },
		{ 10, 11, 15, 16, 20 },
		{ 10, 11, 15, 17, 20 },
		{ 10, 11, 15, 17, 22 },
		{ 10, 11, 15, 18, 20 },
		{ 10, 11, 15, 20, 23 },
		{ 10, 11, 18, 20, 22 },
		{ 10, 11, 18, 20, 23 },
		{ 10, 11, 20, 22, 23 },
		{ 10, 11, 20, 24, 25 },
		{ 10, 16, 20, 22, 25 },
		{ 10, 20, 22, 23, 24 },
		{ 10, 20, 22, 23, 25 },
		{ 10, 20, 22, 24, 25 },
		{ 11, 12, 15, 16, 20 },
		{ 11, 12, 15, 18, 20 },
		{ 11, 12, 16, 18, 21 },
		{ 11, 12, 16, 18, 23 },
		{ 11, 12, 16, 18, 25 },
		{ 11, 12, 18, 19, 23 },
		{ 11, 12, 18, 20, 23 },
		{ 11, 12, 18, 21, 25 },
		{ 11, 15, 16, 17, 22 },
		{ 11, 15, 16, 20, 21 },
		{ 11, 15, 17, 21, 22 },
		{ 11, 15, 18, 20, 21 },
		{ 11, 16, 18, 19, 23 },
		{ 11, 16, 18, 19, 25 },
		{ 11, 17, 18, 21, 22 },
		{ 11, 17, 18, 21, 23 },
		{ 11, 18, 19, 21, 23 },
		{ 11, 18, 19, 21, 25 },
		{ 11, 18, 19, 23, 25 },
		{ 11, 18, 20, 21, 23 },
		{ 11, 18, 21, 23, 24 },
		{ 11, 20, 22, 23, 24 },
		{ 11, 21, 23, 24, 25 },
		{ 12, 13, 14, 16, 23 },
		{ 12, 13, 15, 17, 20 },
		{ 12, 13, 16, 18, 23 },
		{ 12, 14, 16, 23, 24 },
		{ 12, 14, 17, 18, 22 },
		{ 12, 15, 16, 17, 20 },
		{ 12, 15, 16, 17, 22 },
		{ 12, 15, 17, 18, 19 },
		{ 12, 15, 17, 18, 20 },
		{ 12, 15, 17, 18, 21 },
		{ 12, 15, 17, 18, 22 },
		{ 12, 15, 17, 20, 21 },
		{ 12, 15, 18, 20, 21 },
		{ 12, 16, 17, 18, 20 },
		{ 12, 16, 17, 18, 22 },
		{ 12, 17, 18, 19, 22 },
		{ 12, 17, 18, 20, 21 },
		{ 12, 17, 18, 20, 22 },
		{ 12, 17, 18, 20, 23 },
		{ 12, 17, 18, 21, 22 },
		{ 12, 17, 18, 21, 23 },
		{ 12, 17, 18, 21, 24 },
		{ 12, 17, 18, 23, 24 },
		{ 12, 17, 20, 21, 23 },
		{ 12, 17, 21, 23, 24 },
		{ 12, 18, 20, 21, 23 },
		{ 12, 18, 21, 23, 24 },
		{ 12, 18, 23, 24, 25 },
		{ 12, 21, 23, 24, 25 },
		{ 13, 15, 17, 18, 22 },
		{ 13, 16, 18, 21, 23 },
		{ 13, 17, 18, 20, 23 },
		{ 13, 17, 18, 21, 23 },
		{ 13, 17, 18, 21, 24 },
		{ 13, 17, 18, 23, 24 },
		{ 13, 18, 21, 23, 24 },
		{ 13, 18, 21, 23, 25 },
		{ 13, 18, 23, 24, 25 },
		{ 13, 21, 23, 24, 25 },
		{ 14, 15, 17, 20, 21 },
		{ 14, 16, 19, 23, 24 },
		{ 14, 16, 22, 23, 24 },
		{ 14, 16, 23, 24, 25 },
		{ 14, 17, 18, 23, 24 },
		{ 14, 18, 20, 21, 23 },
		{ 14, 18, 21, 23, 24 },
		{ 14, 21, 23, 24, 25 },
		{ 15, 16, 17, 18, 21 },
		{ 15, 16, 17, 18, 22 },
		{ 15, 16, 17, 18, 25 },
		{ 15, 16, 17, 19, 25 },
		{ 15, 17, 18, 19, 21 },
		{ 15, 17, 18, 19, 25 },
		{ 15, 17, 18, 20, 21 },
		{ 15, 17, 20, 21, 23 },
		{ 15, 17, 20, 21, 25 },
		{ 15, 17, 21, 23, 24 },
		{ 15, 18, 19, 20, 21 },
		{ 15, 18, 20, 21, 25 },
		{ 15, 21, 23, 24, 25 },
		{ 16, 17, 18, 19, 25 },
		{ 16, 17, 18, 21, 23 },
		{ 16, 17, 18, 21, 24 },
		{ 16, 18, 21, 23, 24 },
		{ 16, 21, 23, 24, 25 },
		{ 17, 18, 19, 21, 23 },
		{ 17, 18, 19, 21, 24 },
		{ 17, 18, 20, 21, 23 },
		{ 17, 18, 20, 21, 24 },
		{ 17, 18, 21, 23, 24 },
		{ 17, 18, 21, 23, 25 },
		{ 17, 19, 21, 23, 24 },
		{ 17, 20, 21, 22, 23 },
		{ 17, 20, 21, 23, 25 },
		{ 17, 21, 22, 23, 24 },
		{ 17, 21, 23, 24, 25 },
		{ 18, 21, 23, 24, 25 }
	}
	vertex orbits: 36
	{
		[ 1 -3 -1 -1 -1 1 ],
		[ 1 -3 1 -2 1 2 ],
		[ 1 -3 1 -1 1 1 ],
		[ 1 -2 -1 0 -1 1 ],
		[ 1 -2 1 0 1 1 ],
		[ 1 -2 1 1 1 0 ],
		[ 1 -1 -1 -2 -1 -2 ],
		[ 1 -1 -1 -1 -1 -1 ],
		[ 1 -1 0 -1 0 1 ],
		[ 1 -1 0 0 0 0 ],
		[ 1 -1 0 1 0 -1 ],
		[ 1 -1 1/2 -1/2 1/2 -1/2 ],
		[ 1 -1 1 -2 1 2 ],
		[ 1 -1 1 -1 1 1 ],
		[ 1 -1 1 1 0 0 ],
		[ 1 -1 1 1 1 1 ],
		[ 1 -1 2 -1 -1 2 ],
		[ 1 -1 3 -2 -1 2 ],
		[ 1 -2/3 -1/3 -1/3 2/3 1/3 ],
		[ 1 -1/2 -1 -1/2 -1/2 -1/2 ],
		[ 1 -1/2 -1/2 -1/2 -1/2 0 ],
		[ 1 -1/2 0 -1/2 1/2 1/2 ],
		[ 1 -1/2 1/2 -1 1/2 1/2 ],
		[ 1 -1/2 1/2 -1/2 -1/2 0 ],
		[ 1 -1/2 1 -3/2 1/2 1/2 ],
		[ 1 -1/2 3/2 -1/2 -1/2 1 ],
		[ 1 -1/3 -1/3 -1/3 1/3 -1/3 ],
		[ 1 -1/3 1/3 -2/3 1/3 2/3 ],
		[ 1 0 -1 0 -1 -1 ],
		[ 1 0 -1 0 0 0 ],
		[ 1 1 -2 1 -2 -1 ],
		[ 1 1 -1 1 -2 0 ],
		[ 1 1 -1 1 -1 -1 ],
		[ 1 1 -1 1 1 -3 ],
		[ 1 1 0 1 1 -2 ],
		[ 1 2 -2 1 -3 -1 ]
	}
	ray orbits: 0
	{}
}
total running time: 6060 ms
