Matrix:	(25,6)
[ [ 1 -1 -1 -1 -1 -1 ]
  [ 1 -1 -1 -1 -1 1 ]
  [ 1 -1 -1 -1 1 -1 ]
  [ 1 -1 -1 -1 1 1 ]
  [ 1 -1 -1 1 -1 -1 ]
  [ 1 -1 -1 1 -1 1 ]
  [ 1 -1 -1 1 1 1 ]
  [ 1 -1 1 -1 -1 -1 ]
  [ 1 -1 1 -1 -1 1 ]
  [ 1 -1 1 -1 1 1 ]
  [ 1 -1 1 1 -1 1 ]
  [ 1 1 -1 -1 -1 -1 ]
  [ 1 1 -1 -1 1 -1 ]
  [ 1 1 -1 -1 1 1 ]
  [ 1 1 -1 1 -1 -1 ]
  [ 1 1 -1 1 -1 1 ]
  [ 1 1 -1 1 1 -1 ]
  [ 1 1 -1 1 1 1 ]
  [ 1 1 1 -1 -1 -1 ]
  [ 1 1 1 -1 -1 1 ]
  [ 1 1 1 -1 1 -1 ]
  [ 1 1 1 -1 1 1 ]
  [ 1 1 1 1 -1 -1 ]
  [ 1 1 1 1 -1 1 ]
  [ 1 1 1 1 1 1 ] ]
Group:	6
{
	(2,12)(4,13)(6,15)(7,17)(9,19)(10,21)(11,23),
	(5,8)(6,9)(7,10)(15,19)(16,20)(17,21)(18,22),
	(3,5,8)(4,6,9)(7,11,10)(13,15,19)(14,16,20)(17,23,21)(18,24,22),
	(1,4)(5,7)(8,10)(12,14)(15,18)(19,22)(23,25),
	(3,8)(4,9)(7,11)(13,19)(14,20)(17,23)(18,24),
	(1,6)(3,7)(8,11)(12,16)(13,18)(19,24)(21,25)
}
Gram Matrix:	| 1 2 2 3 2 3 0 2 3 0 0 2 3 0 3 0 0 -4 3 0 0 -4 0 -4 -5 | 2 1 3 2 3 2 3 3 2 3 3 3 0 3 0 3 -4 0 0 3 -4 0 -4 0 -4 | 2 3 1 2 3 0 3 3 0 3 -4 3 2 3 0 -4 3 0 0 -4 3 0 -4 -5 -4 | 3 2 2 1 0 3 2 0 3 2 0 0 3 2 -4 0 0 3 -4 0 0 3 -5 -4 0 | 2 3 3 0 1 2 3 3 0 -4 3 3 0 -4 2 3 3 0 0 -4 -4 -5 3 0 -4 | 3 2 0 3 2 1 2 0 3 0 2 0 -4 0 3 2 0 3 -4 0 -5 -4 0 3 0 | 0 3 3 2 3 2 1 -4 0 3 3 -4 0 3 0 3 3 2 -5 -4 -4 0 -4 0 3 | 2 3 3 0 3 0 -4 1 2 3 3 3 0 -4 0 -4 -4 -5 2 3 3 0 3 0 -4 | 3 2 0 3 0 3 0 2 1 2 2 0 -4 0 -4 0 -5 -4 3 2 0 3 0 3 0 | 0 3 3 2 -4 0 3 3 2 1 3 -4 0 3 -5 -4 -4 0 0 3 3 2 -4 0 3 | 0 3 -4 0 3 2 3 3 2 3 1 -4 -5 -4 0 3 -4 0 0 3 -4 0 3 2 3 | 2 3 3 0 3 0 -4 3 0 -4 -4 1 2 3 2 3 3 0 2 3 3 0 3 0 -4 | 3 0 2 3 0 -4 0 0 -4 0 -5 2 1 2 3 0 2 3 3 0 2 3 0 -4 0 | 0 3 3 2 -4 0 3 -4 0 3 -4 3 2 1 0 3 3 2 0 3 3 2 -4 0 3 | 3 0 0 -4 2 3 0 0 -4 -5 0 2 3 0 1 2 2 3 3 0 0 -4 2 3 0 | 0 3 -4 0 3 2 3 -4 0 -4 3 3 0 3 2 1 3 2 0 3 -4 0 3 2 3 | 0 -4 3 0 3 0 3 -4 -5 -4 -4 3 2 3 2 3 1 2 0 -4 3 0 3 0 3 | -4 0 0 3 0 3 2 -5 -4 0 0 0 3 2 3 2 2 1 -4 0 0 3 0 3 2 | 3 0 0 -4 0 -4 -5 2 3 0 0 2 3 0 3 0 0 -4 1 2 2 3 2 3 0 | 0 3 -4 0 -4 0 -4 3 2 3 3 3 0 3 0 3 -4 0 2 1 3 2 3 2 3 | 0 -4 3 0 -4 -5 -4 3 0 3 -4 3 2 3 0 -4 3 0 2 3 1 2 3 0 3 | -4 0 0 3 -5 -4 0 0 3 2 0 0 3 2 -4 0 0 3 3 2 2 1 0 3 2 | 0 -4 -4 -5 3 0 -4 3 0 -4 3 3 0 -4 2 3 3 0 2 3 3 0 1 2 3 | -4 0 -5 -4 0 3 0 0 3 0 2 0 -4 0 3 2 0 3 3 2 0 3 2 1 2 | -5 -4 -4 0 -4 0 3 -4 0 3 3 -4 0 3 0 3 3 2 0 3 3 2 3 2 1 |
# cobases: 1 (0 ms) { 18, 22, 23, 24, 25 }
# vertices: 1 (0 ms) [ 1 -1 0 0 0 0 ]
# cobases: 2 (0 ms) { 11, 22, 23, 24, 25 }
# vertices: 2 (0 ms) [ 1 0 -1 0 0 0 ]
# cobases: 3 (0 ms) { 12, 22, 23, 24, 25 }
# cobases: 4 (0 ms) { 13, 22, 23, 24, 25 }
# cobases: 5 (0 ms) { 14, 22, 23, 24, 25 }
# cobases: 6 (0 ms) { 15, 22, 23, 24, 25 }
# cobases: 7 (0 ms) { 16, 22, 23, 24, 25 }
# cobases: 8 (0 ms) { 17, 22, 23, 24, 25 }
# cobases: 9 (0 ms) { 12, 18, 22, 24, 25 }
# cobases: 10 (0 ms) { 13, 18, 22, 24, 25 }
# cobases: 11 (0 ms) { 2, 18, 22, 23, 25 }
# vertices: 3 (0 ms) [ 1 -1 0 0 1 -1 ]
# cobases: 12 (0 ms) { 3, 18, 22, 23, 25 }
# vertices: 4 (0 ms) [ 1 -1 0 0 -1 1 ]
# cobases: 13 (0 ms) { 13, 18, 22, 23, 25 }
# cobases: 14 (0 ms) { 16, 18, 22, 23, 25 }
# cobases: 15 (0 ms) { 2, 18, 22, 23, 24 }
# vertices: 5 (0 ms) [ 1 -2 1 1 1 0 ]
# cobases: 16 (0 ms) { 7, 18, 22, 23, 24 }
# vertices: 6 (0 ms) [ 1 0 -1 -1 -1 0 ]
# cobases: 17 (0 ms) { 12, 18, 22, 23, 24 }
# cobases: 18 (0 ms) { 13, 18, 22, 23, 24 }
# cobases: 19 (0 ms) { 14, 18, 22, 23, 24 }
# cobases: 20 (0 ms) { 15, 18, 22, 23, 24 }
# cobases: 21 (0 ms) { 16, 18, 22, 23, 24 }
# cobases: 22 (0 ms) { 1, 18, 22, 23, 24 }
# cobases: 23 (0 ms) { 11, 18, 22, 23, 24 }
# cobases: 24 (0 ms) { 12, 16, 22, 23, 24 }
# cobases: 25 (0 ms) { 16, 17, 22, 23, 24 }
# cobases: 26 (0 ms) { 16, 19, 22, 23, 24 }
# cobases: 27 (0 ms) { 16, 20, 22, 23, 24 }
# cobases: 28 (0 ms) { 12, 16, 18, 23, 24 }
# cobases: 29 (0 ms) { 13, 16, 18, 23, 24 }
# cobases: 30 (0 ms) { 14, 16, 18, 23, 24 }
# cobases: 31 (0 ms) { 16, 18, 19, 23, 24 }
# cobases: 32 (0 ms) { 16, 18, 21, 23, 24 }
# cobases: 33 (10 ms) { 12, 16, 18, 22, 24 }
# cobases: 34 (10 ms) { 13, 16, 18, 22, 24 }
# cobases: 35 (10 ms) { 15, 16, 18, 22, 24 }
# cobases: 36 (10 ms) { 3, 16, 18, 22, 23 }
# vertices: 7 (10 ms) [ 1 -2 1 1 0 1 ]
# cobases: 37 (10 ms) { 11, 16, 18, 22, 23 }
# vertices: 8 (10 ms) [ 1 -1/2 -1/2 -1/2 0 -1/2 ]
# cobases: 38 (10 ms) { 12, 16, 18, 22, 23 }
# cobases: 39 (10 ms) { 13, 16, 18, 22, 23 }
# cobases: 40 (10 ms) { 14, 16, 18, 22, 23 }
# cobases: 41 (10 ms) { 16, 18, 19, 22, 23 }
# cobases: 42 (10 ms) { 16, 18, 21, 22, 23 }
# cobases: 43 (10 ms) { 1, 18, 21, 22, 23 }
# cobases: 44 (10 ms) { 11, 18, 21, 22, 23 }
# cobases: 45 (10 ms) { 12, 18, 21, 22, 23 }
# cobases: 46 (10 ms) { 15, 18, 21, 22, 23 }
# cobases: 47 (10 ms) { 12, 16, 21, 22, 23 }
# cobases: 48 (10 ms) { 16, 17, 21, 22, 23 }
# cobases: 49 (10 ms) { 16, 20, 21, 22, 23 }
# cobases: 50 (10 ms) { 16, 21, 22, 23, 25 }
# cobases: 51 (10 ms) { 1, 16, 18, 22, 23 }
# cobases: 52 (10 ms) { 5, 16, 18, 21, 23 }
# vertices: 9 (10 ms) [ 1 -1 1 0 0 1 ]
# cobases: 53 (10 ms) { 12, 16, 18, 21, 23 }
# cobases: 54 (10 ms) { 16, 17, 18, 21, 23 }
# cobases: 55 (20 ms) { 12, 16, 18, 21, 22 }
# cobases: 56 (20 ms) { 13, 16, 18, 21, 22 }
# cobases: 57 (20 ms) { 12, 13, 16, 21, 22 }
# cobases: 58 (20 ms) { 13, 14, 16, 18, 22 }
# cobases: 59 (20 ms) { 13, 16, 18, 19, 22 }
# cobases: 60 (20 ms) { 12, 16, 18, 19, 22 }
# cobases: 61 (20 ms) { 14, 16, 18, 19, 22 }
# cobases: 62 (20 ms) { 16, 18, 19, 22, 25 }
# cobases: 63 (20 ms) { 1, 13, 18, 19, 22 }
# vertices: 10 (20 ms) [ 1 -1 1 1 1 -1 ]
# cobases: 64 (20 ms) { 2, 13, 18, 19, 22 }
# vertices: 11 (20 ms) [ 1 -1 1/2 1/2 1/2 -1/2 ]
# cobases: 65 (30 ms) { 2, 18, 19, 22, 25 }
# cobases: 66 (30 ms) { 2, 13, 18, 20, 22 }
# vertices: 12 (30 ms) [ 1 -1/2 1/2 1/2 0 -1/2 ]
# cobases: 67 (30 ms) { 2, 13, 18, 22, 23 }
# vertices: 13 (30 ms) [ 1 -3/2 1/2 1/2 1 -1/2 ]
# cobases: 68 (30 ms) { 1, 13, 18, 22, 23 }
# vertices: 14 (30 ms) [ 1 -2 1 1 2 -1 ]
# cobases: 69 (30 ms) { 1, 2, 18, 22, 23 }
# cobases: 70 (30 ms) { 2, 3, 18, 22, 23 }
# vertices: 15 (30 ms) [ 1 -3 2 2 1 1 ]
# cobases: 71 (30 ms) { 2, 17, 18, 22, 23 }
# cobases: 72 (30 ms) { 1, 6, 18, 22, 23 }
# cobases: 73 (40 ms) { 1, 2, 17, 22, 23 }
# cobases: 74 (40 ms) { 1, 2, 18, 22, 24 }
# cobases: 75 (40 ms) { 1, 4, 18, 22, 24 }
# cobases: 76 (40 ms) { 4, 13, 18, 22, 24 }
# cobases: 77 (40 ms) { 1, 4, 15, 22, 24 }
# cobases: 78 (50 ms) { 2, 3, 17, 22, 23 }
# vertices: 16 (50 ms) [ 1 -2 1 2 1 1 ]
# cobases: 79 (50 ms) { 2, 17, 21, 22, 23 }
# cobases: 80 (50 ms) { 1, 6, 17, 22, 23 }
# vertices: 17 (50 ms) [ 1 -3 2 1 2 -1 ]
# cobases: 81 (50 ms) { 1, 17, 21, 22, 23 }
# cobases: 82 (50 ms) { 1, 2, 17, 21, 23 }
# cobases: 83 (50 ms) { 2, 3, 17, 21, 23 }
# vertices: 18 (50 ms) [ 1 -1 1 1 1 1 ]
# cobases: 84 (50 ms) { 2, 17, 21, 23, 25 }
# vertices: 19 (50 ms) [ 1 -3 1 1 1 -1 ]
# cobases: 85 (50 ms) { 1, 17, 20, 21, 23 }
# vertices: 20 (50 ms) [ 1 -1 1/2 1/2 1/2 1/2 ]
# cobases: 86 (50 ms) { 2, 17, 20, 21, 23 }
# cobases: 87 (50 ms) { 17, 20, 21, 23, 25 }
# cobases: 88 (50 ms) { 1, 14, 20, 21, 23 }
# cobases: 89 (50 ms) { 1, 15, 20, 21, 23 }
# vertices: 21 (50 ms) [ 1 -1/2 0 1/2 1/2 1/2 ]
# cobases: 90 (50 ms) { 1, 18, 20, 21, 23 }
# vertices: 22 (50 ms) [ 1 -3/2 1 1/2 1/2 1/2 ]
# cobases: 91 (50 ms) { 18, 20, 21, 23, 25 }
# cobases: 92 (50 ms) { 1, 18, 19, 21, 23 }
# cobases: 93 (50 ms) { 1, 3, 18, 20, 23 }
# cobases: 94 (60 ms) { 3, 16, 18, 20, 23 }
# cobases: 95 (60 ms) { 3, 18, 20, 23, 25 }
# vertices: 23 (60 ms) [ 1 -2 0 1 -1 1 ]
# cobases: 96 (60 ms) { 1, 16, 18, 20, 23 }
# cobases: 97 (60 ms) { 1, 3, 16, 20, 23 }
# cobases: 98 (60 ms) { 1, 3, 18, 21, 23 }
# cobases: 99 (60 ms) { 1, 3, 18, 22, 23 }
# cobases: 100 (60 ms) { 3, 16, 18, 21, 23 }
# cobases: 101 (60 ms) { 3, 18, 19, 21, 23 }
# cobases: 102 (60 ms) { 1, 7, 18, 21, 23 }
# vertices: 24 (60 ms) [ 1 0 1 -1 -1 2 ]
# cobases: 103 (60 ms) { 1, 14, 18, 21, 23 }
# cobases: 104 (60 ms) { 1, 3, 14, 21, 23 }
# cobases: 105 (60 ms) { 1, 3, 16, 21, 23 }
# cobases: 106 (60 ms) { 1, 3, 14, 18, 23 }
# cobases: 107 (60 ms) { 1, 3, 18, 19, 23 }
# cobases: 108 (60 ms) { 1, 3, 14, 18, 21 }
# cobases: 109 (60 ms) { 3, 14, 16, 18, 21 }
# cobases: 110 (60 ms) { 1, 14, 16, 18, 21 }
# cobases: 111 (60 ms) { 1, 14, 18, 19, 21 }
# cobases: 112 (60 ms) { 1, 3, 5, 14, 21 }
# cobases: 113 (60 ms) { 1, 3, 14, 16, 21 }
# cobases: 114 (60 ms) { 2, 3, 14, 16, 21 }
# cobases: 115 (60 ms) { 3, 14, 16, 21, 25 }
# vertices: 25 (60 ms) [ 1 -1 1 -1 -1 1 ]
# cobases: 116 (60 ms) { 1, 5, 14, 16, 21 }
# cobases: 117 (60 ms) { 1, 7, 14, 16, 21 }
# vertices: 26 (60 ms) [ 1 -1 2 -1 -1 2 ]
# cobases: 118 (60 ms) { 1, 14, 16, 19, 21 }
# cobases: 119 (60 ms) { 1, 3, 5, 16, 21 }
# cobases: 120 (60 ms) { 2, 3, 5, 16, 21 }
# cobases: 121 (60 ms) { 3, 5, 16, 21, 25 }
# cobases: 122 (60 ms) { 1, 5, 16, 19, 21 }
# cobases: 123 (60 ms) { 1, 3, 5, 16, 19 }
# cobases: 124 (70 ms) { 5, 7, 16, 21, 25 }
# cobases: 125 (70 ms) { 5, 14, 16, 21, 25 }
# cobases: 126 (70 ms) { 5, 16, 21, 23, 25 }
# cobases: 127 (70 ms) { 3, 16, 21, 23, 25 }
# cobases: 128 (70 ms) { 16, 21, 23, 24, 25 }
# cobases: 129 (80 ms) { 11, 21, 23, 24, 25 }
# cobases: 130 (80 ms) { 13, 21, 23, 24, 25 }
# cobases: 131 (80 ms) { 17, 21, 23, 24, 25 }
# cobases: 132 (80 ms) { 12, 16, 23, 24, 25 }
# cobases: 133 (80 ms) { 13, 16, 23, 24, 25 }
# cobases: 134 (80 ms) { 16, 20, 23, 24, 25 }
# cobases: 135 (80 ms) { 14, 16, 21, 24, 25 }
# cobases: 136 (80 ms) { 16, 20, 21, 24, 25 }
# cobases: 137 (80 ms) { 16, 20, 21, 23, 25 }
# cobases: 138 (80 ms) { 11, 20, 21, 23, 25 }
# cobases: 139 (80 ms) { 3, 16, 20, 23, 25 }
# vertices: 27 (80 ms) [ 1 -3 1 1 -1 1 ]
# cobases: 140 (80 ms) { 11, 16, 20, 23, 25 }
# vertices: 28 (80 ms) [ 1 -1/3 -1/3 -1/3 1/3 -1/3 ]
# cobases: 141 (80 ms) { 12, 16, 20, 23, 25 }
# cobases: 142 (80 ms) { 13, 16, 20, 23, 25 }
# cobases: 143 (80 ms) { 15, 16, 20, 23, 25 }
# cobases: 144 (90 ms) { 8, 16, 20, 21, 23 }
# cobases: 145 (90 ms) { 5, 16, 20, 21, 23 }
# cobases: 146 (90 ms) { 3, 8, 20, 21, 23 }
# cobases: 147 (90 ms) { 5, 8, 16, 21, 23 }
# cobases: 148 (100 ms) { 5, 8, 21, 23, 25 }
# vertices: 29 (100 ms) [ 1 1 -1 -1 -1 1 ]
# cobases: 149 (100 ms) { 5, 8, 14, 16, 21 }
# cobases: 150 (100 ms) { 2, 5, 14, 16, 21 }
# cobases: 151 (110 ms) { 2, 14, 16, 20, 21 }
# cobases: 152 (120 ms) { 7, 8, 21, 23, 25 }
# cobases: 153 (120 ms) { 8, 17, 21, 23, 25 }
# cobases: 154 (120 ms) { 8, 21, 23, 24, 25 }
# cobases: 155 (120 ms) { 5, 9, 21, 23, 25 }
# vertices: 30 (120 ms) [ 1 2 -2 -1 -1 1 ]
# cobases: 156 (120 ms) { 5, 7, 8, 21, 25 }
# cobases: 157 (120 ms) { 5, 7, 9, 21, 25 }
# cobases: 158 (130 ms) { 4, 5, 9, 21, 25 }
# vertices: 31 (130 ms) [ 1 3 -2 -1 -2 1 ]
# cobases: 159 (130 ms) { 5, 9, 21, 24, 25 }
# vertices: 32 (130 ms) [ 1 1 -2 -1 0 1 ]
# cobases: 160 (130 ms) { 9, 21, 23, 24, 25 }
# cobases: 161 (130 ms) { 5, 10, 21, 24, 25 }
# cobases: 162 (130 ms) { 5, 9, 19, 24, 25 }
# cobases: 163 (130 ms) { 9, 19, 23, 24, 25 }
# cobases: 164 (130 ms) { 8, 19, 23, 24, 25 }
# cobases: 165 (140 ms) { 10, 19, 23, 24, 25 }
# cobases: 166 (140 ms) { 9, 20, 23, 24, 25 }
# cobases: 167 (140 ms) { 8, 9, 19, 24, 25 }
# cobases: 168 (140 ms) { 9, 19, 20, 24, 25 }
# cobases: 169 (140 ms) { 9, 19, 22, 24, 25 }
# cobases: 170 (140 ms) { 2, 9, 19, 23, 25 }
# cobases: 171 (140 ms) { 9, 10, 19, 23, 25 }
# cobases: 172 (140 ms) { 9, 19, 20, 23, 25 }
# cobases: 173 (140 ms) { 8, 19, 20, 23, 25 }
# cobases: 174 (140 ms) { 10, 19, 20, 23, 25 }
# cobases: 175 (140 ms) { 11, 19, 20, 23, 25 }
# cobases: 176 (140 ms) { 18, 19, 20, 23, 25 }
# cobases: 177 (140 ms) { 9, 20, 21, 23, 25 }
# cobases: 178 (140 ms) { 9, 10, 19, 20, 23 }
# cobases: 179 (150 ms) { 8, 9, 21, 23, 25 }
# cobases: 180 (160 ms) { 2, 18, 19, 23, 25 }
# cobases: 181 (160 ms) { 3, 18, 19, 23, 25 }
# cobases: 182 (160 ms) { 14, 18, 19, 20, 25 }
# cobases: 183 (160 ms) { 12, 18, 19, 20, 23 }
# cobases: 184 (170 ms) { 12, 14, 19, 20, 23 }
# cobases: 185 (170 ms) { 12, 14, 18, 20, 23 }
# cobases: 186 (170 ms) { 12, 16, 18, 20, 23 }
# cobases: 187 (170 ms) { 2, 12, 18, 19, 23 }
# cobases: 188 (170 ms) { 3, 12, 18, 19, 23 }
# cobases: 189 (180 ms) { 12, 14, 18, 19, 20 }
# cobases: 190 (180 ms) { 14, 18, 19, 20, 22 }
# cobases: 191 (180 ms) { 12, 14, 15, 19, 20 }
# cobases: 192 (180 ms) { 12, 14, 16, 19, 20 }
# cobases: 193 (180 ms) { 12, 14, 17, 19, 20 }
# cobases: 194 (180 ms) { 12, 14, 17, 18, 20 }
# cobases: 195 (180 ms) { 2, 12, 14, 18, 19 }
# cobases: 196 (180 ms) { 3, 12, 14, 18, 19 }
# cobases: 197 (190 ms) { 3, 14, 15, 18, 19 }
# cobases: 198 (190 ms) { 3, 14, 18, 19, 22 }
# cobases: 199 (190 ms) { 3, 12, 14, 15, 19 }
# cobases: 200 (190 ms) { 3, 12, 14, 19, 23 }
# cobases: 201 (190 ms) { 3, 12, 14, 19, 25 }
# cobases: 202 (190 ms) { 3, 14, 15, 19, 25 }
# cobases: 203 (190 ms) { 3, 14, 19, 22, 25 }
# cobases: 204 (190 ms) { 3, 14, 19, 23, 25 }
# cobases: 205 (190 ms) { 3, 12, 15, 19, 25 }
# cobases: 206 (190 ms) { 3, 12, 19, 22, 25 }
# cobases: 207 (190 ms) { 3, 12, 19, 23, 25 }
# cobases: 208 (190 ms) { 3, 12, 14, 21, 25 }
# cobases: 209 (200 ms) { 3, 12, 14, 16, 25 }
# cobases: 210 (200 ms) { 3, 12, 14, 16, 21 }
# cobases: 211 (200 ms) { 3, 15, 19, 22, 25 }
# cobases: 212 (200 ms) { 3, 18, 19, 22, 25 }
# cobases: 213 (200 ms) { 3, 12, 18, 22, 25 }
# cobases: 214 (220 ms) { 3, 10, 14, 19, 25 }
# vertices: 33 (220 ms) [ 1 -1/2 -1/2 1/2 -1 1/2 ]
# cobases: 215 (230 ms) { 6, 12, 14, 18, 19 }
# cobases: 216 (230 ms) { 11, 12, 14, 18, 19 }
# cobases: 217 (230 ms) { 2, 11, 14, 18, 19 }
# cobases: 218 (230 ms) { 2, 14, 15, 18, 19 }
# cobases: 219 (230 ms) { 2, 14, 18, 19, 22 }
# cobases: 220 (230 ms) { 2, 11, 12, 14, 19 }
# cobases: 221 (230 ms) { 2, 12, 14, 15, 19 }
# cobases: 222 (230 ms) { 2, 12, 14, 19, 23 }
# cobases: 223 (230 ms) { 9, 12, 14, 19, 23 }
# cobases: 224 (230 ms) { 11, 12, 14, 19, 23 }
# cobases: 225 (230 ms) { 2, 9, 14, 19, 23 }
# cobases: 226 (230 ms) { 2, 11, 14, 19, 23 }
# cobases: 227 (230 ms) { 2, 14, 15, 19, 23 }
# cobases: 228 (240 ms) { 2, 11, 14, 15, 19 }
# cobases: 229 (240 ms) { 2, 14, 15, 19, 24 }
# vertices: 34 (240 ms) [ 1 -2/3 1/3 1/3 2/3 -1/3 ]
# cobases: 230 (240 ms) { 6, 11, 14, 15, 19 }
# cobases: 231 (240 ms) { 11, 12, 14, 15, 19 }
# cobases: 232 (240 ms) { 11, 14, 15, 18, 19 }
# cobases: 233 (240 ms) { 11, 14, 15, 19, 25 }
# cobases: 234 (240 ms) { 2, 11, 15, 18, 19 }
# cobases: 235 (240 ms) { 2, 11, 14, 19, 22 }
# cobases: 236 (250 ms) { 9, 11, 14, 19, 22 }
# cobases: 237 (250 ms) { 11, 14, 18, 19, 22 }
# cobases: 238 (250 ms) { 11, 14, 19, 22, 25 }
# cobases: 239 (250 ms) { 2, 6, 11, 19, 22 }
# cobases: 240 (250 ms) { 2, 9, 11, 19, 22 }
# cobases: 241 (250 ms) { 2, 11, 19, 22, 23 }
# cobases: 242 (250 ms) { 2, 11, 14, 22, 23 }
# cobases: 243 (250 ms) { 11, 14, 18, 22, 23 }
# cobases: 244 (250 ms) { 11, 14, 22, 23, 25 }
# cobases: 245 (260 ms) { 2, 6, 11, 22, 23 }
# cobases: 246 (260 ms) { 2, 11, 15, 22, 23 }
# cobases: 247 (260 ms) { 2, 11, 22, 23, 25 }
# cobases: 248 (260 ms) { 6, 11, 22, 23, 25 }
# cobases: 249 (260 ms) { 11, 18, 22, 23, 25 }
# cobases: 250 (260 ms) { 6, 18, 22, 23, 25 }
# cobases: 251 (270 ms) { 6, 11, 18, 22, 23 }
# cobases: 252 (270 ms) { 6, 15, 18, 22, 23 }
# cobases: 253 (270 ms) { 6, 18, 19, 22, 23 }
# cobases: 254 (270 ms) { 6, 11, 19, 22, 23 }
# cobases: 255 (280 ms) { 6, 12, 19, 22, 23 }
# cobases: 256 (280 ms) { 6, 14, 19, 22, 23 }
# cobases: 257 (280 ms) { 6, 15, 19, 22, 23 }
# cobases: 258 (280 ms) { 6, 9, 11, 19, 22 }
# cobases: 259 (280 ms) { 2, 6, 9, 19, 22 }
# cobases: 260 (280 ms) { 6, 9, 12, 19, 22 }
# cobases: 261 (290 ms) { 6, 12, 15, 19, 22 }
# cobases: 262 (290 ms) { 6, 12, 18, 19, 22 }
# cobases: 263 (360 ms) { 2, 11, 16, 19, 22 }
# vertices: 35 (360 ms) [ 1 -1/3 -1/3 1/3 2/3 -2/3 ]
# cobases: 264 (450 ms) { 12, 14, 16, 17, 20 }
# cobases: 265 (450 ms) { 1, 14, 16, 17, 20 }
# cobases: 266 (510 ms) { 11, 16, 18, 20, 23 }
# cobases: 267 (560 ms) { 3, 11, 20, 23, 25 }
# vertices: 36 (560 ms) [ 1 1 -3 1 -1 1 ]
# cobases: 268 (560 ms) { 11, 20, 23, 24, 25 }
# cobases: 269 (590 ms) { 9, 19, 20, 22, 24 }
# cobases: 270 (740 ms) { 7, 17, 21, 23, 24 }
# cobases: 271 (740 ms) { 11, 17, 21, 23, 24 }
# cobases: 272 (740 ms) { 7, 10, 21, 23, 24 }
# cobases: 273 (740 ms) { 7, 11, 21, 23, 24 }
# cobases: 274 (740 ms) { 7, 18, 21, 23, 24 }
# cobases: 275 (740 ms) { 7, 17, 18, 21, 24 }
# cobases: 276 (770 ms) { 5, 14, 16, 18, 21 }
# cobases: 277 (780 ms) { 1, 14, 16, 18, 19 }
# cobases: 278 (790 ms) { 1, 7, 16, 21, 23 }
# cobases: 279 (820 ms) { 1, 12, 18, 21, 23 }
# cobases: 280 (820 ms) { 7, 12, 18, 21, 23 }
# cobases: 281 (820 ms) { 1, 7, 12, 21, 23 }
# cobases: 282 (830 ms) { 3, 15, 18, 20, 25 }
# cobases: 283 (850 ms) { 8, 15, 20, 21, 23 }
# cobases: 284 (850 ms) { 1, 13, 15, 20, 23 }
# cobases: 285 (880 ms) { 3, 16, 17, 22, 23 }
# cobases: 286 (880 ms) { 2, 16, 17, 22, 23 }
# cobases: 287 (880 ms) { 2, 3, 16, 22, 23 }
# cobases: 288 (890 ms) { 4, 13, 18, 20, 22 }
# cobases: 289 (890 ms) { 2, 12, 18, 20, 22 }
# cobases: 290 (900 ms) { 2, 12, 16, 20, 22 }
# cobases: 291 (950 ms) { 13, 14, 18, 22, 23 }

results: 
{
	dimension: 5
	initial cobasis: { 18, 22, 23, 24, 25 }
	symmetry generators: 6
	{
		(2,12)(4,13)(6,15)(7,17)(9,19)(10,21)(11,23),
		(5,8)(6,9)(7,10)(15,19)(16,20)(17,21)(18,22),
		(3,5,8)(4,6,9)(7,11,10)(13,15,19)(14,16,20)(17,23,21)(18,24,22),
		(1,4)(5,7)(8,10)(12,14)(15,18)(19,22)(23,25),
		(3,8)(4,9)(7,11)(13,19)(14,20)(17,23)(18,24),
		(1,6)(3,7)(8,11)(12,16)(13,18)(19,24)(21,25)
	}
	basis orbits: 291
	{
		{ 1, 2, 17, 21, 23 },
		{ 1, 2, 17, 22, 23 },
		{ 1, 2, 18, 22, 23 },
		{ 1, 2, 18, 22, 24 },
		{ 1, 3, 5, 14, 21 },
		{ 1, 3, 5, 16, 19 },
		{ 1, 3, 5, 16, 21 },
		{ 1, 3, 14, 16, 21 },
		{ 1, 3, 14, 18, 21 },
		{ 1, 3, 14, 18, 23 },
		{ 1, 3, 14, 21, 23 },
		{ 1, 3, 16, 20, 23 },
		{ 1, 3, 16, 21, 23 },
		{ 1, 3, 18, 19, 23 },
		{ 1, 3, 18, 20, 23 },
		{ 1, 3, 18, 21, 23 },
		{ 1, 3, 18, 22, 23 },
		{ 1, 4, 15, 22, 24 },
		{ 1, 4, 18, 22, 24 },
		{ 1, 5, 14, 16, 21 },
		{ 1, 5, 16, 19, 21 },
		{ 1, 6, 17, 22, 23 },
		{ 1, 6, 18, 22, 23 },
		{ 1, 7, 12, 21, 23 },
		{ 1, 7, 14, 16, 21 },
		{ 1, 7, 16, 21, 23 },
		{ 1, 7, 18, 21, 23 },
		{ 1, 12, 18, 21, 23 },
		{ 1, 13, 15, 20, 23 },
		{ 1, 13, 18, 19, 22 },
		{ 1, 13, 18, 22, 23 },
		{ 1, 14, 16, 17, 20 },
		{ 1, 14, 16, 18, 19 },
		{ 1, 14, 16, 18, 21 },
		{ 1, 14, 16, 19, 21 },
		{ 1, 14, 18, 19, 21 },
		{ 1, 14, 18, 21, 23 },
		{ 1, 14, 20, 21, 23 },
		{ 1, 15, 20, 21, 23 },
		{ 1, 16, 18, 20, 23 },
		{ 1, 16, 18, 22, 23 },
		{ 1, 17, 20, 21, 23 },
		{ 1, 17, 21, 22, 23 },
		{ 1, 18, 19, 21, 23 },
		{ 1, 18, 20, 21, 23 },
		{ 1, 18, 21, 22, 23 },
		{ 1, 18, 22, 23, 24 },
		{ 2, 3, 5, 16, 21 },
		{ 2, 3, 14, 16, 21 },
		{ 2, 3, 16, 22, 23 },
		{ 2, 3, 17, 21, 23 },
		{ 2, 3, 17, 22, 23 },
		{ 2, 3, 18, 22, 23 },
		{ 2, 5, 14, 16, 21 },
		{ 2, 6, 9, 19, 22 },
		{ 2, 6, 11, 19, 22 },
		{ 2, 6, 11, 22, 23 },
		{ 2, 9, 11, 19, 22 },
		{ 2, 9, 14, 19, 23 },
		{ 2, 9, 19, 23, 25 },
		{ 2, 11, 12, 14, 19 },
		{ 2, 11, 14, 15, 19 },
		{ 2, 11, 14, 18, 19 },
		{ 2, 11, 14, 19, 22 },
		{ 2, 11, 14, 19, 23 },
		{ 2, 11, 14, 22, 23 },
		{ 2, 11, 15, 18, 19 },
		{ 2, 11, 15, 22, 23 },
		{ 2, 11, 16, 19, 22 },
		{ 2, 11, 19, 22, 23 },
		{ 2, 11, 22, 23, 25 },
		{ 2, 12, 14, 15, 19 },
		{ 2, 12, 14, 18, 19 },
		{ 2, 12, 14, 19, 23 },
		{ 2, 12, 16, 20, 22 },
		{ 2, 12, 18, 19, 23 },
		{ 2, 12, 18, 20, 22 },
		{ 2, 13, 18, 19, 22 },
		{ 2, 13, 18, 20, 22 },
		{ 2, 13, 18, 22, 23 },
		{ 2, 14, 15, 18, 19 },
		{ 2, 14, 15, 19, 23 },
		{ 2, 14, 15, 19, 24 },
		{ 2, 14, 16, 20, 21 },
		{ 2, 14, 18, 19, 22 },
		{ 2, 16, 17, 22, 23 },
		{ 2, 17, 18, 22, 23 },
		{ 2, 17, 20, 21, 23 },
		{ 2, 17, 21, 22, 23 },
		{ 2, 17, 21, 23, 25 },
		{ 2, 18, 19, 22, 25 },
		{ 2, 18, 19, 23, 25 },
		{ 2, 18, 22, 23, 24 },
		{ 2, 18, 22, 23, 25 },
		{ 3, 5, 16, 21, 25 },
		{ 3, 8, 20, 21, 23 },
		{ 3, 10, 14, 19, 25 },
		{ 3, 11, 20, 23, 25 },
		{ 3, 12, 14, 15, 19 },
		{ 3, 12, 14, 16, 21 },
		{ 3, 12, 14, 16, 25 },
		{ 3, 12, 14, 18, 19 },
		{ 3, 12, 14, 19, 23 },
		{ 3, 12, 14, 19, 25 },
		{ 3, 12, 14, 21, 25 },
		{ 3, 12, 15, 19, 25 },
		{ 3, 12, 18, 19, 23 },
		{ 3, 12, 18, 22, 25 },
		{ 3, 12, 19, 22, 25 },
		{ 3, 12, 19, 23, 25 },
		{ 3, 14, 15, 18, 19 },
		{ 3, 14, 15, 19, 25 },
		{ 3, 14, 16, 18, 21 },
		{ 3, 14, 16, 21, 25 },
		{ 3, 14, 18, 19, 22 },
		{ 3, 14, 19, 22, 25 },
		{ 3, 14, 19, 23, 25 },
		{ 3, 15, 18, 20, 25 },
		{ 3, 15, 19, 22, 25 },
		{ 3, 16, 17, 22, 23 },
		{ 3, 16, 18, 20, 23 },
		{ 3, 16, 18, 21, 23 },
		{ 3, 16, 18, 22, 23 },
		{ 3, 16, 20, 23, 25 },
		{ 3, 16, 21, 23, 25 },
		{ 3, 18, 19, 21, 23 },
		{ 3, 18, 19, 22, 25 },
		{ 3, 18, 19, 23, 25 },
		{ 3, 18, 20, 23, 25 },
		{ 3, 18, 22, 23, 25 },
		{ 4, 5, 9, 21, 25 },
		{ 4, 13, 18, 20, 22 },
		{ 4, 13, 18, 22, 24 },
		{ 5, 7, 8, 21, 25 },
		{ 5, 7, 9, 21, 25 },
		{ 5, 7, 16, 21, 25 },
		{ 5, 8, 14, 16, 21 },
		{ 5, 8, 16, 21, 23 },
		{ 5, 8, 21, 23, 25 },
		{ 5, 9, 19, 24, 25 },
		{ 5, 9, 21, 23, 25 },
		{ 5, 9, 21, 24, 25 },
		{ 5, 10, 21, 24, 25 },
		{ 5, 14, 16, 18, 21 },
		{ 5, 14, 16, 21, 25 },
		{ 5, 16, 18, 21, 23 },
		{ 5, 16, 20, 21, 23 },
		{ 5, 16, 21, 23, 25 },
		{ 6, 9, 11, 19, 22 },
		{ 6, 9, 12, 19, 22 },
		{ 6, 11, 14, 15, 19 },
		{ 6, 11, 18, 22, 23 },
		{ 6, 11, 19, 22, 23 },
		{ 6, 11, 22, 23, 25 },
		{ 6, 12, 14, 18, 19 },
		{ 6, 12, 15, 19, 22 },
		{ 6, 12, 18, 19, 22 },
		{ 6, 12, 19, 22, 23 },
		{ 6, 14, 19, 22, 23 },
		{ 6, 15, 18, 22, 23 },
		{ 6, 15, 19, 22, 23 },
		{ 6, 18, 19, 22, 23 },
		{ 6, 18, 22, 23, 25 },
		{ 7, 8, 21, 23, 25 },
		{ 7, 10, 21, 23, 24 },
		{ 7, 11, 21, 23, 24 },
		{ 7, 12, 18, 21, 23 },
		{ 7, 17, 18, 21, 24 },
		{ 7, 17, 21, 23, 24 },
		{ 7, 18, 21, 23, 24 },
		{ 7, 18, 22, 23, 24 },
		{ 8, 9, 19, 24, 25 },
		{ 8, 9, 21, 23, 25 },
		{ 8, 15, 20, 21, 23 },
		{ 8, 16, 20, 21, 23 },
		{ 8, 17, 21, 23, 25 },
		{ 8, 19, 20, 23, 25 },
		{ 8, 19, 23, 24, 25 },
		{ 8, 21, 23, 24, 25 },
		{ 9, 10, 19, 20, 23 },
		{ 9, 10, 19, 23, 25 },
		{ 9, 11, 14, 19, 22 },
		{ 9, 12, 14, 19, 23 },
		{ 9, 19, 20, 22, 24 },
		{ 9, 19, 20, 23, 25 },
		{ 9, 19, 20, 24, 25 },
		{ 9, 19, 22, 24, 25 },
		{ 9, 19, 23, 24, 25 },
		{ 9, 20, 21, 23, 25 },
		{ 9, 20, 23, 24, 25 },
		{ 9, 21, 23, 24, 25 },
		{ 10, 19, 20, 23, 25 },
		{ 10, 19, 23, 24, 25 },
		{ 11, 12, 14, 15, 19 },
		{ 11, 12, 14, 18, 19 },
		{ 11, 12, 14, 19, 23 },
		{ 11, 14, 15, 18, 19 },
		{ 11, 14, 15, 19, 25 },
		{ 11, 14, 18, 19, 22 },
		{ 11, 14, 18, 22, 23 },
		{ 11, 14, 19, 22, 25 },
		{ 11, 14, 22, 23, 25 },
		{ 11, 16, 18, 20, 23 },
		{ 11, 16, 18, 22, 23 },
		{ 11, 16, 20, 23, 25 },
		{ 11, 17, 21, 23, 24 },
		{ 11, 18, 21, 22, 23 },
		{ 11, 18, 22, 23, 24 },
		{ 11, 18, 22, 23, 25 },
		{ 11, 19, 20, 23, 25 },
		{ 11, 20, 21, 23, 25 },
		{ 11, 20, 23, 24, 25 },
		{ 11, 21, 23, 24, 25 },
		{ 11, 22, 23, 24, 25 },
		{ 12, 13, 16, 21, 22 },
		{ 12, 14, 15, 19, 20 },
		{ 12, 14, 16, 17, 20 },
		{ 12, 14, 16, 19, 20 },
		{ 12, 14, 17, 18, 20 },
		{ 12, 14, 17, 19, 20 },
		{ 12, 14, 18, 19, 20 },
		{ 12, 14, 18, 20, 23 },
		{ 12, 14, 19, 20, 23 },
		{ 12, 16, 18, 19, 22 },
		{ 12, 16, 18, 20, 23 },
		{ 12, 16, 18, 21, 22 },
		{ 12, 16, 18, 21, 23 },
		{ 12, 16, 18, 22, 23 },
		{ 12, 16, 18, 22, 24 },
		{ 12, 16, 18, 23, 24 },
		{ 12, 16, 20, 23, 25 },
		{ 12, 16, 21, 22, 23 },
		{ 12, 16, 22, 23, 24 },
		{ 12, 16, 23, 24, 25 },
		{ 12, 18, 19, 20, 23 },
		{ 12, 18, 21, 22, 23 },
		{ 12, 18, 22, 23, 24 },
		{ 12, 18, 22, 24, 25 },
		{ 12, 22, 23, 24, 25 },
		{ 13, 14, 16, 18, 22 },
		{ 13, 14, 18, 22, 23 },
		{ 13, 16, 18, 19, 22 },
		{ 13, 16, 18, 21, 22 },
		{ 13, 16, 18, 22, 23 },
		{ 13, 16, 18, 22, 24 },
		{ 13, 16, 18, 23, 24 },
		{ 13, 16, 20, 23, 25 },
		{ 13, 16, 23, 24, 25 },
		{ 13, 18, 22, 23, 24 },
		{ 13, 18, 22, 23, 25 },
		{ 13, 18, 22, 24, 25 },
		{ 13, 21, 23, 24, 25 },
		{ 13, 22, 23, 24, 25 },
		{ 14, 16, 18, 19, 22 },
		{ 14, 16, 18, 22, 23 },
		{ 14, 16, 18, 23, 24 },
		{ 14, 16, 21, 24, 25 },
		{ 14, 18, 19, 20, 22 },
		{ 14, 18, 19, 20, 25 },
		{ 14, 18, 22, 23, 24 },
		{ 14, 22, 23, 24, 25 },
		{ 15, 16, 18, 22, 24 },
		{ 15, 16, 20, 23, 25 },
		{ 15, 18, 21, 22, 23 },
		{ 15, 18, 22, 23, 24 },
		{ 15, 22, 23, 24, 25 },
		{ 16, 17, 18, 21, 23 },
		{ 16, 17, 21, 22, 23 },
		{ 16, 17, 22, 23, 24 },
		{ 16, 18, 19, 22, 23 },
		{ 16, 18, 19, 22, 25 },
		{ 16, 18, 19, 23, 24 },
		{ 16, 18, 21, 22, 23 },
		{ 16, 18, 21, 23, 24 },
		{ 16, 18, 22, 23, 24 },
		{ 16, 18, 22, 23, 25 },
		{ 16, 19, 22, 23, 24 },
		{ 16, 20, 21, 22, 23 },
		{ 16, 20, 21, 23, 25 },
		{ 16, 20, 21, 24, 25 },
		{ 16, 20, 22, 23, 24 },
		{ 16, 20, 23, 24, 25 },
		{ 16, 21, 22, 23, 25 },
		{ 16, 21, 23, 24, 25 },
		{ 16, 22, 23, 24, 25 },
		{ 17, 20, 21, 23, 25 },
		{ 17, 21, 23, 24, 25 },
		{ 17, 22, 23, 24, 25 },
		{ 18, 19, 20, 23, 25 },
		{ 18, 20, 21, 23, 25 },
		{ 18, 22, 23, 24, 25 }
	}
	vertex orbits: 36
	{
		[ 1 -3 1 1 -1 1 ],
		[ 1 -3 1 1 1 -1 ],
		[ 1 -3 2 1 2 -1 ],
		[ 1 -3 2 2 1 1 ],
		[ 1 -2 0 1 -1 1 ],
		[ 1 -2 1 1 0 1 ],
		[ 1 -2 1 1 1 0 ],
		[ 1 -2 1 1 2 -1 ],
		[ 1 -2 1 2 1 1 ],
		[ 1 -3/2 1/2 1/2 1 -1/2 ],
		[ 1 -3/2 1 1/2 1/2 1/2 ],
		[ 1 -1 0 0 -1 1 ],
		[ 1 -1 0 0 0 0 ],
		[ 1 -1 0 0 1 -1 ],
		[ 1 -1 1/2 1/2 1/2 -1/2 ],
		[ 1 -1 1/2 1/2 1/2 1/2 ],
		[ 1 -1 1 -1 -1 1 ],
		[ 1 -1 1 0 0 1 ],
		[ 1 -1 1 1 1 -1 ],
		[ 1 -1 1 1 1 1 ],
		[ 1 -1 2 -1 -1 2 ],
		[ 1 -2/3 1/3 1/3 2/3 -1/3 ],
		[ 1 -1/2 -1/2 -1/2 0 -1/2 ],
		[ 1 -1/2 -1/2 1/2 -1 1/2 ],
		[ 1 -1/2 0 1/2 1/2 1/2 ],
		[ 1 -1/2 1/2 1/2 0 -1/2 ],
		[ 1 -1/3 -1/3 -1/3 1/3 -1/3 ],
		[ 1 -1/3 -1/3 1/3 2/3 -2/3 ],
		[ 1 0 -1 -1 -1 0 ],
		[ 1 0 -1 0 0 0 ],
		[ 1 0 1 -1 -1 2 ],
		[ 1 1 -3 1 -1 1 ],
		[ 1 1 -2 -1 0 1 ],
		[ 1 1 -1 -1 -1 1 ],
		[ 1 2 -2 -1 -1 1 ],
		[ 1 3 -2 -1 -2 1 ]
	}
	ray orbits: 0
	{}
}
total running time: 1220 ms
