Matrix:	(25,6)
[ [ 1 -1 -1 -1 -1 -1 ]
  [ 1 -1 -1 1 -1 -1 ]
  [ 1 -1 -1 1 -1 1 ]
  [ 1 -1 -1 1 1 -1 ]
  [ 1 -1 1 -1 -1 -1 ]
  [ 1 -1 1 -1 -1 1 ]
  [ 1 -1 1 -1 1 -1 ]
  [ 1 -1 1 1 -1 -1 ]
  [ 1 -1 1 1 -1 1 ]
  [ 1 -1 1 1 1 -1 ]
  [ 1 -1 1 1 1 1 ]
  [ 1 1 -1 -1 -1 -1 ]
  [ 1 1 -1 -1 -1 1 ]
  [ 1 1 -1 -1 1 -1 ]
  [ 1 1 -1 1 -1 -1 ]
  [ 1 1 -1 1 -1 1 ]
  [ 1 1 -1 1 1 -1 ]
  [ 1 1 -1 1 1 1 ]
  [ 1 1 1 -1 -1 -1 ]
  [ 1 1 1 -1 -1 1 ]
  [ 1 1 1 -1 1 -1 ]
  [ 1 1 1 -1 1 1 ]
  [ 1 1 1 1 -1 1 ]
  [ 1 1 1 1 1 -1 ]
  [ 1 1 1 1 1 1 ] ]
Group:	7
{
	(5,12)(6,13)(7,14)(8,15)(9,16)(10,17)(11,18),
	(2,5,12)(3,6,13)(4,7,14)(8,19,15)(9,20,16)(10,21,17)(11,22,18),
	(3,4)(6,7)(9,10)(13,14)(16,17)(20,21)(23,24),
	(1,3,4)(5,9,10)(6,11,7)(12,16,17)(13,18,14)(19,23,24)(20,25,21),
	(2,12)(3,13)(4,14)(8,19)(9,20)(10,21)(11,22),
	(1,6,7)(2,9,10)(3,11,4)(12,20,21)(13,22,14)(15,23,24)(16,25,17),
	(1,6)(2,9)(4,11)(12,20)(14,22)(15,23)(17,25)
}
Gram Matrix:	| 1 2 3 3 2 3 3 3 0 0 -4 2 3 3 3 0 0 -4 3 0 0 -4 -4 -4 -5 | 2 1 2 2 3 0 0 2 3 3 0 3 0 0 2 3 3 0 0 -4 -4 -5 0 0 -4 | 3 2 1 3 0 3 -4 3 2 0 3 0 3 -4 3 2 0 3 -4 0 -5 -4 3 -4 0 | 3 2 3 1 0 -4 3 3 0 2 3 0 -4 3 3 0 2 3 -4 -5 0 -4 -4 3 0 | 2 3 0 0 1 2 2 2 3 3 0 3 0 0 0 -4 -4 -5 2 3 3 0 0 0 -4 | 3 0 3 -4 2 1 3 3 2 0 3 0 3 -4 -4 0 -5 -4 3 2 0 3 3 -4 0 | 3 0 -4 3 2 3 1 3 0 2 3 0 -4 3 -4 -5 0 -4 3 0 2 3 -4 3 0 | 3 2 3 3 2 3 3 1 2 2 3 0 -4 -4 3 0 0 -4 3 0 0 -4 3 3 0 | 0 3 2 0 3 2 0 2 1 3 2 -4 0 -5 0 3 -4 0 0 3 -4 0 2 0 3 | 0 3 0 2 3 0 2 2 3 1 2 -4 -5 0 0 -4 3 0 0 -4 3 0 0 2 3 | -4 0 3 3 0 3 3 3 2 2 1 -5 -4 -4 -4 0 0 3 -4 0 0 3 3 3 2 | 2 3 0 0 3 0 0 0 -4 -4 -5 1 2 2 2 3 3 0 2 3 3 0 0 0 -4 | 3 0 3 -4 0 3 -4 -4 0 -5 -4 2 1 3 3 2 0 3 3 2 0 3 3 -4 0 | 3 0 -4 3 0 -4 3 -4 -5 0 -4 2 3 1 3 0 2 3 3 0 2 3 -4 3 0 | 3 2 3 3 0 -4 -4 3 0 0 -4 2 3 3 1 2 2 3 3 0 0 -4 3 3 0 | 0 3 2 0 -4 0 -5 0 3 -4 0 3 2 0 2 1 3 2 0 3 -4 0 2 0 3 | 0 3 0 2 -4 -5 0 0 -4 3 0 3 0 2 2 3 1 2 0 -4 3 0 0 2 3 | -4 0 3 3 -5 -4 -4 -4 0 0 3 0 3 3 3 2 2 1 -4 0 0 3 3 3 2 | 3 0 -4 -4 2 3 3 3 0 0 -4 2 3 3 3 0 0 -4 1 2 2 3 3 3 0 | 0 -4 0 -5 3 2 0 0 3 -4 0 3 2 0 0 3 -4 0 2 1 3 2 2 0 3 | 0 -4 -5 0 3 0 2 0 -4 3 0 3 0 2 0 -4 3 0 2 3 1 2 0 2 3 | -4 -5 -4 -4 0 3 3 -4 0 0 3 0 3 3 -4 0 0 3 3 2 2 1 3 3 2 | -4 0 3 -4 0 3 -4 3 2 0 3 0 3 -4 3 2 0 3 3 2 0 3 1 3 2 | -4 0 -4 3 0 -4 3 3 0 2 3 0 -4 3 3 0 2 3 3 0 2 3 3 1 2 | -5 -4 0 0 -4 0 0 0 3 3 2 -4 0 0 0 3 3 2 0 3 3 2 2 2 1 |
# cobases: 1 (0 ms) { 18, 22, 23, 24, 25 }
# vertices: 1 (0 ms) [ 1 -1 0 0 0 0 ]
# cobases: 2 (0 ms) { 12, 22, 23, 24, 25 }
# cobases: 3 (0 ms) { 13, 22, 23, 24, 25 }
# cobases: 4 (0 ms) { 15, 22, 23, 24, 25 }
# cobases: 5 (0 ms) { 16, 22, 23, 24, 25 }
# cobases: 6 (0 ms) { 11, 18, 22, 24, 25 }
# vertices: 2 (0 ms) [ 1 0 0 0 -1 0 ]
# cobases: 7 (0 ms) { 12, 18, 22, 24, 25 }
# cobases: 8 (0 ms) { 13, 18, 22, 24, 25 }
# cobases: 9 (0 ms) { 15, 18, 22, 24, 25 }
# cobases: 10 (0 ms) { 16, 18, 22, 24, 25 }
# cobases: 11 (0 ms) { 1, 18, 22, 23, 24 }
# vertices: 3 (0 ms) [ 1 -3 1 1 1 1 ]
# cobases: 12 (0 ms) { 11, 18, 22, 23, 24 }
# vertices: 4 (0 ms) [ 1 -1/3 -1/3 -1/3 -1/3 -1/3 ]
# cobases: 13 (0 ms) { 12, 18, 22, 23, 24 }
# cobases: 14 (0 ms) { 13, 18, 22, 23, 24 }
# cobases: 15 (0 ms) { 15, 18, 22, 23, 24 }
# cobases: 16 (0 ms) { 16, 18, 22, 23, 24 }
# cobases: 17 (0 ms) { 3, 16, 22, 23, 24 }
# vertices: 5 (0 ms) [ 1 0 0 -1 -1 -1 ]
# cobases: 18 (0 ms) { 5, 16, 22, 23, 24 }
# vertices: 6 (0 ms) [ 1 -2 0 1 1 1 ]
# cobases: 19 (0 ms) { 11, 16, 22, 23, 24 }
# vertices: 7 (0 ms) [ 1 -1/2 0 -1/2 -1/2 -1/2 ]
# cobases: 20 (0 ms) { 12, 16, 22, 23, 24 }
# cobases: 21 (0 ms) { 13, 16, 22, 23, 24 }
# cobases: 22 (0 ms) { 14, 16, 22, 23, 24 }
# cobases: 23 (0 ms) { 15, 16, 22, 23, 24 }
# cobases: 24 (0 ms) { 16, 19, 22, 23, 24 }
# cobases: 25 (0 ms) { 16, 20, 22, 23, 24 }
# cobases: 26 (0 ms) { 16, 21, 22, 23, 24 }
# cobases: 27 (0 ms) { 12, 16, 18, 23, 24 }
# cobases: 28 (10 ms) { 14, 16, 18, 23, 24 }
# cobases: 29 (10 ms) { 16, 18, 19, 23, 24 }
# cobases: 30 (10 ms) { 1, 16, 18, 22, 24 }
# vertices: 8 (10 ms) [ 1 -2 1 1 0 1 ]
# cobases: 31 (10 ms) { 3, 16, 18, 22, 24 }
# vertices: 9 (10 ms) [ 1 0 -1 -1 0 -1 ]
# cobases: 32 (10 ms) { 9, 16, 18, 22, 24 }
# vertices: 10 (10 ms) [ 1 -1/2 -1/2 -1/2 0 -1/2 ]
# cobases: 33 (10 ms) { 11, 16, 18, 22, 24 }
# cobases: 34 (10 ms) { 12, 16, 18, 22, 24 }
# cobases: 35 (10 ms) { 13, 16, 18, 22, 24 }
# cobases: 36 (10 ms) { 14, 16, 18, 22, 24 }
# cobases: 37 (10 ms) { 16, 17, 18, 22, 24 }
# cobases: 38 (10 ms) { 16, 18, 19, 22, 24 }
# cobases: 39 (10 ms) { 16, 18, 21, 22, 24 }
# cobases: 40 (10 ms) { 12, 16, 18, 22, 23 }
# cobases: 41 (10 ms) { 14, 16, 18, 22, 23 }
# cobases: 42 (10 ms) { 1, 14, 18, 22, 23 }
# vertices: 11 (10 ms) [ 1 -1 1 1 1 -1 ]
# cobases: 43 (10 ms) { 11, 14, 18, 22, 23 }
# vertices: 12 (10 ms) [ 1 -1 -1 -1 -1 1 ]
# cobases: 44 (10 ms) { 12, 14, 18, 22, 23 }
# cobases: 45 (10 ms) { 13, 14, 18, 22, 23 }
# cobases: 46 (10 ms) { 12, 14, 16, 22, 23 }
# cobases: 47 (10 ms) { 14, 16, 20, 22, 23 }
# cobases: 48 (20 ms) { 10, 14, 16, 18, 23 }
# vertices: 13 (20 ms) [ 1 -1 0 -1 0 1 ]
# cobases: 49 (20 ms) { 14, 16, 17, 18, 23 }
# cobases: 50 (20 ms) { 6, 14, 16, 18, 22 }
# vertices: 14 (20 ms) [ 1 0 1 1 0 -1 ]
# cobases: 51 (20 ms) { 8, 14, 16, 18, 22 }
# vertices: 15 (20 ms) [ 1 -2 -1 -1 0 1 ]
# cobases: 52 (20 ms) { 13, 14, 16, 18, 22 }
# cobases: 53 (20 ms) { 14, 16, 17, 18, 22 }
# cobases: 54 (20 ms) { 14, 16, 18, 21, 22 }
# cobases: 55 (20 ms) { 12, 16, 18, 21, 22 }
# cobases: 56 (20 ms) { 16, 18, 21, 22, 25 }
# cobases: 57 (20 ms) { 11, 14, 18, 21, 22 }
# cobases: 58 (20 ms) { 12, 14, 16, 21, 22 }
# cobases: 59 (20 ms) { 10, 14, 16, 18, 21 }
# cobases: 60 (20 ms) { 4, 14, 16, 18, 21 }
# cobases: 61 (20 ms) { 8, 14, 16, 18, 21 }
# cobases: 62 (20 ms) { 2, 10, 16, 18, 21 }
# cobases: 63 (20 ms) { 10, 16, 18, 21, 23 }
# cobases: 64 (20 ms) { 10, 16, 18, 21, 25 }
# cobases: 65 (20 ms) { 2, 10, 14, 18, 21 }
# cobases: 66 (20 ms) { 8, 10, 14, 18, 21 }
# cobases: 67 (20 ms) { 10, 12, 14, 18, 21 }
# cobases: 68 (20 ms) { 10, 14, 18, 19, 21 }
# cobases: 69 (20 ms) { 10, 14, 18, 21, 23 }
# cobases: 70 (20 ms) { 10, 14, 18, 21, 24 }
# cobases: 71 (20 ms) { 8, 10, 14, 16, 21 }
# cobases: 72 (20 ms) { 10, 12, 14, 16, 21 }
# cobases: 73 (20 ms) { 10, 14, 16, 19, 21 }
# cobases: 74 (20 ms) { 10, 14, 16, 21, 25 }
# cobases: 75 (30 ms) { 10, 14, 16, 18, 19 }
# cobases: 76 (30 ms) { 10, 14, 16, 18, 20 }
# cobases: 77 (30 ms) { 8, 14, 16, 18, 20 }
# cobases: 78 (30 ms) { 14, 16, 18, 20, 25 }
# cobases: 79 (30 ms) { 10, 12, 16, 18, 20 }
# cobases: 80 (30 ms) { 10, 16, 18, 20, 24 }
# cobases: 81 (30 ms) { 2, 10, 14, 18, 20 }
# vertices: 16 (30 ms) [ 1 -3 -1 -2 1 2 ]
# cobases: 82 (30 ms) { 8, 10, 14, 18, 20 }
# cobases: 83 (30 ms) { 10, 14, 18, 20, 22 }
# cobases: 84 (30 ms) { 10, 14, 18, 20, 24 }
# vertices: 17 (30 ms) [ 1 0 -1 1 -2 -1 ]
# cobases: 85 (30 ms) { 8, 10, 14, 16, 20 }
# cobases: 86 (30 ms) { 10, 14, 16, 20, 25 }
# vertices: 18 (30 ms) [ 1 -2 -1 -1 1 2 ]
# cobases: 87 (30 ms) { 14, 16, 20, 24, 25 }
# cobases: 88 (30 ms) { 2, 10, 14, 20, 25 }
# cobases: 89 (30 ms) { 12, 16, 20, 24, 25 }
# cobases: 90 (30 ms) { 13, 16, 20, 24, 25 }
# cobases: 91 (30 ms) { 16, 17, 20, 24, 25 }
# cobases: 92 (30 ms) { 16, 18, 20, 24, 25 }
# cobases: 93 (30 ms) { 16, 20, 23, 24, 25 }
# cobases: 94 (40 ms) { 12, 14, 20, 24, 25 }
# cobases: 95 (40 ms) { 14, 17, 20, 24, 25 }
# cobases: 96 (40 ms) { 14, 20, 21, 24, 25 }
# cobases: 97 (40 ms) { 14, 20, 23, 24, 25 }
# cobases: 98 (40 ms) { 11, 14, 16, 20, 25 }
# vertices: 19 (40 ms) [ 1 0 1 1 -1 -2 ]
# cobases: 99 (40 ms) { 12, 14, 16, 20, 25 }
# cobases: 100 (40 ms) { 14, 16, 20, 23, 25 }
# cobases: 101 (40 ms) { 12, 14, 16, 20, 24 }
# cobases: 102 (40 ms) { 12, 13, 16, 20, 24 }
# cobases: 103 (40 ms) { 12, 15, 16, 20, 24 }
# cobases: 104 (50 ms) { 12, 13, 14, 20, 24 }
# cobases: 105 (50 ms) { 12, 14, 17, 20, 24 }
# cobases: 106 (50 ms) { 12, 14, 20, 23, 24 }
# cobases: 107 (50 ms) { 6, 12, 14, 16, 20 }
# cobases: 108 (50 ms) { 8, 12, 14, 16, 20 }
# cobases: 109 (50 ms) { 12, 13, 14, 16, 20 }
# cobases: 110 (50 ms) { 12, 14, 16, 17, 20 }
# cobases: 111 (50 ms) { 12, 14, 16, 20, 23 }
# cobases: 112 (60 ms) { 12, 16, 20, 23, 25 }
# cobases: 113 (60 ms) { 12, 14, 19, 20, 23 }
# cobases: 114 (60 ms) { 12, 17, 19, 20, 23 }
# cobases: 115 (60 ms) { 12, 19, 20, 23, 24 }
# cobases: 116 (60 ms) { 12, 19, 20, 23, 25 }
# cobases: 117 (60 ms) { 10, 12, 14, 19, 23 }
# cobases: 118 (70 ms) { 12, 14, 17, 19, 23 }
# cobases: 119 (70 ms) { 12, 14, 17, 19, 20 }
# cobases: 120 (70 ms) { 12, 14, 17, 20, 21 }
# cobases: 121 (80 ms) { 10, 12, 17, 20, 21 }
# vertices: 20 (80 ms) [ 1 -1 -1 -1 1 1 ]
# cobases: 122 (80 ms) { 5, 12, 17, 20, 21 }
# cobases: 123 (80 ms) { 9, 12, 17, 20, 21 }
# cobases: 124 (90 ms) { 9, 10, 12, 17, 20 }
# cobases: 125 (100 ms) { 5, 12, 20, 21, 24 }
# vertices: 21 (100 ms) [ 1 -1/2 -1/2 0 1/2 1/2 ]
# cobases: 126 (100 ms) { 8, 12, 20, 21, 24 }
# cobases: 127 (100 ms) { 5, 12, 16, 20, 24 }
# vertices: 22 (100 ms) [ 1 -1/2 -1/2 -1/2 1 1/2 ]
# cobases: 128 (100 ms) { 3, 5, 12, 20, 24 }
# vertices: 23 (100 ms) [ 1 -1/2 -1/2 -1 3/2 1/2 ]
# cobases: 129 (100 ms) { 8, 15, 20, 21, 24 }
# cobases: 130 (110 ms) { 7, 8, 12, 20, 24 }
# vertices: 24 (110 ms) [ 1 -1/3 -2/3 1/3 1/3 2/3 ]
# cobases: 131 (110 ms) { 1, 7, 8, 20, 24 }
# vertices: 25 (110 ms) [ 1 -1/2 -1/2 1/2 1/2 1 ]
# cobases: 132 (110 ms) { 7, 8, 15, 20, 24 }
# cobases: 133 (110 ms) { 7, 8, 12, 18, 24 }
# vertices: 26 (110 ms) [ 1 1 2 -1 -1 2 ]
# cobases: 134 (110 ms) { 3, 7, 12, 18, 24 }
# cobases: 135 (110 ms) { 3, 7, 12, 23, 24 }
# vertices: 27 (110 ms) [ 1 1 -1 -1 2 2 ]
# cobases: 136 (110 ms) { 3, 7, 12, 18, 22 }
# vertices: 28 (110 ms) [ 1 1 2 2 -1 -1 ]
# cobases: 137 (110 ms) { 6, 7, 12, 18, 22 }
# cobases: 138 (120 ms) { 3, 7, 12, 17, 22 }
# vertices: 29 (120 ms) [ 1 1 3 2 -2 -1 ]
# cobases: 139 (120 ms) { 4, 7, 12, 23, 24 }
# cobases: 140 (120 ms) { 3, 4, 7, 12, 24 }
# cobases: 141 (120 ms) { 3, 6, 7, 12, 24 }
# cobases: 142 (120 ms) { 3, 7, 12, 20, 24 }
# vertices: 30 (120 ms) [ 1 1 -2 -1 3 2 ]
# cobases: 143 (130 ms) { 1, 7, 14, 20, 24 }
# cobases: 144 (130 ms) { 1, 7, 8, 17, 20 }
# vertices: 31 (130 ms) [ 1 -1 -1/2 1/2 1/2 3/2 ]
# cobases: 145 (140 ms) { 8, 15, 21, 23, 24 }
# cobases: 146 (140 ms) { 8, 15, 20, 21, 25 }
# vertices: 32 (140 ms) [ 1 -2/3 -2/3 -1/3 1/3 1/3 ]
# cobases: 147 (150 ms) { 12, 17, 19, 23, 25 }
# cobases: 148 (150 ms) { 2, 12, 14, 19, 23 }
# cobases: 149 (160 ms) { 4, 12, 14, 19, 23 }
# cobases: 150 (160 ms) { 8, 12, 14, 19, 23 }
# cobases: 151 (160 ms) { 2, 4, 14, 19, 23 }
# cobases: 152 (160 ms) { 2, 8, 14, 19, 23 }
# cobases: 153 (160 ms) { 2, 10, 14, 19, 23 }
# cobases: 154 (160 ms) { 2, 14, 16, 19, 23 }
# cobases: 155 (160 ms) { 2, 14, 19, 23, 25 }
# cobases: 156 (160 ms) { 2, 4, 12, 19, 23 }
# cobases: 157 (160 ms) { 2, 10, 12, 19, 23 }
# cobases: 158 (160 ms) { 2, 12, 19, 21, 23 }
# cobases: 159 (160 ms) { 2, 12, 19, 23, 25 }
# cobases: 160 (160 ms) { 2, 10, 12, 14, 23 }
# cobases: 161 (160 ms) { 2, 12, 14, 16, 23 }
# cobases: 162 (160 ms) { 2, 12, 14, 21, 23 }
# cobases: 163 (160 ms) { 2, 12, 14, 16, 19 }
# cobases: 164 (160 ms) { 2, 10, 14, 16, 19 }
# cobases: 165 (160 ms) { 2, 10, 12, 16, 19 }
# cobases: 166 (160 ms) { 2, 12, 16, 19, 21 }
# cobases: 167 (160 ms) { 4, 12, 16, 19, 21 }
# cobases: 168 (170 ms) { 10, 12, 16, 19, 21 }
# cobases: 169 (170 ms) { 2, 10, 16, 19, 21 }
# cobases: 170 (170 ms) { 2, 10, 18, 19, 21 }
# cobases: 171 (180 ms) { 2, 8, 18, 19, 21 }
# cobases: 172 (180 ms) { 2, 4, 10, 18, 19 }
# cobases: 173 (180 ms) { 2, 8, 10, 18, 19 }
# cobases: 174 (180 ms) { 2, 10, 14, 18, 19 }
# cobases: 175 (180 ms) { 4, 10, 14, 18, 19 }
# cobases: 176 (180 ms) { 8, 10, 14, 18, 19 }
# cobases: 177 (190 ms) { 2, 4, 10, 14, 18 }
# cobases: 178 (190 ms) { 2, 8, 10, 14, 18 }
# cobases: 179 (190 ms) { 4, 8, 10, 14, 18 }
# cobases: 180 (190 ms) { 8, 10, 14, 18, 22 }
# cobases: 181 (190 ms) { 10, 14, 18, 22, 25 }
# cobases: 182 (190 ms) { 4, 8, 14, 18, 22 }
# cobases: 183 (190 ms) { 8, 13, 14, 18, 22 }
# vertices: 33 (190 ms) [ 1 -3 -1 -1 1 1 ]
# cobases: 184 (190 ms) { 8, 10, 18, 22, 24 }
# cobases: 185 (190 ms) { 3, 10, 18, 22, 24 }
# cobases: 186 (190 ms) { 10, 16, 18, 22, 24 }
# cobases: 187 (190 ms) { 10, 18, 22, 24, 25 }
# cobases: 188 (190 ms) { 8, 16, 18, 22, 24 }
# cobases: 189 (190 ms) { 3, 8, 10, 22, 24 }
# cobases: 190 (190 ms) { 8, 10, 16, 22, 24 }
# cobases: 191 (190 ms) { 3, 8, 10, 18, 22 }
# cobases: 192 (200 ms) { 3, 10, 16, 18, 22 }
# cobases: 193 (200 ms) { 3, 10, 18, 20, 22 }
# cobases: 194 (200 ms) { 3, 8, 16, 18, 22 }
# cobases: 195 (200 ms) { 3, 8, 18, 20, 22 }
# cobases: 196 (200 ms) { 3, 8, 10, 16, 22 }
# cobases: 197 (200 ms) { 3, 8, 10, 18, 20 }
# cobases: 198 (200 ms) { 3, 10, 16, 18, 20 }
# cobases: 199 (200 ms) { 3, 6, 8, 18, 20 }
# cobases: 200 (200 ms) { 3, 8, 16, 18, 20 }
# cobases: 201 (200 ms) { 6, 8, 16, 18, 20 }
# cobases: 202 (200 ms) { 8, 16, 18, 20, 24 }
# cobases: 203 (200 ms) { 6, 8, 18, 20, 24 }
# cobases: 204 (210 ms) { 8, 10, 16, 20, 24 }
# cobases: 205 (220 ms) { 6, 10, 16, 18, 20 }
# cobases: 206 (220 ms) { 3, 10, 16, 22, 23 }
# cobases: 207 (230 ms) { 9, 10, 16, 22, 23 }
# cobases: 208 (230 ms) { 10, 16, 17, 22, 23 }
# cobases: 209 (230 ms) { 10, 16, 22, 23, 24 }
# cobases: 210 (230 ms) { 3, 4, 16, 22, 23 }
# cobases: 211 (230 ms) { 3, 16, 17, 22, 23 }
# cobases: 212 (230 ms) { 3, 4, 10, 22, 23 }
# cobases: 213 (230 ms) { 3, 10, 17, 22, 23 }
# cobases: 214 (230 ms) { 3, 10, 22, 23, 24 }
# cobases: 215 (230 ms) { 3, 4, 10, 16, 22 }
# cobases: 216 (230 ms) { 3, 9, 10, 16, 22 }
# cobases: 217 (230 ms) { 3, 10, 16, 17, 22 }
# cobases: 218 (230 ms) { 3, 16, 17, 22, 24 }
# cobases: 219 (230 ms) { 3, 4, 10, 17, 22 }
# cobases: 220 (230 ms) { 3, 10, 17, 22, 24 }
# cobases: 221 (230 ms) { 10, 17, 22, 23, 24 }
# cobases: 222 (240 ms) { 10, 17, 22, 24, 25 }
# cobases: 223 (240 ms) { 4, 17, 22, 24, 25 }
# cobases: 224 (240 ms) { 10, 17, 21, 24, 25 }
# cobases: 225 (240 ms) { 4, 10, 17, 22, 25 }
# cobases: 226 (240 ms) { 10, 11, 17, 22, 25 }
# cobases: 227 (240 ms) { 10, 17, 21, 22, 25 }
# cobases: 228 (240 ms) { 11, 17, 18, 22, 25 }
# cobases: 229 (250 ms) { 4, 10, 11, 22, 25 }
# cobases: 230 (250 ms) { 10, 11, 14, 22, 25 }
# cobases: 231 (250 ms) { 10, 11, 14, 17, 22 }
# cobases: 232 (250 ms) { 7, 11, 14, 17, 22 }
# cobases: 233 (250 ms) { 11, 14, 17, 22, 24 }
# cobases: 234 (250 ms) { 4, 14, 17, 22, 24 }
# cobases: 235 (250 ms) { 7, 14, 17, 22, 24 }
# cobases: 236 (260 ms) { 7, 11, 17, 22, 24 }
# cobases: 237 (260 ms) { 7, 11, 14, 22, 24 }
# cobases: 238 (260 ms) { 11, 14, 16, 22, 24 }
# vertices: 34 (260 ms) [ 1 -1/2 1/2 -1/2 -1 -1/2 ]
# cobases: 239 (260 ms) { 3, 7, 14, 22, 24 }
# vertices: 35 (260 ms) [ 1 1 1 -1 -3 -1 ]
# cobases: 240 (260 ms) { 7, 8, 11, 14, 22 }
# cobases: 241 (260 ms) { 7, 11, 13, 14, 22 }
# vertices: 36 (260 ms) [ 1 1 1 1 -1 -1 ]
# cobases: 242 (260 ms) { 7, 11, 14, 21, 22 }
# cobases: 243 (270 ms) { 1, 11, 13, 14, 22 }
# cobases: 244 (270 ms) { 11, 13, 14, 18, 22 }
# cobases: 245 (280 ms) { 3, 7, 11, 13, 14 }
# cobases: 246 (290 ms) { 8, 11, 14, 15, 22 }
# cobases: 247 (290 ms) { 8, 11, 14, 22, 23 }
# cobases: 248 (290 ms) { 7, 8, 14, 19, 22 }
# cobases: 249 (290 ms) { 7, 8, 11, 15, 22 }
# cobases: 250 (290 ms) { 7, 8, 11, 14, 19 }
# cobases: 251 (290 ms) { 8, 11, 14, 15, 19 }
# cobases: 252 (300 ms) { 7, 8, 14, 19, 23 }
# cobases: 253 (300 ms) { 8, 14, 15, 19, 23 }
# cobases: 254 (310 ms) { 14, 15, 19, 23, 25 }
# cobases: 255 (320 ms) { 12, 15, 19, 23, 25 }
# cobases: 256 (320 ms) { 15, 19, 23, 24, 25 }
# cobases: 257 (320 ms) { 6, 14, 15, 19, 23 }
# cobases: 258 (320 ms) { 14, 15, 19, 23, 24 }
# cobases: 259 (340 ms) { 1, 14, 15, 19, 23 }
# cobases: 260 (340 ms) { 1, 6, 14, 19, 23 }
# cobases: 261 (340 ms) { 3, 6, 14, 19, 23 }
# cobases: 262 (340 ms) { 6, 14, 19, 22, 23 }
# cobases: 263 (340 ms) { 3, 6, 14, 22, 23 }
# cobases: 264 (340 ms) { 6, 14, 18, 22, 23 }
# cobases: 265 (340 ms) { 1, 6, 14, 18, 23 }
# cobases: 266 (340 ms) { 6, 14, 18, 20, 22 }
# cobases: 267 (350 ms) { 1, 6, 18, 20, 22 }
# cobases: 268 (350 ms) { 6, 12, 18, 20, 22 }
# cobases: 269 (350 ms) { 1, 6, 14, 18, 20 }
# cobases: 270 (350 ms) { 6, 12, 14, 18, 20 }
# cobases: 271 (350 ms) { 3, 12, 14, 18, 20 }
# cobases: 272 (350 ms) { 3, 12, 16, 18, 20 }
# cobases: 273 (460 ms) { 4, 10, 17, 22, 23 }
# cobases: 274 (560 ms) { 2, 8, 10, 19, 23 }
# cobases: 275 (560 ms) { 8, 10, 12, 19, 23 }
# cobases: 276 (560 ms) { 2, 4, 10, 19, 23 }
# cobases: 277 (750 ms) { 8, 10, 12, 16, 20 }
# cobases: 278 (810 ms) { 3, 11, 14, 20, 25 }
# cobases: 279 (810 ms) { 3, 6, 11, 14, 25 }
# cobases: 280 (850 ms) { 1, 16, 18, 20, 24 }
# cobases: 281 (850 ms) { 9, 16, 18, 20, 24 }
# cobases: 282 (880 ms) { 6, 14, 18, 20, 24 }
# cobases: 283 (880 ms) { 6, 10, 14, 18, 24 }
# cobases: 284 (880 ms) { 6, 10, 14, 18, 20 }
# cobases: 285 (1090 ms) { 5, 16, 17, 22, 24 }
# cobases: 286 (1090 ms) { 11, 16, 17, 22, 24 }
# cobases: 287 (1100 ms) { 1, 16, 17, 22, 24 }
# cobases: 288 (1100 ms) { 1, 5, 16, 22, 24 }
# cobases: 289 (1100 ms) { 1, 5, 16, 17, 22 }
# cobases: 290 (1100 ms) { 1, 16, 22, 23, 24 }
# cobases: 291 (1100 ms) { 1, 5, 22, 23, 24 }

results: 
{
	dimension: 5
	initial cobasis: { 18, 22, 23, 24, 25 }
	symmetry generators: 7
	{
		(5,12)(6,13)(7,14)(8,15)(9,16)(10,17)(11,18),
		(2,5,12)(3,6,13)(4,7,14)(8,19,15)(9,20,16)(10,21,17)(11,22,18),
		(3,4)(6,7)(9,10)(13,14)(16,17)(20,21)(23,24),
		(1,3,4)(5,9,10)(6,11,7)(12,16,17)(13,18,14)(19,23,24)(20,25,21),
		(2,12)(3,13)(4,14)(8,19)(9,20)(10,21)(11,22),
		(1,6,7)(2,9,10)(3,11,4)(12,20,21)(13,22,14)(15,23,24)(16,25,17),
		(1,6)(2,9)(4,11)(12,20)(14,22)(15,23)(17,25)
	}
	basis orbits: 291
	{
		{ 1, 5, 16, 17, 22 },
		{ 1, 5, 16, 22, 24 },
		{ 1, 5, 22, 23, 24 },
		{ 1, 6, 14, 18, 20 },
		{ 1, 6, 14, 18, 23 },
		{ 1, 6, 14, 19, 23 },
		{ 1, 6, 18, 20, 22 },
		{ 1, 7, 8, 17, 20 },
		{ 1, 7, 8, 20, 24 },
		{ 1, 7, 14, 20, 24 },
		{ 1, 11, 13, 14, 22 },
		{ 1, 14, 15, 19, 23 },
		{ 1, 14, 18, 22, 23 },
		{ 1, 16, 17, 22, 24 },
		{ 1, 16, 18, 20, 24 },
		{ 1, 16, 18, 22, 24 },
		{ 1, 16, 22, 23, 24 },
		{ 1, 18, 22, 23, 24 },
		{ 2, 4, 10, 14, 18 },
		{ 2, 4, 10, 18, 19 },
		{ 2, 4, 10, 19, 23 },
		{ 2, 4, 12, 19, 23 },
		{ 2, 4, 14, 19, 23 },
		{ 2, 8, 10, 14, 18 },
		{ 2, 8, 10, 18, 19 },
		{ 2, 8, 10, 19, 23 },
		{ 2, 8, 14, 19, 23 },
		{ 2, 8, 18, 19, 21 },
		{ 2, 10, 12, 14, 23 },
		{ 2, 10, 12, 16, 19 },
		{ 2, 10, 12, 19, 23 },
		{ 2, 10, 14, 16, 19 },
		{ 2, 10, 14, 18, 19 },
		{ 2, 10, 14, 18, 20 },
		{ 2, 10, 14, 18, 21 },
		{ 2, 10, 14, 19, 23 },
		{ 2, 10, 14, 20, 25 },
		{ 2, 10, 16, 18, 21 },
		{ 2, 10, 16, 19, 21 },
		{ 2, 10, 18, 19, 21 },
		{ 2, 12, 14, 16, 19 },
		{ 2, 12, 14, 16, 23 },
		{ 2, 12, 14, 19, 23 },
		{ 2, 12, 14, 21, 23 },
		{ 2, 12, 16, 19, 21 },
		{ 2, 12, 19, 21, 23 },
		{ 2, 12, 19, 23, 25 },
		{ 2, 14, 16, 19, 23 },
		{ 2, 14, 19, 23, 25 },
		{ 3, 4, 7, 12, 24 },
		{ 3, 4, 10, 16, 22 },
		{ 3, 4, 10, 17, 22 },
		{ 3, 4, 10, 22, 23 },
		{ 3, 4, 16, 22, 23 },
		{ 3, 5, 12, 20, 24 },
		{ 3, 6, 7, 12, 24 },
		{ 3, 6, 8, 18, 20 },
		{ 3, 6, 11, 14, 25 },
		{ 3, 6, 14, 19, 23 },
		{ 3, 6, 14, 22, 23 },
		{ 3, 7, 11, 13, 14 },
		{ 3, 7, 12, 17, 22 },
		{ 3, 7, 12, 18, 22 },
		{ 3, 7, 12, 18, 24 },
		{ 3, 7, 12, 20, 24 },
		{ 3, 7, 12, 23, 24 },
		{ 3, 7, 14, 22, 24 },
		{ 3, 8, 10, 16, 22 },
		{ 3, 8, 10, 18, 20 },
		{ 3, 8, 10, 18, 22 },
		{ 3, 8, 10, 22, 24 },
		{ 3, 8, 16, 18, 20 },
		{ 3, 8, 16, 18, 22 },
		{ 3, 8, 18, 20, 22 },
		{ 3, 9, 10, 16, 22 },
		{ 3, 10, 16, 17, 22 },
		{ 3, 10, 16, 18, 20 },
		{ 3, 10, 16, 18, 22 },
		{ 3, 10, 16, 22, 23 },
		{ 3, 10, 17, 22, 23 },
		{ 3, 10, 17, 22, 24 },
		{ 3, 10, 18, 20, 22 },
		{ 3, 10, 18, 22, 24 },
		{ 3, 10, 22, 23, 24 },
		{ 3, 11, 14, 20, 25 },
		{ 3, 12, 14, 18, 20 },
		{ 3, 12, 16, 18, 20 },
		{ 3, 16, 17, 22, 23 },
		{ 3, 16, 17, 22, 24 },
		{ 3, 16, 18, 22, 24 },
		{ 3, 16, 22, 23, 24 },
		{ 4, 7, 12, 23, 24 },
		{ 4, 8, 10, 14, 18 },
		{ 4, 8, 14, 18, 22 },
		{ 4, 10, 11, 22, 25 },
		{ 4, 10, 14, 18, 19 },
		{ 4, 10, 17, 22, 23 },
		{ 4, 10, 17, 22, 25 },
		{ 4, 12, 14, 19, 23 },
		{ 4, 12, 16, 19, 21 },
		{ 4, 14, 16, 18, 21 },
		{ 4, 14, 17, 22, 24 },
		{ 4, 17, 22, 24, 25 },
		{ 5, 12, 16, 20, 24 },
		{ 5, 12, 17, 20, 21 },
		{ 5, 12, 20, 21, 24 },
		{ 5, 16, 17, 22, 24 },
		{ 5, 16, 22, 23, 24 },
		{ 6, 7, 12, 18, 22 },
		{ 6, 8, 16, 18, 20 },
		{ 6, 8, 18, 20, 24 },
		{ 6, 10, 14, 18, 20 },
		{ 6, 10, 14, 18, 24 },
		{ 6, 10, 16, 18, 20 },
		{ 6, 12, 14, 16, 20 },
		{ 6, 12, 14, 18, 20 },
		{ 6, 12, 18, 20, 22 },
		{ 6, 14, 15, 19, 23 },
		{ 6, 14, 16, 18, 22 },
		{ 6, 14, 18, 20, 22 },
		{ 6, 14, 18, 20, 24 },
		{ 6, 14, 18, 22, 23 },
		{ 6, 14, 19, 22, 23 },
		{ 7, 8, 11, 14, 19 },
		{ 7, 8, 11, 14, 22 },
		{ 7, 8, 11, 15, 22 },
		{ 7, 8, 12, 18, 24 },
		{ 7, 8, 12, 20, 24 },
		{ 7, 8, 14, 19, 22 },
		{ 7, 8, 14, 19, 23 },
		{ 7, 8, 15, 20, 24 },
		{ 7, 11, 13, 14, 22 },
		{ 7, 11, 14, 17, 22 },
		{ 7, 11, 14, 21, 22 },
		{ 7, 11, 14, 22, 24 },
		{ 7, 11, 17, 22, 24 },
		{ 7, 14, 17, 22, 24 },
		{ 8, 10, 12, 16, 20 },
		{ 8, 10, 12, 19, 23 },
		{ 8, 10, 14, 16, 20 },
		{ 8, 10, 14, 16, 21 },
		{ 8, 10, 14, 18, 19 },
		{ 8, 10, 14, 18, 20 },
		{ 8, 10, 14, 18, 21 },
		{ 8, 10, 14, 18, 22 },
		{ 8, 10, 16, 20, 24 },
		{ 8, 10, 16, 22, 24 },
		{ 8, 10, 18, 22, 24 },
		{ 8, 11, 14, 15, 19 },
		{ 8, 11, 14, 15, 22 },
		{ 8, 11, 14, 22, 23 },
		{ 8, 12, 14, 16, 20 },
		{ 8, 12, 14, 19, 23 },
		{ 8, 12, 20, 21, 24 },
		{ 8, 13, 14, 18, 22 },
		{ 8, 14, 15, 19, 23 },
		{ 8, 14, 16, 18, 20 },
		{ 8, 14, 16, 18, 21 },
		{ 8, 14, 16, 18, 22 },
		{ 8, 15, 20, 21, 24 },
		{ 8, 15, 20, 21, 25 },
		{ 8, 15, 21, 23, 24 },
		{ 8, 16, 18, 20, 24 },
		{ 8, 16, 18, 22, 24 },
		{ 9, 10, 12, 17, 20 },
		{ 9, 10, 16, 22, 23 },
		{ 9, 12, 17, 20, 21 },
		{ 9, 16, 18, 20, 24 },
		{ 9, 16, 18, 22, 24 },
		{ 10, 11, 14, 17, 22 },
		{ 10, 11, 14, 22, 25 },
		{ 10, 11, 17, 22, 25 },
		{ 10, 12, 14, 16, 21 },
		{ 10, 12, 14, 18, 21 },
		{ 10, 12, 14, 19, 23 },
		{ 10, 12, 16, 18, 20 },
		{ 10, 12, 16, 19, 21 },
		{ 10, 12, 17, 20, 21 },
		{ 10, 14, 16, 18, 19 },
		{ 10, 14, 16, 18, 20 },
		{ 10, 14, 16, 18, 21 },
		{ 10, 14, 16, 18, 23 },
		{ 10, 14, 16, 19, 21 },
		{ 10, 14, 16, 20, 25 },
		{ 10, 14, 16, 21, 25 },
		{ 10, 14, 18, 19, 21 },
		{ 10, 14, 18, 20, 22 },
		{ 10, 14, 18, 20, 24 },
		{ 10, 14, 18, 21, 23 },
		{ 10, 14, 18, 21, 24 },
		{ 10, 14, 18, 22, 25 },
		{ 10, 16, 17, 22, 23 },
		{ 10, 16, 18, 20, 24 },
		{ 10, 16, 18, 21, 23 },
		{ 10, 16, 18, 21, 25 },
		{ 10, 16, 18, 22, 24 },
		{ 10, 16, 22, 23, 24 },
		{ 10, 17, 21, 22, 25 },
		{ 10, 17, 21, 24, 25 },
		{ 10, 17, 22, 23, 24 },
		{ 10, 17, 22, 24, 25 },
		{ 10, 18, 22, 24, 25 },
		{ 11, 13, 14, 18, 22 },
		{ 11, 14, 16, 20, 25 },
		{ 11, 14, 16, 22, 24 },
		{ 11, 14, 17, 22, 24 },
		{ 11, 14, 18, 21, 22 },
		{ 11, 14, 18, 22, 23 },
		{ 11, 16, 17, 22, 24 },
		{ 11, 16, 18, 22, 24 },
		{ 11, 16, 22, 23, 24 },
		{ 11, 17, 18, 22, 25 },
		{ 11, 18, 22, 23, 24 },
		{ 11, 18, 22, 24, 25 },
		{ 12, 13, 14, 16, 20 },
		{ 12, 13, 14, 20, 24 },
		{ 12, 13, 16, 20, 24 },
		{ 12, 14, 16, 17, 20 },
		{ 12, 14, 16, 20, 23 },
		{ 12, 14, 16, 20, 24 },
		{ 12, 14, 16, 20, 25 },
		{ 12, 14, 16, 21, 22 },
		{ 12, 14, 16, 22, 23 },
		{ 12, 14, 17, 19, 20 },
		{ 12, 14, 17, 19, 23 },
		{ 12, 14, 17, 20, 21 },
		{ 12, 14, 17, 20, 24 },
		{ 12, 14, 18, 22, 23 },
		{ 12, 14, 19, 20, 23 },
		{ 12, 14, 20, 23, 24 },
		{ 12, 14, 20, 24, 25 },
		{ 12, 15, 16, 20, 24 },
		{ 12, 15, 19, 23, 25 },
		{ 12, 16, 18, 21, 22 },
		{ 12, 16, 18, 22, 23 },
		{ 12, 16, 18, 22, 24 },
		{ 12, 16, 18, 23, 24 },
		{ 12, 16, 20, 23, 25 },
		{ 12, 16, 20, 24, 25 },
		{ 12, 16, 22, 23, 24 },
		{ 12, 17, 19, 20, 23 },
		{ 12, 17, 19, 23, 25 },
		{ 12, 18, 22, 23, 24 },
		{ 12, 18, 22, 24, 25 },
		{ 12, 19, 20, 23, 24 },
		{ 12, 19, 20, 23, 25 },
		{ 12, 22, 23, 24, 25 },
		{ 13, 14, 16, 18, 22 },
		{ 13, 14, 18, 22, 23 },
		{ 13, 16, 18, 22, 24 },
		{ 13, 16, 20, 24, 25 },
		{ 13, 16, 22, 23, 24 },
		{ 13, 18, 22, 23, 24 },
		{ 13, 18, 22, 24, 25 },
		{ 13, 22, 23, 24, 25 },
		{ 14, 15, 19, 23, 24 },
		{ 14, 15, 19, 23, 25 },
		{ 14, 16, 17, 18, 22 },
		{ 14, 16, 17, 18, 23 },
		{ 14, 16, 18, 20, 25 },
		{ 14, 16, 18, 21, 22 },
		{ 14, 16, 18, 22, 23 },
		{ 14, 16, 18, 22, 24 },
		{ 14, 16, 18, 23, 24 },
		{ 14, 16, 20, 22, 23 },
		{ 14, 16, 20, 23, 25 },
		{ 14, 16, 20, 24, 25 },
		{ 14, 16, 22, 23, 24 },
		{ 14, 17, 20, 24, 25 },
		{ 14, 20, 21, 24, 25 },
		{ 14, 20, 23, 24, 25 },
		{ 15, 16, 22, 23, 24 },
		{ 15, 18, 22, 23, 24 },
		{ 15, 18, 22, 24, 25 },
		{ 15, 19, 23, 24, 25 },
		{ 15, 22, 23, 24, 25 },
		{ 16, 17, 18, 22, 24 },
		{ 16, 17, 20, 24, 25 },
		{ 16, 18, 19, 22, 24 },
		{ 16, 18, 19, 23, 24 },
		{ 16, 18, 20, 24, 25 },
		{ 16, 18, 21, 22, 24 },
		{ 16, 18, 21, 22, 25 },
		{ 16, 18, 22, 23, 24 },
		{ 16, 18, 22, 24, 25 },
		{ 16, 19, 22, 23, 24 },
		{ 16, 20, 22, 23, 24 },
		{ 16, 20, 23, 24, 25 },
		{ 16, 21, 22, 23, 24 },
		{ 16, 22, 23, 24, 25 },
		{ 18, 22, 23, 24, 25 }
	}
	vertex orbits: 36
	{
		[ 1 -3 -1 -2 1 2 ],
		[ 1 -3 -1 -1 1 1 ],
		[ 1 -3 1 1 1 1 ],
		[ 1 -2 -1 -1 0 1 ],
		[ 1 -2 -1 -1 1 2 ],
		[ 1 -2 0 1 1 1 ],
		[ 1 -2 1 1 0 1 ],
		[ 1 -1 -1 -1 -1 1 ],
		[ 1 -1 -1 -1 1 1 ],
		[ 1 -1 -1/2 1/2 1/2 3/2 ],
		[ 1 -1 0 -1 0 1 ],
		[ 1 -1 0 0 0 0 ],
		[ 1 -1 1 1 1 -1 ],
		[ 1 -2/3 -2/3 -1/3 1/3 1/3 ],
		[ 1 -1/2 -1/2 -1 3/2 1/2 ],
		[ 1 -1/2 -1/2 -1/2 0 -1/2 ],
		[ 1 -1/2 -1/2 -1/2 1 1/2 ],
		[ 1 -1/2 -1/2 0 1/2 1/2 ],
		[ 1 -1/2 -1/2 1/2 1/2 1 ],
		[ 1 -1/2 0 -1/2 -1/2 -1/2 ],
		[ 1 -1/2 1/2 -1/2 -1 -1/2 ],
		[ 1 -1/3 -2/3 1/3 1/3 2/3 ],
		[ 1 -1/3 -1/3 -1/3 -1/3 -1/3 ],
		[ 1 0 -1 -1 0 -1 ],
		[ 1 0 -1 1 -2 -1 ],
		[ 1 0 0 -1 -1 -1 ],
		[ 1 0 0 0 -1 0 ],
		[ 1 0 1 1 -1 -2 ],
		[ 1 0 1 1 0 -1 ],
		[ 1 1 -2 -1 3 2 ],
		[ 1 1 -1 -1 2 2 ],
		[ 1 1 1 -1 -3 -1 ],
		[ 1 1 1 1 -1 -1 ],
		[ 1 1 2 -1 -1 2 ],
		[ 1 1 2 2 -1 -1 ],
		[ 1 1 3 2 -2 -1 ]
	}
	ray orbits: 0
	{}
}
total running time: 1260 ms
