Matrix:	(30,7)
[ [ 1 -1 -1 -1 -1 -1 1 ]
  [ 1 -1 -1 -1 -1 1 -1 ]
  [ 1 -1 -1 -1 1 -1 -1 ]
  [ 1 -1 -1 1 -1 -1 -1 ]
  [ 1 -1 -1 1 -1 1 1 ]
  [ 1 -1 -1 1 1 -1 1 ]
  [ 1 -1 -1 1 1 1 -1 ]
  [ 1 -1 1 -1 -1 -1 -1 ]
  [ 1 -1 1 -1 -1 1 1 ]
  [ 1 -1 1 -1 1 -1 1 ]
  [ 1 -1 1 -1 1 1 -1 ]
  [ 1 -1 1 1 -1 -1 1 ]
  [ 1 -1 1 1 -1 1 -1 ]
  [ 1 -1 1 1 1 -1 -1 ]
  [ 1 -1 1 1 1 1 1 ]
  [ 1 1 -1 -1 -1 -1 -1 ]
  [ 1 1 -1 -1 -1 1 1 ]
  [ 1 1 -1 -1 1 -1 1 ]
  [ 1 1 -1 -1 1 1 -1 ]
  [ 1 1 -1 1 -1 -1 1 ]
  [ 1 1 -1 1 -1 1 -1 ]
  [ 1 1 -1 1 1 -1 -1 ]
  [ 1 1 -1 1 1 1 1 ]
  [ 1 1 1 -1 -1 -1 1 ]
  [ 1 1 1 -1 -1 1 -1 ]
  [ 1 1 1 -1 1 -1 -1 ]
  [ 1 1 1 -1 1 1 1 ]
  [ 1 1 1 1 -1 1 1 ]
  [ 1 1 1 1 1 -1 1 ]
  [ 1 1 1 1 1 1 -1 ] ]
Group:	6
{
	(1,30)(2,29)(3,28)(4,27)(5,26)(6,25)(7,24)(8,15)(9,14)(10,13)(11,12)(16,23)(17,22)(18,21)(19,20),
	(1,9)(3,11)(4,13)(6,15)(16,25)(18,27)(20,28)(22,30),
	(4,8,16)(5,9,17)(6,10,18)(7,11,19)(12,24,20)(13,25,21)(14,26,22)(15,27,23),
	(2,3)(5,6)(9,10)(13,14)(17,18)(21,22)(25,26)(28,29),
	(2,5)(3,6)(8,12)(11,15)(16,20)(19,23)(25,28)(26,29),
	(8,16)(9,17)(10,18)(11,19)(12,20)(13,21)(14,22)(15,23)
}
Gram Matrix:	| 1 2 2 2 2 2 -3 2 2 2 -3 2 -3 -3 -3 2 2 2 -3 2 -3 -3 -3 2 -3 -3 -3 -3 -3 -4 | 2 1 2 2 2 -3 2 2 2 -3 2 -3 2 -3 -3 2 2 -3 2 -3 2 -3 -3 -3 2 -3 -3 -3 -4 -3 | 2 2 1 2 -3 2 2 2 -3 2 2 -3 -3 2 -3 2 -3 2 2 -3 -3 2 -3 -3 -3 2 -3 -4 -3 -3 | 2 2 2 1 2 2 2 2 -3 -3 -3 2 2 2 -3 2 -3 -3 -3 2 2 2 -3 -3 -3 -3 -4 -3 -3 -3 | 2 2 -3 2 1 2 2 -3 2 -3 -3 2 2 -3 2 -3 2 -3 -3 2 2 -3 2 -3 -3 -4 -3 2 -3 -3 | 2 -3 2 2 2 1 2 -3 -3 2 -3 2 -3 2 2 -3 -3 2 -3 2 -3 2 2 -3 -4 -3 -3 -3 2 -3 | -3 2 2 2 2 2 1 -3 -3 -3 2 -3 2 2 2 -3 -3 -3 2 -3 2 2 2 -4 -3 -3 -3 -3 -3 2 | 2 2 2 2 -3 -3 -3 1 2 2 2 2 2 2 -3 2 -3 -3 -3 -3 -3 -3 -4 2 2 2 -3 -3 -3 -3 | 2 2 -3 -3 2 -3 -3 2 1 2 2 2 2 -3 2 -3 2 -3 -3 -3 -3 -4 -3 2 2 -3 2 2 -3 -3 | 2 -3 2 -3 -3 2 -3 2 2 1 2 2 -3 2 2 -3 -3 2 -3 -3 -4 -3 -3 2 -3 2 2 -3 2 -3 | -3 2 2 -3 -3 -3 2 2 2 2 1 -3 2 2 2 -3 -3 -3 2 -4 -3 -3 -3 -3 2 2 2 -3 -3 2 | 2 -3 -3 2 2 2 -3 2 2 2 -3 1 2 2 2 -3 -3 -3 -4 2 -3 -3 -3 2 -3 -3 -3 2 2 -3 | -3 2 -3 2 2 -3 2 2 2 -3 2 2 1 2 2 -3 -3 -4 -3 -3 2 -3 -3 -3 2 -3 -3 2 -3 2 | -3 -3 2 2 -3 2 2 2 -3 2 2 2 2 1 2 -3 -4 -3 -3 -3 -3 2 -3 -3 -3 2 -3 -3 2 2 | -3 -3 -3 -3 2 2 2 -3 2 2 2 2 2 2 1 -4 -3 -3 -3 -3 -3 -3 2 -3 -3 -3 2 2 2 2 | 2 2 2 2 -3 -3 -3 2 -3 -3 -3 -3 -3 -3 -4 1 2 2 2 2 2 2 -3 2 2 2 -3 -3 -3 -3 | 2 2 -3 -3 2 -3 -3 -3 2 -3 -3 -3 -3 -4 -3 2 1 2 2 2 2 -3 2 2 2 -3 2 2 -3 -3 | 2 -3 2 -3 -3 2 -3 -3 -3 2 -3 -3 -4 -3 -3 2 2 1 2 2 -3 2 2 2 -3 2 2 -3 2 -3 | -3 2 2 -3 -3 -3 2 -3 -3 -3 2 -4 -3 -3 -3 2 2 2 1 -3 2 2 2 -3 2 2 2 -3 -3 2 | 2 -3 -3 2 2 2 -3 -3 -3 -3 -4 2 -3 -3 -3 2 2 2 -3 1 2 2 2 2 -3 -3 -3 2 2 -3 | -3 2 -3 2 2 -3 2 -3 -3 -4 -3 -3 2 -3 -3 2 2 -3 2 2 1 2 2 -3 2 -3 -3 2 -3 2 | -3 -3 2 2 -3 2 2 -3 -4 -3 -3 -3 -3 2 -3 2 -3 2 2 2 2 1 2 -3 -3 2 -3 -3 2 2 | -3 -3 -3 -3 2 2 2 -4 -3 -3 -3 -3 -3 -3 2 -3 2 2 2 2 2 2 1 -3 -3 -3 2 2 2 2 | 2 -3 -3 -3 -3 -3 -4 2 2 2 -3 2 -3 -3 -3 2 2 2 -3 2 -3 -3 -3 1 2 2 2 2 2 -3 | -3 2 -3 -3 -3 -4 -3 2 2 -3 2 -3 2 -3 -3 2 2 -3 2 -3 2 -3 -3 2 1 2 2 2 -3 2 | -3 -3 2 -3 -4 -3 -3 2 -3 2 2 -3 -3 2 -3 2 -3 2 2 -3 -3 2 -3 2 2 1 2 -3 2 2 | -3 -3 -3 -4 -3 -3 -3 -3 2 2 2 -3 -3 -3 2 -3 2 2 2 -3 -3 -3 2 2 2 2 1 2 2 2 | -3 -3 -4 -3 2 -3 -3 -3 2 -3 -3 2 2 -3 2 -3 2 -3 -3 2 2 -3 2 2 2 -3 2 1 2 2 | -3 -4 -3 -3 -3 2 -3 -3 -3 2 -3 2 -3 2 2 -3 -3 2 -3 2 -3 2 2 2 -3 2 2 2 1 2 | -4 -3 -3 -3 -3 -3 2 -3 -3 -3 2 -3 2 2 2 -3 -3 -3 2 -3 2 2 2 -3 2 2 2 2 2 1 |
# cobases: 1 (0 ms) { 23, 26, 27, 28, 29, 30 }
# vertices: 1 (0 ms) [ 1 -1 0 0 0 0 0 ]
# cobases: 2 (0 ms) { 16, 26, 27, 28, 29, 30 }
# cobases: 3 (0 ms) { 17, 26, 27, 28, 29, 30 }
# cobases: 4 (0 ms) { 18, 26, 27, 28, 29, 30 }
# cobases: 5 (0 ms) { 20, 26, 27, 28, 29, 30 }
# cobases: 6 (0 ms) { 22, 26, 27, 28, 29, 30 }
# cobases: 7 (0 ms) { 15, 23, 27, 28, 29, 30 }
# vertices: 2 (0 ms) [ 1 -1/4 -1/4 -1/4 -1/4 -1/4 -1/4 ]
# cobases: 8 (0 ms) { 16, 23, 27, 28, 29, 30 }
# cobases: 9 (0 ms) { 17, 23, 27, 28, 29, 30 }
# cobases: 10 (0 ms) { 4, 23, 26, 28, 29, 30 }
# vertices: 3 (0 ms) [ 1 -3/2 1/2 -1/2 1/2 1/2 1/2 ]
# cobases: 11 (0 ms) { 9, 23, 26, 28, 29, 30 }
# vertices: 4 (0 ms) [ 1 -1/2 -1/2 1/2 -1/2 -1/2 -1/2 ]
# cobases: 12 (0 ms) { 16, 23, 26, 28, 29, 30 }
# cobases: 13 (0 ms) { 16, 23, 26, 27, 29, 30 }
# cobases: 14 (0 ms) { 17, 23, 26, 27, 29, 30 }
# cobases: 15 (0 ms) { 20, 23, 26, 27, 29, 30 }
# cobases: 16 (0 ms) { 2, 23, 26, 27, 28, 30 }
# vertices: 5 (0 ms) [ 1 -3/2 1/2 1/2 1/2 -1/2 1/2 ]
# cobases: 17 (10 ms) { 16, 23, 26, 27, 28, 30 }
# cobases: 18 (10 ms) { 17, 23, 26, 27, 28, 30 }
# cobases: 19 (10 ms) { 19, 23, 26, 27, 28, 30 }
# cobases: 20 (20 ms) { 16, 19, 23, 27, 28, 30 }
# cobases: 21 (20 ms) { 18, 19, 23, 27, 28, 30 }
# cobases: 22 (20 ms) { 4, 19, 23, 26, 28, 30 }
# cobases: 23 (20 ms) { 9, 19, 23, 26, 28, 30 }
# cobases: 24 (20 ms) { 16, 19, 23, 26, 28, 30 }
# cobases: 25 (20 ms) { 16, 19, 23, 26, 27, 28 }
# cobases: 26 (20 ms) { 17, 19, 23, 26, 27, 28 }
# cobases: 27 (20 ms) { 19, 23, 24, 26, 27, 28 }
# cobases: 28 (20 ms) { 2, 23, 24, 26, 27, 28 }
# cobases: 29 (20 ms) { 16, 23, 24, 26, 27, 28 }
# cobases: 30 (30 ms) { 4, 19, 23, 24, 26, 28 }
# cobases: 31 (30 ms) { 9, 19, 23, 24, 26, 28 }
# cobases: 32 (30 ms) { 16, 19, 23, 24, 26, 28 }
# cobases: 33 (30 ms) { 19, 21, 23, 24, 26, 28 }
# cobases: 34 (40 ms) { 2, 21, 23, 24, 26, 28 }
# vertices: 6 (40 ms) [ 1 -1 0 1 0 -1 0 ]
# cobases: 35 (40 ms) { 14, 21, 23, 24, 26, 28 }
# vertices: 7 (40 ms) [ 1 -1 0 -1 0 1 0 ]
# cobases: 36 (40 ms) { 21, 22, 23, 24, 26, 28 }
# cobases: 37 (40 ms) { 21, 23, 24, 25, 26, 28 }
# cobases: 38 (40 ms) { 21, 23, 24, 26, 28, 29 }
# cobases: 39 (40 ms) { 15, 19, 23, 24, 26, 28 }
# cobases: 40 (40 ms) { 19, 20, 21, 24, 26, 28 }
# cobases: 41 (40 ms) { 19, 21, 24, 25, 26, 28 }
# cobases: 42 (40 ms) { 19, 20, 21, 23, 26, 28 }
# cobases: 43 (50 ms) { 1, 20, 21, 23, 26, 28 }
# vertices: 8 (50 ms) [ 1 -3/2 1/2 3/2 1/2 -1/2 -1/2 ]
# cobases: 44 (50 ms) { 17, 19, 20, 23, 26, 28 }
# cobases: 45 (60 ms) { 2, 17, 20, 23, 26, 28 }
# vertices: 9 (60 ms) [ 1 -3/2 1/2 -1/2 1/2 -1/2 3/2 ]
# cobases: 46 (60 ms) { 4, 17, 19, 23, 26, 28 }
# cobases: 47 (60 ms) { 15, 17, 19, 23, 26, 28 }
# cobases: 48 (70 ms) { 10, 17, 19, 23, 26, 28 }
# cobases: 49 (70 ms) { 11, 17, 19, 23, 26, 28 }
# cobases: 50 (70 ms) { 9, 15, 19, 23, 26, 28 }
# cobases: 51 (70 ms) { 10, 15, 19, 23, 26, 28 }
# cobases: 52 (70 ms) { 15, 19, 23, 26, 28, 30 }
# cobases: 53 (70 ms) { 15, 17, 23, 24, 26, 28 }
# cobases: 54 (80 ms) { 15, 17, 23, 26, 28, 29 }
# cobases: 55 (80 ms) { 10, 15, 17, 19, 23, 28 }
# cobases: 56 (80 ms) { 15, 17, 18, 19, 23, 28 }
# cobases: 57 (80 ms) { 15, 17, 19, 23, 24, 28 }
# cobases: 58 (80 ms) { 15, 17, 19, 23, 28, 29 }
# cobases: 59 (80 ms) { 10, 15, 17, 19, 23, 26 }
# cobases: 60 (80 ms) { 15, 17, 18, 19, 23, 26 }
# cobases: 61 (80 ms) { 15, 17, 19, 23, 25, 26 }
# cobases: 62 (80 ms) { 10, 17, 19, 23, 25, 26 }
# cobases: 63 (80 ms) { 9, 15, 19, 23, 25, 26 }
# cobases: 64 (80 ms) { 15, 19, 23, 24, 25, 26 }
# cobases: 65 (90 ms) { 15, 19, 23, 25, 26, 30 }
# cobases: 66 (90 ms) { 9, 15, 17, 19, 25, 26 }
# cobases: 67 (90 ms) { 10, 15, 17, 19, 25, 26 }
# cobases: 68 (90 ms) { 11, 15, 17, 19, 25, 26 }
# cobases: 69 (90 ms) { 15, 17, 19, 25, 26, 29 }
# cobases: 70 (90 ms) { 15, 17, 19, 25, 26, 30 }
# cobases: 71 (90 ms) { 10, 15, 17, 19, 23, 25 }
# cobases: 72 (100 ms) { 9, 10, 15, 17, 19, 25 }
# cobases: 73 (110 ms) { 10, 15, 17, 19, 20, 25 }
# vertices: 10 (110 ms) [ 1 -2 -1 0 -1 0 -1 ]
# cobases: 74 (110 ms) { 10, 15, 17, 19, 25, 29 }
# cobases: 75 (110 ms) { 10, 15, 17, 19, 23, 27 }
# vertices: 11 (110 ms) [ 1 1/2 1/2 1/2 -1/2 -1/2 -1/2 ]
# cobases: 76 (110 ms) { 1, 15, 17, 19, 23, 27 }
# cobases: 77 (110 ms) { 15, 17, 18, 19, 23, 27 }
# cobases: 78 (110 ms) { 10, 13, 17, 19, 23, 27 }
# vertices: 12 (110 ms) [ 1 3/2 1/2 1/2 -1/2 -3/2 -1/2 ]
# cobases: 79 (120 ms) { 1, 10, 15, 19, 23, 27 }
# cobases: 80 (120 ms) { 5, 10, 15, 19, 23, 27 }
# cobases: 81 (120 ms) { 2, 10, 15, 17, 19, 27 }
# cobases: 82 (120 ms) { 1, 10, 15, 17, 19, 23 }
# cobases: 83 (120 ms) { 2, 10, 15, 17, 19, 23 }
# cobases: 84 (120 ms) { 2, 4, 10, 15, 17, 19 }
# vertices: 13 (120 ms) [ 1 1 2 0 -1 0 -1 ]
# cobases: 85 (120 ms) { 2, 6, 10, 15, 17, 19 }
# cobases: 86 (140 ms) { 4, 10, 15, 17, 19, 20 }
# cobases: 87 (140 ms) { 4, 10, 15, 17, 19, 29 }
# vertices: 14 (140 ms) [ 1 1/2 5/2 -1/2 -3/2 1/2 -3/2 ]
# cobases: 88 (140 ms) { 4, 9, 10, 15, 19, 20 }
# vertices: 15 (140 ms) [ 1 3/2 5/2 1/2 -1/2 -1/2 -3/2 ]
# cobases: 89 (140 ms) { 4, 10, 15, 19, 20, 22 }
# cobases: 90 (150 ms) { 1, 10, 13, 17, 19, 23 }
# cobases: 91 (160 ms) { 2, 10, 15, 17, 19, 25 }
# vertices: 16 (160 ms) [ 1 1/4 -1/4 3/4 -1/4 -3/4 -1/4 ]
# cobases: 92 (180 ms) { 17, 18, 19, 23, 27, 30 }
# cobases: 93 (210 ms) { 4, 17, 18, 19, 23, 30 }
# cobases: 94 (220 ms) { 4, 18, 19, 23, 25, 30 }
# cobases: 95 (220 ms) { 4, 19, 23, 24, 25, 30 }
# cobases: 96 (220 ms) { 4, 19, 23, 25, 26, 30 }
# cobases: 97 (220 ms) { 4, 18, 23, 25, 28, 30 }
# cobases: 98 (230 ms) { 4, 5, 18, 19, 25, 30 }
# vertices: 17 (230 ms) [ 1 -2 1 -1 1 0 0 ]
# cobases: 99 (230 ms) { 4, 5, 19, 24, 25, 30 }
# cobases: 100 (230 ms) { 4, 5, 18, 24, 25, 30 }
# cobases: 101 (230 ms) { 4, 5, 18, 19, 24, 30 }
# cobases: 102 (230 ms) { 4, 5, 6, 19, 24, 30 }
# vertices: 18 (230 ms) [ 1 -5/2 3/2 -3/2 1/2 1/2 -1/2 ]
# cobases: 103 (240 ms) { 4, 18, 24, 25, 28, 30 }
# cobases: 104 (240 ms) { 4, 19, 24, 25, 28, 30 }
# cobases: 105 (240 ms) { 4, 18, 21, 24, 28, 30 }
# cobases: 106 (250 ms) { 6, 18, 21, 24, 28, 30 }
# cobases: 107 (250 ms) { 12, 18, 21, 24, 28, 30 }
# cobases: 108 (250 ms) { 4, 21, 23, 24, 28, 30 }
# cobases: 109 (250 ms) { 4, 6, 18, 24, 28, 30 }
# cobases: 110 (250 ms) { 4, 12, 18, 24, 28, 30 }
# cobases: 111 (250 ms) { 4, 14, 18, 24, 28, 30 }
# cobases: 112 (250 ms) { 4, 16, 18, 24, 28, 30 }
# cobases: 113 (250 ms) { 4, 18, 21, 23, 28, 30 }
# cobases: 114 (260 ms) { 4, 16, 18, 21, 24, 30 }
# cobases: 115 (260 ms) { 4, 18, 21, 23, 24, 30 }
# cobases: 116 (260 ms) { 6, 18, 21, 23, 24, 30 }
# cobases: 117 (260 ms) { 12, 18, 21, 23, 24, 30 }
# cobases: 118 (260 ms) { 4, 6, 18, 23, 24, 30 }
# cobases: 119 (260 ms) { 4, 12, 18, 21, 23, 30 }
# cobases: 120 (280 ms) { 12, 21, 23, 24, 28, 30 }
# cobases: 121 (300 ms) { 6, 18, 21, 23, 28, 30 }
# cobases: 122 (380 ms) { 15, 17, 19, 25, 28, 29 }
# cobases: 123 (400 ms) { 15, 19, 24, 25, 28, 29 }
# cobases: 124 (400 ms) { 15, 19, 25, 28, 29, 30 }
# cobases: 125 (410 ms) { 15, 17, 19, 24, 28, 29 }
# cobases: 126 (410 ms) { 15, 17, 19, 21, 25, 29 }
# vertices: 19 (410 ms) [ 1 -3/4 -1/4 -1/4 -1/4 -3/4 -1/4 ]
# cobases: 127 (420 ms) { 9, 17, 19, 24, 28, 29 }
# cobases: 128 (430 ms) { 15, 17, 24, 26, 28, 29 }
# cobases: 129 (440 ms) { 9, 17, 24, 26, 28, 29 }
# cobases: 130 (460 ms) { 9, 17, 26, 28, 29, 30 }
# cobases: 131 (460 ms) { 9, 17, 24, 25, 28, 29 }
# cobases: 132 (470 ms) { 9, 10, 17, 24, 25, 28 }
# cobases: 133 (550 ms) { 10, 15, 19, 20, 22, 25 }
# cobases: 134 (800 ms) { 2, 4, 17, 23, 26, 28 }
# cobases: 135 (800 ms) { 4, 13, 17, 23, 26, 28 }
# cobases: 136 (800 ms) { 4, 17, 20, 23, 26, 28 }
# cobases: 137 (800 ms) { 2, 4, 13, 23, 26, 28 }
# cobases: 138 (810 ms) { 2, 4, 13, 17, 23, 26 }
# cobases: 139 (820 ms) { 1, 2, 20, 23, 26, 28 }
# cobases: 140 (820 ms) { 2, 20, 23, 26, 28, 30 }
# cobases: 141 (820 ms) { 1, 2, 9, 23, 26, 28 }
# cobases: 142 (830 ms) { 2, 9, 23, 26, 28, 30 }
# cobases: 143 (830 ms) { 9, 21, 23, 26, 28, 30 }
# cobases: 144 (830 ms) { 2, 11, 23, 26, 28, 30 }
# cobases: 145 (830 ms) { 2, 16, 23, 26, 28, 30 }
# cobases: 146 (830 ms) { 2, 9, 18, 26, 28, 30 }
# cobases: 147 (830 ms) { 2, 9, 16, 23, 28, 30 }
# cobases: 148 (830 ms) { 2, 9, 18, 23, 28, 30 }
# cobases: 149 (830 ms) { 2, 9, 11, 23, 26, 30 }
# cobases: 150 (840 ms) { 2, 9, 11, 23, 26, 28 }
# cobases: 151 (840 ms) { 2, 9, 16, 23, 26, 28 }
# cobases: 152 (840 ms) { 2, 9, 18, 23, 26, 28 }
# cobases: 153 (840 ms) { 2, 9, 23, 24, 26, 28 }
# cobases: 154 (840 ms) { 9, 16, 23, 24, 26, 28 }
# cobases: 155 (840 ms) { 9, 21, 23, 24, 26, 28 }
# cobases: 156 (840 ms) { 2, 16, 23, 24, 26, 28 }
# cobases: 157 (840 ms) { 2, 16, 18, 23, 26, 28 }
# cobases: 158 (850 ms) { 2, 16, 18, 23, 24, 26 }
# cobases: 159 (850 ms) { 2, 18, 21, 23, 24, 26 }
# cobases: 160 (850 ms) { 2, 16, 18, 21, 24, 26 }
# cobases: 161 (890 ms) { 2, 18, 23, 26, 27, 28 }
# cobases: 162 (890 ms) { 2, 9, 11, 18, 23, 28 }
# cobases: 163 (900 ms) { 2, 20, 23, 26, 27, 28 }
# cobases: 164 (900 ms) { 2, 18, 23, 27, 28, 30 }
# cobases: 165 (910 ms) { 2, 20, 22, 26, 27, 28 }
# cobases: 166 (910 ms) { 2, 20, 24, 26, 27, 28 }
# cobases: 167 (910 ms) { 2, 20, 23, 24, 26, 28 }
# cobases: 168 (920 ms) { 20, 23, 24, 26, 28, 29 }
# cobases: 169 (920 ms) { 19, 20, 24, 26, 28, 29 }
# cobases: 170 (930 ms) { 19, 20, 23, 24, 28, 29 }

results: 
{
	dimension: 6
	initial cobasis: { 23, 26, 27, 28, 29, 30 }
	symmetry generators: 6
	{
		(1,30)(2,29)(3,28)(4,27)(5,26)(6,25)(7,24)(8,15)(9,14)(10,13)(11,12)(16,23)(17,22)(18,21)(19,20),
		(1,9)(3,11)(4,13)(6,15)(16,25)(18,27)(20,28)(22,30),
		(4,8,16)(5,9,17)(6,10,18)(7,11,19)(12,24,20)(13,25,21)(14,26,22)(15,27,23),
		(2,3)(5,6)(9,10)(13,14)(17,18)(21,22)(25,26)(28,29),
		(2,5)(3,6)(8,12)(11,15)(16,20)(19,23)(25,28)(26,29),
		(8,16)(9,17)(10,18)(11,19)(12,20)(13,21)(14,22)(15,23)
	}
	basis orbits: 170
	{
		{ 1, 2, 9, 23, 26, 28 },
		{ 1, 2, 20, 23, 26, 28 },
		{ 1, 10, 13, 17, 19, 23 },
		{ 1, 10, 15, 17, 19, 23 },
		{ 1, 10, 15, 19, 23, 27 },
		{ 1, 15, 17, 19, 23, 27 },
		{ 1, 20, 21, 23, 26, 28 },
		{ 2, 4, 10, 15, 17, 19 },
		{ 2, 4, 13, 17, 23, 26 },
		{ 2, 4, 13, 23, 26, 28 },
		{ 2, 4, 17, 23, 26, 28 },
		{ 2, 6, 10, 15, 17, 19 },
		{ 2, 9, 11, 18, 23, 28 },
		{ 2, 9, 11, 23, 26, 28 },
		{ 2, 9, 11, 23, 26, 30 },
		{ 2, 9, 16, 23, 26, 28 },
		{ 2, 9, 16, 23, 28, 30 },
		{ 2, 9, 18, 23, 26, 28 },
		{ 2, 9, 18, 23, 28, 30 },
		{ 2, 9, 18, 26, 28, 30 },
		{ 2, 9, 23, 24, 26, 28 },
		{ 2, 9, 23, 26, 28, 30 },
		{ 2, 10, 15, 17, 19, 23 },
		{ 2, 10, 15, 17, 19, 25 },
		{ 2, 10, 15, 17, 19, 27 },
		{ 2, 11, 23, 26, 28, 30 },
		{ 2, 16, 18, 21, 24, 26 },
		{ 2, 16, 18, 23, 24, 26 },
		{ 2, 16, 18, 23, 26, 28 },
		{ 2, 16, 23, 24, 26, 28 },
		{ 2, 16, 23, 26, 28, 30 },
		{ 2, 17, 20, 23, 26, 28 },
		{ 2, 18, 21, 23, 24, 26 },
		{ 2, 18, 23, 26, 27, 28 },
		{ 2, 18, 23, 27, 28, 30 },
		{ 2, 20, 22, 26, 27, 28 },
		{ 2, 20, 23, 24, 26, 28 },
		{ 2, 20, 23, 26, 27, 28 },
		{ 2, 20, 23, 26, 28, 30 },
		{ 2, 20, 24, 26, 27, 28 },
		{ 2, 21, 23, 24, 26, 28 },
		{ 2, 23, 24, 26, 27, 28 },
		{ 2, 23, 26, 27, 28, 30 },
		{ 4, 5, 6, 19, 24, 30 },
		{ 4, 5, 18, 19, 24, 30 },
		{ 4, 5, 18, 19, 25, 30 },
		{ 4, 5, 18, 24, 25, 30 },
		{ 4, 5, 19, 24, 25, 30 },
		{ 4, 6, 18, 23, 24, 30 },
		{ 4, 6, 18, 24, 28, 30 },
		{ 4, 9, 10, 15, 19, 20 },
		{ 4, 10, 15, 17, 19, 20 },
		{ 4, 10, 15, 17, 19, 29 },
		{ 4, 10, 15, 19, 20, 22 },
		{ 4, 12, 18, 21, 23, 30 },
		{ 4, 12, 18, 24, 28, 30 },
		{ 4, 13, 17, 23, 26, 28 },
		{ 4, 14, 18, 24, 28, 30 },
		{ 4, 16, 18, 21, 24, 30 },
		{ 4, 16, 18, 24, 28, 30 },
		{ 4, 17, 18, 19, 23, 30 },
		{ 4, 17, 19, 23, 26, 28 },
		{ 4, 17, 20, 23, 26, 28 },
		{ 4, 18, 19, 23, 25, 30 },
		{ 4, 18, 21, 23, 24, 30 },
		{ 4, 18, 21, 23, 28, 30 },
		{ 4, 18, 21, 24, 28, 30 },
		{ 4, 18, 23, 25, 28, 30 },
		{ 4, 18, 24, 25, 28, 30 },
		{ 4, 19, 23, 24, 25, 30 },
		{ 4, 19, 23, 24, 26, 28 },
		{ 4, 19, 23, 25, 26, 30 },
		{ 4, 19, 23, 26, 28, 30 },
		{ 4, 19, 24, 25, 28, 30 },
		{ 4, 21, 23, 24, 28, 30 },
		{ 4, 23, 26, 28, 29, 30 },
		{ 5, 10, 15, 19, 23, 27 },
		{ 6, 18, 21, 23, 24, 30 },
		{ 6, 18, 21, 23, 28, 30 },
		{ 6, 18, 21, 24, 28, 30 },
		{ 9, 10, 15, 17, 19, 25 },
		{ 9, 10, 17, 24, 25, 28 },
		{ 9, 15, 17, 19, 25, 26 },
		{ 9, 15, 19, 23, 25, 26 },
		{ 9, 15, 19, 23, 26, 28 },
		{ 9, 16, 23, 24, 26, 28 },
		{ 9, 17, 19, 24, 28, 29 },
		{ 9, 17, 24, 25, 28, 29 },
		{ 9, 17, 24, 26, 28, 29 },
		{ 9, 17, 26, 28, 29, 30 },
		{ 9, 19, 23, 24, 26, 28 },
		{ 9, 19, 23, 26, 28, 30 },
		{ 9, 21, 23, 24, 26, 28 },
		{ 9, 21, 23, 26, 28, 30 },
		{ 9, 23, 26, 28, 29, 30 },
		{ 10, 13, 17, 19, 23, 27 },
		{ 10, 15, 17, 19, 20, 25 },
		{ 10, 15, 17, 19, 23, 25 },
		{ 10, 15, 17, 19, 23, 26 },
		{ 10, 15, 17, 19, 23, 27 },
		{ 10, 15, 17, 19, 23, 28 },
		{ 10, 15, 17, 19, 25, 26 },
		{ 10, 15, 17, 19, 25, 29 },
		{ 10, 15, 19, 20, 22, 25 },
		{ 10, 15, 19, 23, 26, 28 },
		{ 10, 17, 19, 23, 25, 26 },
		{ 10, 17, 19, 23, 26, 28 },
		{ 11, 15, 17, 19, 25, 26 },
		{ 11, 17, 19, 23, 26, 28 },
		{ 12, 18, 21, 23, 24, 30 },
		{ 12, 18, 21, 24, 28, 30 },
		{ 12, 21, 23, 24, 28, 30 },
		{ 14, 21, 23, 24, 26, 28 },
		{ 15, 17, 18, 19, 23, 26 },
		{ 15, 17, 18, 19, 23, 27 },
		{ 15, 17, 18, 19, 23, 28 },
		{ 15, 17, 19, 21, 25, 29 },
		{ 15, 17, 19, 23, 24, 28 },
		{ 15, 17, 19, 23, 25, 26 },
		{ 15, 17, 19, 23, 26, 28 },
		{ 15, 17, 19, 23, 28, 29 },
		{ 15, 17, 19, 24, 28, 29 },
		{ 15, 17, 19, 25, 26, 29 },
		{ 15, 17, 19, 25, 26, 30 },
		{ 15, 17, 19, 25, 28, 29 },
		{ 15, 17, 23, 24, 26, 28 },
		{ 15, 17, 23, 26, 28, 29 },
		{ 15, 17, 24, 26, 28, 29 },
		{ 15, 19, 23, 24, 25, 26 },
		{ 15, 19, 23, 24, 26, 28 },
		{ 15, 19, 23, 25, 26, 30 },
		{ 15, 19, 23, 26, 28, 30 },
		{ 15, 19, 24, 25, 28, 29 },
		{ 15, 19, 25, 28, 29, 30 },
		{ 15, 23, 27, 28, 29, 30 },
		{ 16, 19, 23, 24, 26, 28 },
		{ 16, 19, 23, 26, 27, 28 },
		{ 16, 19, 23, 26, 28, 30 },
		{ 16, 19, 23, 27, 28, 30 },
		{ 16, 23, 24, 26, 27, 28 },
		{ 16, 23, 26, 27, 28, 30 },
		{ 16, 23, 26, 27, 29, 30 },
		{ 16, 23, 26, 28, 29, 30 },
		{ 16, 23, 27, 28, 29, 30 },
		{ 16, 26, 27, 28, 29, 30 },
		{ 17, 18, 19, 23, 27, 30 },
		{ 17, 19, 20, 23, 26, 28 },
		{ 17, 19, 23, 26, 27, 28 },
		{ 17, 23, 26, 27, 28, 30 },
		{ 17, 23, 26, 27, 29, 30 },
		{ 17, 23, 27, 28, 29, 30 },
		{ 17, 26, 27, 28, 29, 30 },
		{ 18, 19, 23, 27, 28, 30 },
		{ 18, 26, 27, 28, 29, 30 },
		{ 19, 20, 21, 23, 26, 28 },
		{ 19, 20, 21, 24, 26, 28 },
		{ 19, 20, 23, 24, 28, 29 },
		{ 19, 20, 24, 26, 28, 29 },
		{ 19, 21, 23, 24, 26, 28 },
		{ 19, 21, 24, 25, 26, 28 },
		{ 19, 23, 24, 26, 27, 28 },
		{ 19, 23, 26, 27, 28, 30 },
		{ 20, 23, 24, 26, 28, 29 },
		{ 20, 23, 26, 27, 29, 30 },
		{ 20, 26, 27, 28, 29, 30 },
		{ 21, 22, 23, 24, 26, 28 },
		{ 21, 23, 24, 25, 26, 28 },
		{ 21, 23, 24, 26, 28, 29 },
		{ 22, 26, 27, 28, 29, 30 },
		{ 23, 26, 27, 28, 29, 30 }
	}
	vertex orbits: 19
	{
		[ 1 -5/2 3/2 -3/2 1/2 1/2 -1/2 ],
		[ 1 -2 -1 0 -1 0 -1 ],
		[ 1 -2 1 -1 1 0 0 ],
		[ 1 -3/2 1/2 -1/2 1/2 -1/2 3/2 ],
		[ 1 -3/2 1/2 -1/2 1/2 1/2 1/2 ],
		[ 1 -3/2 1/2 1/2 1/2 -1/2 1/2 ],
		[ 1 -3/2 1/2 3/2 1/2 -1/2 -1/2 ],
		[ 1 -1 0 -1 0 1 0 ],
		[ 1 -1 0 0 0 0 0 ],
		[ 1 -1 0 1 0 -1 0 ],
		[ 1 -3/4 -1/4 -1/4 -1/4 -3/4 -1/4 ],
		[ 1 -1/2 -1/2 1/2 -1/2 -1/2 -1/2 ],
		[ 1 -1/4 -1/4 -1/4 -1/4 -1/4 -1/4 ],
		[ 1 1/4 -1/4 3/4 -1/4 -3/4 -1/4 ],
		[ 1 1/2 1/2 1/2 -1/2 -1/2 -1/2 ],
		[ 1 1/2 5/2 -1/2 -3/2 1/2 -3/2 ],
		[ 1 1 2 0 -1 0 -1 ],
		[ 1 3/2 1/2 1/2 -1/2 -3/2 -1/2 ],
		[ 1 3/2 5/2 1/2 -1/2 -1/2 -3/2 ]
	}
	ray orbits: 0
	{}
}
total running time: 1400 ms
