Matrix:	(15,7)
[ [ 1 -1 -1 -1 -1 -1 -1 ]
  [ 1 -1 -1 -1 1 -1 1 ]
  [ 1 -1 -1 -1 1 1 -1 ]
  [ 1 -1 -1 1 1 -1 -1 ]
  [ 1 -1 1 -1 -1 -1 1 ]
  [ 1 -1 1 -1 -1 1 -1 ]
  [ 1 -1 1 -1 1 1 1 ]
  [ 1 -1 1 1 -1 -1 -1 ]
  [ 1 -1 1 1 1 -1 1 ]
  [ 1 -1 1 1 1 1 -1 ]
  [ 1 1 -1 -1 1 -1 -1 ]
  [ 1 1 1 -1 -1 -1 -1 ]
  [ 1 1 1 -1 1 -1 1 ]
  [ 1 1 1 -1 1 1 -1 ]
  [ 1 1 1 1 1 -1 -1 ] ]
Group:	9
{
	(1,5)(3,7)(4,9)(11,13),
	(1,2)(6,7)(8,9)(12,13),
	(4,11)(8,12)(9,13)(10,14),
	(1,3)(5,7)(8,10)(12,14),
	(3,4)(6,8)(7,9)(14,15),
	(2,5)(3,6)(4,8)(11,12),
	(2,3)(5,6)(9,10)(13,14),
	(3,11)(6,12)(7,13)(10,15),
	(2,11)(5,12)(7,14)(9,15)
}
# cobases: 1 (0 ms) { 10, 11, 12, 13, 14, 15 }
# vertices: 1 (0 ms) [ 1 1/2 -1/2 1/2 -1/2 1/2 1/2 ]
# rays: 1 (0 ms) [ 0 -1 -1 -1 1 -1 -1 ]
# rays: 2 (0 ms) [ 0 -3 1 -1 1 -1 -1 ]
# cobases: 2 (0 ms) { 1, 10, 12, 13, 14, 15 }
# cobases: 3 (0 ms) { 3, 10, 12, 13, 14, 15 }
# cobases: 4 (0 ms) { 1, 3, 10, 13, 14, 15 }
# cobases: 5 (0 ms) { 3, 8, 10, 13, 14, 15 }
# cobases: 6 (10 ms) { 1, 3, 10, 12, 13, 15 }
# cobases: 7 (10 ms) { 3, 4, 10, 12, 13, 15 }
# cobases: 8 (10 ms) { 3, 5, 10, 12, 13, 15 }
# cobases: 9 (20 ms) { 3, 4, 5, 10, 12, 13 }

results: 
{
	dimension: 6
	initial cobasis: { 10, 11, 12, 13, 14, 15 }
	symmetry generators: 9
	{
		(1,5)(3,7)(4,9)(11,13),
		(1,2)(6,7)(8,9)(12,13),
		(4,11)(8,12)(9,13)(10,14),
		(1,3)(5,7)(8,10)(12,14),
		(3,4)(6,8)(7,9)(14,15),
		(2,5)(3,6)(4,8)(11,12),
		(2,3)(5,6)(9,10)(13,14),
		(3,11)(6,12)(7,13)(10,15),
		(2,11)(5,12)(7,14)(9,15)
	}
	basis orbits: 9
	{
		{ 1, 3, 10, 12, 13, 15 },
		{ 1, 3, 10, 13, 14, 15 },
		{ 1, 10, 12, 13, 14, 15 },
		{ 3, 4, 5, 10, 12, 13 },
		{ 3, 4, 10, 12, 13, 15 },
		{ 3, 5, 10, 12, 13, 15 },
		{ 3, 8, 10, 13, 14, 15 },
		{ 3, 10, 12, 13, 14, 15 },
		{ 10, 11, 12, 13, 14, 15 }
	}
	vertex orbits: 1
	{
		[ 1 1/2 -1/2 1/2 -1/2 1/2 1/2 ]
	}
	ray orbits: 2
	{
		[ 0 -3 1 -1 1 -1 -1 ],
		[ 0 -1 -1 -1 1 -1 -1 ]
	}
}
total running time: 80 ms
