Matrix:	(26,7)
[ [ 1 -1 -1 -1 -1 -1 -1 ]
  [ 1 -1 -1 -1 -1 1 1 ]
  [ 1 -1 -1 -1 1 -1 1 ]
  [ 1 -1 -1 -1 1 1 -1 ]
  [ 1 -1 -1 1 -1 -1 1 ]
  [ 1 -1 -1 1 -1 1 -1 ]
  [ 1 -1 -1 1 1 -1 -1 ]
  [ 1 -1 -1 1 1 1 1 ]
  [ 1 -1 1 -1 -1 -1 1 ]
  [ 1 -1 1 -1 1 -1 -1 ]
  [ 1 -1 1 -1 1 1 1 ]
  [ 1 -1 1 1 -1 -1 -1 ]
  [ 1 -1 1 1 -1 1 1 ]
  [ 1 -1 1 1 1 -1 1 ]
  [ 1 -1 1 1 1 1 -1 ]
  [ 1 1 -1 -1 -1 -1 1 ]
  [ 1 1 -1 -1 1 -1 -1 ]
  [ 1 1 -1 -1 1 1 1 ]
  [ 1 1 -1 1 -1 -1 -1 ]
  [ 1 1 -1 1 -1 1 1 ]
  [ 1 1 -1 1 1 -1 1 ]
  [ 1 1 -1 1 1 1 -1 ]
  [ 1 1 1 -1 1 -1 1 ]
  [ 1 1 1 1 -1 -1 1 ]
  [ 1 1 1 1 1 -1 -1 ]
  [ 1 1 1 1 1 1 1 ] ]
Group:	8
{
	(2,6)(3,7)(9,12)(11,15)(16,19)(18,22)(23,25),
	(9,16)(10,17)(11,18)(12,19)(13,20)(14,21)(15,22),
	(2,9)(4,10)(6,12)(8,14)(18,23)(20,24)(22,25),
	(2,6,4)(3,5,7)(9,12,10)(11,13,15)(16,19,17)(18,20,22)(23,24,25),
	(1,26)(2,13)(3,14)(4,24)(5,8)(6,20)(7,21)(9,11)(10,23)(12,18)(15,16)(17,25)(19,22),
	(1,4)(5,8)(9,11)(12,15)(16,18)(19,22)(24,26),
	(3,5)(4,6)(10,12)(11,13)(17,19)(18,20)(23,24),
	(1,16)(4,18)(6,20)(7,21)(10,23)(12,24)(15,26)
}
Gram Matrix:	| 1 2 2 2 2 2 2 -3 2 2 -3 2 -3 -3 -3 2 2 -3 2 -3 -3 -3 -3 -3 -3 -4 | 2 1 2 2 2 2 -3 2 2 -3 2 -3 2 -3 -3 2 -3 2 -3 2 -3 -3 -3 -3 -4 -3 | 2 2 1 2 2 -3 2 2 2 2 2 -3 -3 2 -3 2 2 2 -3 -3 2 -3 2 -3 -3 -3 | 2 2 2 1 -3 2 2 2 -3 2 2 -3 -3 -3 2 -3 2 2 -3 -3 -3 2 -3 -4 -3 -3 | 2 2 2 -3 1 2 2 2 2 -3 -3 2 2 2 -3 2 -3 -3 2 2 2 -3 -3 2 -3 -3 | 2 2 -3 2 2 1 2 2 -3 -3 -3 2 2 -3 2 -3 -3 -3 2 2 -3 2 -4 -3 -3 -3 | 2 -3 2 2 2 2 1 2 -3 2 -3 2 -3 2 2 -3 2 -3 2 -3 2 2 -3 -3 2 -3 | -3 2 2 2 2 2 2 1 -3 -3 2 -3 2 2 2 -3 -3 2 -3 2 2 2 -3 -3 -3 2 | 2 2 2 -3 2 -3 -3 -3 1 2 2 2 2 2 -3 2 -3 -3 -3 -3 -3 -4 2 2 -3 -3 | 2 -3 2 2 -3 -3 2 -3 2 1 2 2 -3 2 2 -3 2 -3 -3 -4 -3 -3 2 -3 2 -3 | -3 2 2 2 -3 -3 -3 2 2 2 1 -3 2 2 2 -3 -3 2 -4 -3 -3 -3 2 -3 -3 2 | 2 -3 -3 -3 2 2 2 -3 2 2 -3 1 2 2 2 -3 -3 -4 2 -3 -3 -3 -3 2 2 -3 | -3 2 -3 -3 2 2 -3 2 2 -3 2 2 1 2 2 -3 -4 -3 -3 2 -3 -3 -3 2 -3 2 | -3 -3 2 -3 2 -3 2 2 2 2 2 2 2 1 2 -3 -3 -3 -3 -3 2 -3 2 2 2 2 | -3 -3 -3 2 -3 2 2 2 -3 2 2 2 2 2 1 -4 -3 -3 -3 -3 -3 2 -3 -3 2 2 | 2 2 2 -3 2 -3 -3 -3 2 -3 -3 -3 -3 -3 -4 1 2 2 2 2 2 -3 2 2 -3 -3 | 2 -3 2 2 -3 -3 2 -3 -3 2 -3 -3 -4 -3 -3 2 1 2 2 -3 2 2 2 -3 2 -3 | -3 2 2 2 -3 -3 -3 2 -3 -3 2 -4 -3 -3 -3 2 2 1 -3 2 2 2 2 -3 -3 2 | 2 -3 -3 -3 2 2 2 -3 -3 -3 -4 2 -3 -3 -3 2 2 -3 1 2 2 2 -3 2 2 -3 | -3 2 -3 -3 2 2 -3 2 -3 -4 -3 -3 2 -3 -3 2 -3 2 2 1 2 2 -3 2 -3 2 | -3 -3 2 -3 2 -3 2 2 -3 -3 -3 -3 -3 2 -3 2 2 2 2 2 1 2 2 2 2 2 | -3 -3 -3 2 -3 2 2 2 -4 -3 -3 -3 -3 -3 2 -3 2 2 2 2 2 1 -3 -3 2 2 | -3 -3 2 -3 -3 -4 -3 -3 2 2 2 -3 -3 2 -3 2 2 2 -3 -3 2 -3 1 2 2 2 | -3 -3 -3 -4 2 -3 -3 -3 2 -3 -3 2 2 2 -3 2 -3 -3 2 2 2 -3 2 1 2 2 | -3 -4 -3 -3 -3 -3 2 -3 -3 2 -3 2 -3 2 2 -3 2 -3 2 -3 2 2 2 2 1 2 | -4 -3 -3 -3 -3 -3 -3 2 -3 -3 2 -3 2 2 2 -3 -3 2 -3 2 2 2 2 2 2 1 |
# cobases: 1 (0 ms) { 21, 22, 23, 24, 25, 26 }
# vertices: 1 (0 ms) [ 1 -1 0 0 0 0 0 ]
# rays: 1 (0 ms) [ 0 -1 -1 1 1 -1 1 ]
# cobases: 2 (0 ms) { 3, 22, 23, 24, 25, 26 }
# vertices: 2 (0 ms) [ 1 -1/2 1/2 -1/2 -1/2 1/2 -1/2 ]
# cobases: 3 (0 ms) { 15, 21, 22, 24, 25, 26 }
# vertices: 3 (0 ms) [ 1 0 0 -1 0 0 0 ]
# cobases: 4 (0 ms) { 16, 21, 22, 24, 25, 26 }
# cobases: 5 (0 ms) { 17, 21, 22, 24, 25, 26 }
# cobases: 6 (0 ms) { 2, 21, 22, 23, 24, 26 }
# vertices: 4 (0 ms) [ 1 -3/2 1/2 1/2 1/2 -1/2 -1/2 ]
# cobases: 7 (0 ms) { 7, 21, 22, 23, 24, 26 }
# vertices: 5 (0 ms) [ 1 -1/2 -1/2 -1/2 -1/2 1/2 1/2 ]
# cobases: 8 (0 ms) { 10, 21, 22, 23, 24, 26 }
# cobases: 9 (0 ms) { 14, 21, 22, 23, 24, 26 }
# cobases: 10 (0 ms) { 15, 21, 22, 23, 24, 26 }
# cobases: 11 (0 ms) { 2, 7, 22, 23, 24, 26 }
# vertices: 6 (0 ms) [ 1 -1/2 3/2 -1/2 -1/2 1/2 -3/2 ]
# cobases: 12 (0 ms) { 7, 10, 22, 23, 24, 26 }
# cobases: 13 (0 ms) { 7, 15, 22, 23, 24, 26 }
# cobases: 14 (0 ms) { 7, 14, 21, 23, 24, 26 }
# cobases: 15 (0 ms) { 7, 10, 21, 22, 24, 26 }
# cobases: 16 (0 ms) { 7, 17, 21, 22, 24, 26 }
# cobases: 17 (0 ms) { 7, 21, 22, 24, 25, 26 }
# cobases: 18 (0 ms) { 7, 8, 21, 22, 23, 24 }
# vertices: 7 (0 ms) [ 1 0 -1 -1 -1 0 0 ]
# cobases: 19 (10 ms) { 7, 14, 21, 22, 23, 24 }
# cobases: 20 (10 ms) { 7, 15, 21, 22, 23, 24 }
# cobases: 21 (10 ms) { 7, 16, 21, 22, 23, 24 }
# vertices: 8 (10 ms) [ 1 -1 0 0 0 1 1 ]
# cobases: 22 (10 ms) { 1, 16, 21, 22, 23, 24 }
# cobases: 23 (10 ms) { 1, 7, 21, 22, 23, 24 }
# cobases: 24 (10 ms) { 1, 7, 16, 22, 23, 24 }
# cobases: 25 (10 ms) { 2, 7, 16, 22, 23, 24 }
# vertices: 9 (10 ms) [ 1 0 1 -1 -1 0 -2 ]
# rays: 1 (10 ms) [ 0 -1 -1 1 1 -1 1 ]
# cobases: 26 (10 ms) { 7, 16, 22, 23, 24, 26 }
# cobases: 27 (10 ms) { 1, 2, 7, 22, 23, 24 }
# vertices: 10 (10 ms) [ 1 -1 2 0 0 1 -1 ]
# cobases: 28 (10 ms) { 2, 7, 11, 22, 23, 24 }
# cobases: 29 (10 ms) { 2, 7, 15, 22, 23, 24 }
# vertices: 11 (10 ms) [ 1 1/2 1/2 -3/2 -3/2 -1/2 -5/2 ]
# cobases: 30 (10 ms) { 2, 7, 16, 23, 24, 26 }
# vertices: 12 (10 ms) [ 1 1/2 1/2 -1/2 -1/2 1/2 -3/2 ]
# cobases: 31 (10 ms) { 2, 7, 16, 22, 24, 26 }
# vertices: 13 (10 ms) [ 1 0 1 -1 0 0 -1 ]
# rays: 1 (10 ms) [ 0 -1 -1 1 1 -1 1 ]
# cobases: 32 (10 ms) { 6, 7, 16, 22, 24, 26 }
# cobases: 33 (10 ms) { 7, 13, 16, 22, 24, 26 }
# cobases: 34 (10 ms) { 7, 16, 22, 24, 25, 26 }
# cobases: 35 (10 ms) { 2, 14, 16, 22, 24, 26 }
# cobases: 36 (10 ms) { 2, 3, 7, 22, 24, 26 }
# cobases: 37 (10 ms) { 2, 7, 17, 22, 24, 26 }
# cobases: 38 (10 ms) { 2, 7, 18, 22, 24, 26 }
# cobases: 39 (10 ms) { 2, 7, 21, 22, 24, 26 }
# vertices: 14 (10 ms) [ 1 1/2 1/2 -3/2 1/2 -1/2 -1/2 ]
# cobases: 40 (10 ms) { 2, 3, 7, 16, 24, 26 }
# cobases: 41 (10 ms) { 2, 3, 7, 16, 22, 26 }
# cobases: 42 (20 ms) { 2, 7, 16, 18, 22, 26 }
# cobases: 43 (20 ms) { 2, 3, 7, 16, 22, 24 }
# cobases: 44 (20 ms) { 2, 7, 16, 19, 22, 24 }
# rays: 1 (20 ms) [ 0 -1 -1 1 1 -1 1 ]
# cobases: 45 (20 ms) { 6, 7, 16, 19, 22, 24 }
# cobases: 46 (20 ms) { 7, 16, 19, 22, 24, 25 }
# cobases: 47 (20 ms) { 2, 6, 7, 19, 22, 24 }
# cobases: 48 (20 ms) { 2, 7, 17, 19, 22, 24 }
# cobases: 49 (20 ms) { 2, 7, 19, 21, 22, 24 }
# cobases: 50 (20 ms) { 7, 19, 21, 22, 24, 25 }
# cobases: 51 (20 ms) { 2, 12, 19, 21, 22, 24 }
# cobases: 52 (20 ms) { 2, 15, 19, 21, 22, 24 }
# cobases: 53 (20 ms) { 2, 19, 21, 22, 23, 24 }
# cobases: 54 (20 ms) { 2, 7, 14, 21, 22, 24 }
# cobases: 55 (20 ms) { 2, 7, 15, 21, 22, 24 }
# cobases: 56 (20 ms) { 2, 7, 14, 19, 21, 22 }
# cobases: 57 (20 ms) { 2, 7, 19, 21, 22, 23 }
# vertices: 15 (20 ms) [ 1 -1/2 3/2 3/2 -1/2 1/2 1/2 ]
# cobases: 58 (20 ms) { 2, 10, 19, 21, 22, 23 }
# rays: 1 (20 ms) [ 0 -1 -1 1 1 -1 1 ]
# cobases: 59 (20 ms) { 10, 19, 21, 22, 23, 26 }
# cobases: 60 (20 ms) { 2, 3, 10, 19, 22, 23 }
# vertices: 16 (20 ms) [ 1 -1 1 2 0 0 1 ]
# rays: 1 (20 ms) [ 0 -1 -1 1 1 -1 1 ]
# rays: 1 (30 ms) [ 0 -1 -1 1 1 -1 1 ]
# cobases: 61 (30 ms) { 15, 19, 21, 22, 23, 26 }
# cobases: 62 (30 ms) { 10, 12, 21, 22, 23, 26 }
# cobases: 63 (30 ms) { 7, 10, 19, 22, 23, 26 }
# cobases: 64 (30 ms) { 10, 14, 19, 21, 23, 26 }
# cobases: 65 (30 ms) { 10, 15, 19, 21, 22, 26 }
# rays: 1 (30 ms) [ 0 -1 -1 1 1 -1 1 ]
# cobases: 66 (40 ms) { 7, 10, 14, 19, 21, 26 }
# cobases: 67 (40 ms) { 7, 14, 19, 21, 25, 26 }
# cobases: 68 (50 ms) { 6, 14, 19, 21, 25, 26 }
# cobases: 69 (50 ms) { 8, 14, 19, 21, 25, 26 }
# cobases: 70 (50 ms) { 14, 15, 19, 21, 25, 26 }
# cobases: 71 (50 ms) { 5, 7, 14, 21, 25, 26 }
# cobases: 72 (50 ms) { 6, 7, 14, 21, 25, 26 }
# cobases: 73 (60 ms) { 7, 14, 21, 24, 25, 26 }
# cobases: 74 (60 ms) { 3, 7, 14, 19, 25, 26 }
# cobases: 75 (60 ms) { 6, 7, 14, 19, 25, 26 }
# cobases: 76 (60 ms) { 5, 7, 14, 19, 21, 26 }
# cobases: 77 (60 ms) { 6, 7, 14, 19, 21, 26 }
# cobases: 78 (60 ms) { 7, 14, 19, 20, 21, 26 }
# cobases: 79 (60 ms) { 6, 14, 19, 20, 21, 26 }
# cobases: 80 (60 ms) { 14, 19, 20, 21, 22, 26 }
# cobases: 81 (60 ms) { 7, 14, 20, 21, 24, 26 }
# cobases: 82 (70 ms) { 3, 7, 14, 19, 20, 26 }
# cobases: 83 (70 ms) { 6, 7, 14, 19, 20, 26 }
# cobases: 84 (70 ms) { 7, 12, 14, 19, 20, 26 }
# cobases: 85 (70 ms) { 6, 12, 14, 19, 20, 26 }
# cobases: 86 (70 ms) { 12, 14, 15, 19, 20, 26 }
# cobases: 87 (70 ms) { 12, 14, 19, 20, 24, 26 }
# cobases: 88 (70 ms) { 7, 14, 19, 20, 23, 26 }
# cobases: 89 (70 ms) { 6, 7, 12, 19, 20, 26 }
# cobases: 90 (70 ms) { 7, 12, 19, 20, 22, 26 }
# cobases: 91 (80 ms) { 7, 12, 19, 20, 24, 26 }
# cobases: 92 (80 ms) { 6, 7, 12, 14, 19, 26 }
# cobases: 93 (80 ms) { 7, 12, 14, 19, 20, 25 }
# cobases: 94 (80 ms) { 12, 14, 19, 20, 24, 25 }
# cobases: 95 (80 ms) { 7, 14, 19, 20, 23, 25 }
# cobases: 96 (80 ms) { 6, 7, 12, 19, 20, 25 }
# cobases: 97 (80 ms) { 7, 12, 15, 19, 20, 25 }
# cobases: 98 (90 ms) { 7, 8, 12, 14, 20, 25 }
# cobases: 99 (90 ms) { 7, 12, 14, 15, 20, 25 }
# cobases: 100 (90 ms) { 7, 12, 14, 16, 20, 25 }
# vertices: 17 (90 ms) [ 1 -1/4 1/4 -3/4 1/4 3/4 -1/4 ]
# cobases: 101 (90 ms) { 7, 14, 16, 20, 25, 26 }
# cobases: 102 (100 ms) { 14, 16, 17, 20, 25, 26 }
# cobases: 103 (100 ms) { 14, 16, 18, 20, 25, 26 }
# cobases: 104 (100 ms) { 7, 16, 20, 24, 25, 26 }
# cobases: 105 (100 ms) { 3, 7, 14, 20, 25, 26 }
# cobases: 106 (100 ms) { 7, 14, 18, 20, 25, 26 }
# cobases: 107 (100 ms) { 7, 14, 20, 23, 25, 26 }
# cobases: 108 (100 ms) { 3, 7, 14, 16, 25, 26 }
# cobases: 109 (100 ms) { 7, 14, 16, 18, 20, 26 }
# cobases: 110 (100 ms) { 7, 14, 16, 19, 20, 26 }
# cobases: 111 (100 ms) { 7, 14, 16, 20, 24, 26 }
# cobases: 112 (110 ms) { 3, 7, 14, 16, 20, 25 }
# cobases: 113 (110 ms) { 5, 7, 14, 16, 20, 25 }
# cobases: 114 (110 ms) { 7, 14, 16, 18, 20, 25 }
# cobases: 115 (110 ms) { 3, 14, 16, 18, 20, 25 }
# cobases: 116 (120 ms) { 3, 7, 14, 16, 18, 20 }
# cobases: 117 (130 ms) { 2, 7, 14, 16, 18, 20 }
# vertices: 18 (130 ms) [ 1 1/4 3/4 -1/4 -1/4 1/4 -3/4 ]
# cobases: 118 (130 ms) { 3, 14, 16, 17, 18, 20 }
# cobases: 119 (130 ms) { 3, 7, 8, 14, 18, 20 }
# cobases: 120 (140 ms) { 2, 3, 7, 14, 16, 18 }
# cobases: 121 (140 ms) { 3, 7, 14, 16, 17, 18 }
# cobases: 122 (140 ms) { 3, 14, 16, 17, 18, 23 }
# cobases: 123 (140 ms) { 3, 7, 16, 17, 18, 25 }
# cobases: 124 (150 ms) { 3, 7, 13, 14, 16, 18 }
# cobases: 125 (150 ms) { 2, 7, 13, 14, 16, 18 }
# cobases: 126 (150 ms) { 2, 3, 7, 13, 16, 18 }
# cobases: 127 (150 ms) { 3, 7, 13, 14, 18, 19 }
# cobases: 128 (160 ms) { 2, 7, 9, 13, 16, 18 }
# rays: 1 (170 ms) [ 0 -1 -1 1 1 -1 1 ]
# cobases: 129 (170 ms) { 7, 9, 13, 16, 18, 26 }
# cobases: 130 (170 ms) { 2, 7, 13, 16, 18, 20 }
# rays: 1 (170 ms) [ 0 -1 -1 1 1 -1 1 ]
# rays: 1 (180 ms) [ 0 -1 -1 1 1 -1 1 ]
# cobases: 131 (190 ms) { 7, 16, 17, 18, 23, 25 }
# cobases: 132 (190 ms) { 3, 16, 17, 18, 20, 25 }
# cobases: 133 (190 ms) { 3, 16, 17, 18, 23, 25 }
# cobases: 134 (200 ms) { 3, 16, 17, 18, 21, 23 }
# vertices: 19 (200 ms) [ 1 -1/4 1/4 1/4 -1/4 1/4 -1/4 ]
# cobases: 135 (210 ms) { 3, 17, 18, 20, 22, 25 }
# cobases: 136 (250 ms) { 3, 5, 7, 8, 14, 20 }
# cobases: 137 (250 ms) { 3, 7, 8, 14, 17, 20 }
# cobases: 138 (270 ms) { 5, 7, 8, 14, 20, 21 }
# cobases: 139 (280 ms) { 3, 5, 7, 8, 14, 21 }
# vertices: 20 (280 ms) [ 1 1/4 1/4 -1/4 -1/4 1/4 -1/4 ]
# cobases: 140 (420 ms) { 16, 17, 20, 21, 25, 26 }
# rays: 1 (460 ms) [ 0 -1 -1 1 1 -1 1 ]
# rays: 1 (480 ms) [ 0 -1 -1 1 1 -1 1 ]
# rays: 1 (500 ms) [ 0 -1 -1 1 1 -1 1 ]
# cobases: 141 (500 ms) { 8, 12, 19, 20, 24, 25 }
# cobases: 142 (510 ms) { 8, 12, 14, 19, 24, 25 }
# rays: 1 (530 ms) [ 0 -1 -1 1 1 -1 1 ]
# rays: 1 (560 ms) [ 0 -1 -1 1 1 -1 1 ]
# cobases: 143 (570 ms) { 2, 7, 12, 19, 24, 26 }
# rays: 1 (570 ms) [ 0 -1 -1 1 1 -1 1 ]
# cobases: 144 (570 ms) { 2, 7, 15, 19, 24, 26 }
# rays: 1 (580 ms) [ 0 -1 -1 1 1 -1 1 ]
# rays: 1 (580 ms) [ 0 -1 -1 1 1 -1 1 ]
# rays: 1 (590 ms) [ 0 -1 -1 1 1 -1 1 ]
# cobases: 145 (600 ms) { 2, 7, 14, 19, 23, 26 }
# cobases: 146 (610 ms) { 2, 7, 14, 23, 24, 26 }
# rays: 1 (620 ms) [ 0 -1 -1 1 1 -1 1 ]
# rays: 1 (620 ms) [ 0 -1 -1 1 1 -1 1 ]
# rays: 1 (640 ms) [ 0 -1 -1 1 1 -1 1 ]
# rays: 1 (790 ms) [ 0 -1 -1 1 1 -1 1 ]
# rays: 1 (800 ms) [ 0 -1 -1 1 1 -1 1 ]
# cobases: 147 (810 ms) { 8, 10, 12, 21, 22, 23 }
# cobases: 148 (810 ms) { 10, 12, 16, 21, 22, 23 }
# rays: 1 (810 ms) [ 0 -1 -1 1 1 -1 1 ]
# cobases: 149 (810 ms) { 10, 11, 12, 21, 22, 23 }
# cobases: 150 (810 ms) { 10, 12, 13, 21, 22, 23 }
# cobases: 151 (810 ms) { 7, 8, 12, 21, 22, 23 }
# cobases: 152 (810 ms) { 8, 12, 13, 21, 22, 23 }
# cobases: 153 (810 ms) { 8, 12, 21, 22, 23, 24 }
# cobases: 154 (820 ms) { 11, 12, 21, 22, 23, 24 }
# cobases: 155 (820 ms) { 12, 13, 21, 22, 23, 24 }
# rays: 1 (820 ms) [ 0 -1 -1 1 1 -1 1 ]
# rays: 1 (820 ms) [ 0 -1 -1 1 1 -1 1 ]
# rays: 1 (830 ms) [ 0 -1 -1 1 1 -1 1 ]
# rays: 1 (840 ms) [ 0 -1 -1 1 1 -1 1 ]
# rays: 1 (840 ms) [ 0 -1 -1 1 1 -1 1 ]
# rays: 1 (860 ms) [ 0 -1 -1 1 1 -1 1 ]
# rays: 1 (860 ms) [ 0 -1 -1 1 1 -1 1 ]
# rays: 1 (860 ms) [ 0 -1 -1 1 1 -1 1 ]
# rays: 1 (880 ms) [ 0 -1 -1 1 1 -1 1 ]
# rays: 1 (880 ms) [ 0 -1 -1 1 1 -1 1 ]
# rays: 1 (900 ms) [ 0 -1 -1 1 1 -1 1 ]
# rays: 1 (910 ms) [ 0 -1 -1 1 1 -1 1 ]
# rays: 1 (930 ms) [ 0 -1 -1 1 1 -1 1 ]
# rays: 1 (940 ms) [ 0 -1 -1 1 1 -1 1 ]
# rays: 1 (940 ms) [ 0 -1 -1 1 1 -1 1 ]
# rays: 1 (960 ms) [ 0 -1 -1 1 1 -1 1 ]
# rays: 1 (960 ms) [ 0 -1 -1 1 1 -1 1 ]
# rays: 1 (970 ms) [ 0 -1 -1 1 1 -1 1 ]
# rays: 1 (970 ms) [ 0 -1 -1 1 1 -1 1 ]
# rays: 1 (970 ms) [ 0 -1 -1 1 1 -1 1 ]
# rays: 1 (980 ms) [ 0 -1 -1 1 1 -1 1 ]
# cobases: 156 (980 ms) { 2, 7, 8, 22, 23, 24 }
# rays: 1 (990 ms) [ 0 -1 -1 1 1 -1 1 ]
# rays: 1 (1000 ms) [ 0 -1 -1 1 1 -1 1 ]
# rays: 1 (1040 ms) [ 0 -1 -1 1 1 -1 1 ]
# rays: 1 (1040 ms) [ 0 -1 -1 1 1 -1 1 ]
# rays: 1 (1050 ms) [ 0 -1 -1 1 1 -1 1 ]
# rays: 1 (1050 ms) [ 0 -1 -1 1 1 -1 1 ]
# rays: 1 (1050 ms) [ 0 -1 -1 1 1 -1 1 ]
# rays: 1 (1060 ms) [ 0 -1 -1 1 1 -1 1 ]
# rays: 1 (1070 ms) [ 0 -1 -1 1 1 -1 1 ]

results: 
{
	dimension: 6
	initial cobasis: { 21, 22, 23, 24, 25, 26 }
	symmetry generators: 8
	{
		(2,6)(3,7)(9,12)(11,15)(16,19)(18,22)(23,25),
		(9,16)(10,17)(11,18)(12,19)(13,20)(14,21)(15,22),
		(2,9)(4,10)(6,12)(8,14)(18,23)(20,24)(22,25),
		(2,6,4)(3,5,7)(9,12,10)(11,13,15)(16,19,17)(18,20,22)(23,24,25),
		(1,26)(2,13)(3,14)(4,24)(5,8)(6,20)(7,21)(9,11)(10,23)(12,18)(15,16)(17,25)(19,22),
		(1,4)(5,8)(9,11)(12,15)(16,18)(19,22)(24,26),
		(3,5)(4,6)(10,12)(11,13)(17,19)(18,20)(23,24),
		(1,16)(4,18)(6,20)(7,21)(10,23)(12,24)(15,26)
	}
	basis orbits: 156
	{
		{ 1, 2, 7, 22, 23, 24 },
		{ 1, 7, 16, 22, 23, 24 },
		{ 1, 7, 21, 22, 23, 24 },
		{ 1, 16, 21, 22, 23, 24 },
		{ 2, 3, 7, 13, 16, 18 },
		{ 2, 3, 7, 14, 16, 18 },
		{ 2, 3, 7, 16, 22, 24 },
		{ 2, 3, 7, 16, 22, 26 },
		{ 2, 3, 7, 16, 24, 26 },
		{ 2, 3, 7, 22, 24, 26 },
		{ 2, 3, 10, 19, 22, 23 },
		{ 2, 6, 7, 19, 22, 24 },
		{ 2, 7, 8, 22, 23, 24 },
		{ 2, 7, 9, 13, 16, 18 },
		{ 2, 7, 11, 22, 23, 24 },
		{ 2, 7, 12, 19, 24, 26 },
		{ 2, 7, 13, 14, 16, 18 },
		{ 2, 7, 13, 16, 18, 20 },
		{ 2, 7, 14, 16, 18, 20 },
		{ 2, 7, 14, 19, 21, 22 },
		{ 2, 7, 14, 19, 23, 26 },
		{ 2, 7, 14, 21, 22, 24 },
		{ 2, 7, 14, 23, 24, 26 },
		{ 2, 7, 15, 19, 24, 26 },
		{ 2, 7, 15, 21, 22, 24 },
		{ 2, 7, 15, 22, 23, 24 },
		{ 2, 7, 16, 18, 22, 26 },
		{ 2, 7, 16, 19, 22, 24 },
		{ 2, 7, 16, 22, 23, 24 },
		{ 2, 7, 16, 22, 24, 26 },
		{ 2, 7, 16, 23, 24, 26 },
		{ 2, 7, 17, 19, 22, 24 },
		{ 2, 7, 17, 22, 24, 26 },
		{ 2, 7, 18, 22, 24, 26 },
		{ 2, 7, 19, 21, 22, 23 },
		{ 2, 7, 19, 21, 22, 24 },
		{ 2, 7, 21, 22, 24, 26 },
		{ 2, 7, 22, 23, 24, 26 },
		{ 2, 10, 19, 21, 22, 23 },
		{ 2, 12, 19, 21, 22, 24 },
		{ 2, 14, 16, 22, 24, 26 },
		{ 2, 15, 19, 21, 22, 24 },
		{ 2, 19, 21, 22, 23, 24 },
		{ 2, 21, 22, 23, 24, 26 },
		{ 3, 5, 7, 8, 14, 20 },
		{ 3, 5, 7, 8, 14, 21 },
		{ 3, 7, 8, 14, 17, 20 },
		{ 3, 7, 8, 14, 18, 20 },
		{ 3, 7, 13, 14, 16, 18 },
		{ 3, 7, 13, 14, 18, 19 },
		{ 3, 7, 14, 16, 17, 18 },
		{ 3, 7, 14, 16, 18, 20 },
		{ 3, 7, 14, 16, 20, 25 },
		{ 3, 7, 14, 16, 25, 26 },
		{ 3, 7, 14, 19, 20, 26 },
		{ 3, 7, 14, 19, 25, 26 },
		{ 3, 7, 14, 20, 25, 26 },
		{ 3, 7, 16, 17, 18, 25 },
		{ 3, 14, 16, 17, 18, 20 },
		{ 3, 14, 16, 17, 18, 23 },
		{ 3, 14, 16, 18, 20, 25 },
		{ 3, 16, 17, 18, 20, 25 },
		{ 3, 16, 17, 18, 21, 23 },
		{ 3, 16, 17, 18, 23, 25 },
		{ 3, 17, 18, 20, 22, 25 },
		{ 3, 22, 23, 24, 25, 26 },
		{ 5, 7, 8, 14, 20, 21 },
		{ 5, 7, 14, 16, 20, 25 },
		{ 5, 7, 14, 19, 21, 26 },
		{ 5, 7, 14, 21, 25, 26 },
		{ 6, 7, 12, 14, 19, 26 },
		{ 6, 7, 12, 19, 20, 25 },
		{ 6, 7, 12, 19, 20, 26 },
		{ 6, 7, 14, 19, 20, 26 },
		{ 6, 7, 14, 19, 21, 26 },
		{ 6, 7, 14, 19, 25, 26 },
		{ 6, 7, 14, 21, 25, 26 },
		{ 6, 7, 16, 19, 22, 24 },
		{ 6, 7, 16, 22, 24, 26 },
		{ 6, 12, 14, 19, 20, 26 },
		{ 6, 14, 19, 20, 21, 26 },
		{ 6, 14, 19, 21, 25, 26 },
		{ 7, 8, 12, 14, 20, 25 },
		{ 7, 8, 12, 21, 22, 23 },
		{ 7, 8, 21, 22, 23, 24 },
		{ 7, 9, 13, 16, 18, 26 },
		{ 7, 10, 14, 19, 21, 26 },
		{ 7, 10, 19, 22, 23, 26 },
		{ 7, 10, 21, 22, 24, 26 },
		{ 7, 10, 22, 23, 24, 26 },
		{ 7, 12, 14, 15, 20, 25 },
		{ 7, 12, 14, 16, 20, 25 },
		{ 7, 12, 14, 19, 20, 25 },
		{ 7, 12, 14, 19, 20, 26 },
		{ 7, 12, 15, 19, 20, 25 },
		{ 7, 12, 19, 20, 22, 26 },
		{ 7, 12, 19, 20, 24, 26 },
		{ 7, 13, 16, 22, 24, 26 },
		{ 7, 14, 16, 18, 20, 25 },
		{ 7, 14, 16, 18, 20, 26 },
		{ 7, 14, 16, 19, 20, 26 },
		{ 7, 14, 16, 20, 24, 26 },
		{ 7, 14, 16, 20, 25, 26 },
		{ 7, 14, 18, 20, 25, 26 },
		{ 7, 14, 19, 20, 21, 26 },
		{ 7, 14, 19, 20, 23, 25 },
		{ 7, 14, 19, 20, 23, 26 },
		{ 7, 14, 19, 21, 25, 26 },
		{ 7, 14, 20, 21, 24, 26 },
		{ 7, 14, 20, 23, 25, 26 },
		{ 7, 14, 21, 22, 23, 24 },
		{ 7, 14, 21, 23, 24, 26 },
		{ 7, 14, 21, 24, 25, 26 },
		{ 7, 15, 21, 22, 23, 24 },
		{ 7, 15, 22, 23, 24, 26 },
		{ 7, 16, 17, 18, 23, 25 },
		{ 7, 16, 19, 22, 24, 25 },
		{ 7, 16, 20, 24, 25, 26 },
		{ 7, 16, 21, 22, 23, 24 },
		{ 7, 16, 22, 23, 24, 26 },
		{ 7, 16, 22, 24, 25, 26 },
		{ 7, 17, 21, 22, 24, 26 },
		{ 7, 19, 21, 22, 24, 25 },
		{ 7, 21, 22, 23, 24, 26 },
		{ 7, 21, 22, 24, 25, 26 },
		{ 8, 10, 12, 21, 22, 23 },
		{ 8, 12, 13, 21, 22, 23 },
		{ 8, 12, 14, 19, 24, 25 },
		{ 8, 12, 19, 20, 24, 25 },
		{ 8, 12, 21, 22, 23, 24 },
		{ 8, 14, 19, 21, 25, 26 },
		{ 10, 11, 12, 21, 22, 23 },
		{ 10, 12, 13, 21, 22, 23 },
		{ 10, 12, 16, 21, 22, 23 },
		{ 10, 12, 21, 22, 23, 26 },
		{ 10, 14, 19, 21, 23, 26 },
		{ 10, 15, 19, 21, 22, 26 },
		{ 10, 19, 21, 22, 23, 26 },
		{ 10, 21, 22, 23, 24, 26 },
		{ 11, 12, 21, 22, 23, 24 },
		{ 12, 13, 21, 22, 23, 24 },
		{ 12, 14, 15, 19, 20, 26 },
		{ 12, 14, 19, 20, 24, 25 },
		{ 12, 14, 19, 20, 24, 26 },
		{ 14, 15, 19, 21, 25, 26 },
		{ 14, 16, 17, 20, 25, 26 },
		{ 14, 16, 18, 20, 25, 26 },
		{ 14, 19, 20, 21, 22, 26 },
		{ 14, 21, 22, 23, 24, 26 },
		{ 15, 19, 21, 22, 23, 26 },
		{ 15, 21, 22, 23, 24, 26 },
		{ 15, 21, 22, 24, 25, 26 },
		{ 16, 17, 20, 21, 25, 26 },
		{ 16, 21, 22, 24, 25, 26 },
		{ 17, 21, 22, 24, 25, 26 },
		{ 21, 22, 23, 24, 25, 26 }
	}
	vertex orbits: 20
	{
		[ 1 -3/2 1/2 1/2 1/2 -1/2 -1/2 ],
		[ 1 -1 0 0 0 0 0 ],
		[ 1 -1 0 0 0 1 1 ],
		[ 1 -1 1 2 0 0 1 ],
		[ 1 -1 2 0 0 1 -1 ],
		[ 1 -1/2 -1/2 -1/2 -1/2 1/2 1/2 ],
		[ 1 -1/2 1/2 -1/2 -1/2 1/2 -1/2 ],
		[ 1 -1/2 3/2 -1/2 -1/2 1/2 -3/2 ],
		[ 1 -1/2 3/2 3/2 -1/2 1/2 1/2 ],
		[ 1 -1/4 1/4 -3/4 1/4 3/4 -1/4 ],
		[ 1 -1/4 1/4 1/4 -1/4 1/4 -1/4 ],
		[ 1 0 -1 -1 -1 0 0 ],
		[ 1 0 0 -1 0 0 0 ],
		[ 1 0 1 -1 -1 0 -2 ],
		[ 1 0 1 -1 0 0 -1 ],
		[ 1 1/4 1/4 -1/4 -1/4 1/4 -1/4 ],
		[ 1 1/4 3/4 -1/4 -1/4 1/4 -3/4 ],
		[ 1 1/2 1/2 -3/2 -3/2 -1/2 -5/2 ],
		[ 1 1/2 1/2 -3/2 1/2 -1/2 -1/2 ],
		[ 1 1/2 1/2 -1/2 -1/2 1/2 -3/2 ]
	}
	ray orbits: 1
	{
		[ 0 -1 -1 1 1 -1 1 ]
	}
}
total running time: 1090 ms
