Matrix:	(5,3)
[ [ 1 -1 0 ]
  [ 1 0 -1 ]
  [ 1 0 1 ]
  [ 1 1 0 ]
  [ 0 -2 -1 ] ]
Group:	1
{
	(1,4)(2,3)
}
Gram Matrix:	| 1 1 1 0 2 | 1 1 0 1 1 | 1 0 1 1 -3 | 0 1 1 1 -4 | 2 1 -3 -4 1 |
# cobases: 1 (0 ms) { 2, 5 }
# vertices: 1 (0 ms) [ 1 -1/2 1 ]
# cobases: 2 (0 ms) { 3, 5 }
# vertices: 2 (0 ms) [ 1 1/2 -1 ]
# cobases: 3 (0 ms) { 4, 5 }
# vertices: 3 (0 ms) [ 1 -1 2 ]
# cobases: 4 (0 ms) { 1, 2 }
# vertices: 4 (0 ms) [ 1 1 1 ]
# cobases: 5 (0 ms) { 2, 4 }
# vertices: 5 (0 ms) [ 1 -1 1 ]
# cobases: 6 (0 ms) { 1, 5 }
# vertices: 6 (0 ms) [ 1 1 -2 ]

results: 
{
	dimension: 2
	initial cobasis: { 2, 5 }
	symmetry generators: 1
	{
		(1,4)(2,3)
	}
	basis orbits: 6
	{
		{ 1, 2 },
		{ 1, 5 },
		{ 2, 4 },
		{ 2, 5 },
		{ 3, 5 },
		{ 4, 5 }
	}
	vertex orbits: 6
	{
		[ 1 -1 1 ],
		[ 1 -1 2 ],
		[ 1 -1/2 1 ],
		[ 1 1/2 -1 ],
		[ 1 1 -2 ],
		[ 1 1 1 ]
	}
	ray orbits: 0
	{}
}
number threads: 2
total running time: 0 ms
