Matrix:	(12,4)
[ [ 1 1 -1 0 ]
  [ 1 1 0 -1 ]
  [ 1 1 0 1 ]
  [ 1 1 1 0 ]
  [ 1 0 1 -1 ]
  [ 1 0 1 1 ]
  [ 1 -1 1 0 ]
  [ 1 -1 0 1 ]
  [ 1 -1 0 -1 ]
  [ 1 -1 -1 0 ]
  [ 1 0 -1 1 ]
  [ 1 0 -1 -1 ] ]
Group:	6
{
	(1,2)(3,4)(5,11)(7,8)(9,10),
	(1,9)(2,10)(3,7)(4,8)(5,11),
	(1,8)(2,7)(3,10)(4,9)(6,12),
	(1,11)(2,8)(4,6)(5,7)(10,12),
	(2,11)(3,12)(4,10)(5,8)(6,9),
	(2,12)(3,11)(4,10)(5,9)(6,8)
}
Gram Matrix:	| 1 2 2 1 0 0 -3 0 0 1 2 2 | 2 1 1 2 2 0 0 -3 1 0 0 2 | 2 1 1 2 0 2 0 1 -3 0 2 0 | 1 2 2 1 2 2 1 0 0 -3 0 0 | 0 2 0 2 1 1 2 0 2 0 -3 1 | 0 0 2 2 1 1 2 2 0 0 1 -3 | -3 0 0 1 2 2 1 2 2 1 0 0 | 0 -3 1 0 0 2 2 1 1 2 2 0 | 0 1 -3 0 2 0 2 1 1 2 0 2 | 1 0 0 -3 0 0 1 2 2 1 2 2 | 2 0 2 0 -3 1 0 2 0 2 1 1 | 2 2 0 0 1 -3 0 0 2 2 1 1 |
# cobases: 1 (0 ms) { 10, 11, 12 }
# vertices: 1 (0 ms) [ 1 0 1 0 ]
# cobases: 2 (0 ms) { 4, 11, 12 }
# vertices: 2 (0 ms) [ 1 -2 1 0 ]
# cobases: 3 (0 ms) { 8, 11, 12 }
# vertices: 3 (0 ms) [ 1 1 1 0 ]
# cobases: 4 (0 ms) { 3, 10, 12 }
# vertices: 4 (0 ms) [ 1 -1/2 3/2 -1/2 ]
# cobases: 5 (0 ms) { 9, 10, 12 }
# vertices: 5 (0 ms) [ 1 1/2 1/2 1/2 ]

results: 
{
	dimension: 3
	initial cobasis: { 10, 11, 12 }
	symmetry generators: 6
	{
		(1,2)(3,4)(5,11)(7,8)(9,10),
		(1,9)(2,10)(3,7)(4,8)(5,11),
		(1,8)(2,7)(3,10)(4,9)(6,12),
		(1,11)(2,8)(4,6)(5,7)(10,12),
		(2,11)(3,12)(4,10)(5,8)(6,9),
		(2,12)(3,11)(4,10)(5,9)(6,8)
	}
	basis orbits: 5
	{
		{ 3, 10, 12 },
		{ 4, 11, 12 },
		{ 8, 11, 12 },
		{ 9, 10, 12 },
		{ 10, 11, 12 }
	}
	vertex orbits: 5
	{
		[ 1 -2 1 0 ],
		[ 1 -1/2 3/2 -1/2 ],
		[ 1 0 1 0 ],
		[ 1 1/2 1/2 1/2 ],
		[ 1 1 1 0 ]
	}
	ray orbits: 0
	{}
}
total running time: 0 ms
