Matrix:	(12,4)
[ [ 1 1 -1 0 ]
  [ 1 1 0 -1 ]
  [ 1 1 0 1 ]
  [ 1 1 1 0 ]
  [ 1 0 1 -1 ]
  [ 1 0 1 1 ]
  [ 1 -1 1 0 ]
  [ 1 -1 0 1 ]
  [ 1 -1 0 -1 ]
  [ 1 -1 -1 0 ]
  [ 1 0 -1 1 ]
  [ 1 0 -1 -1 ] ]
Group:	6
{
	(1,2)(3,4)(5,11)(7,8)(9,10),
	(1,9)(2,10)(3,7)(4,8)(5,11),
	(1,8)(2,7)(3,10)(4,9)(6,12),
	(1,11)(2,8)(4,6)(5,7)(10,12),
	(2,11)(3,12)(4,10)(5,8)(6,9),
	(2,12)(3,11)(4,10)(5,9)(6,8)
}
Gram Matrix:	| 1 2 2 1 0 0 -3 0 0 1 2 2 | 2 1 1 2 2 0 0 -3 1 0 0 2 | 2 1 1 2 0 2 0 1 -3 0 2 0 | 1 2 2 1 2 2 1 0 0 -3 0 0 | 0 2 0 2 1 1 2 0 2 0 -3 1 | 0 0 2 2 1 1 2 2 0 0 1 -3 | -3 0 0 1 2 2 1 2 2 1 0 0 | 0 -3 1 0 0 2 2 1 1 2 2 0 | 0 1 -3 0 2 0 2 1 1 2 0 2 | 1 0 0 -3 0 0 1 2 2 1 2 2 | 2 0 2 0 -3 1 0 2 0 2 1 1 | 2 2 0 0 1 -3 0 0 2 2 1 1 |
# cobases: 1 (0 ms) { 10, 11, 12 }
# vertices: 1 (0 ms) [ 1 0 1 0 ]
# cobases: 2 (0 ms) { 1, 11, 12 }
# cobases: 3 (0 ms) { 4, 11, 12 }
# vertices: 2 (0 ms) [ 1 -2 1 0 ]
# cobases: 4 (0 ms) { 7, 11, 12 }
# vertices: 3 (0 ms) [ 1 2 1 0 ]
# cobases: 5 (0 ms) { 8, 11, 12 }
# vertices: 4 (0 ms) [ 1 1 1 0 ]
# cobases: 6 (0 ms) { 9, 11, 12 }
# cobases: 7 (0 ms) { 1, 10, 12 }
# cobases: 8 (0 ms) { 3, 10, 12 }
# vertices: 5 (0 ms) [ 1 -1/2 3/2 -1/2 ]
# cobases: 9 (0 ms) { 9, 10, 12 }
# vertices: 6 (0 ms) [ 1 1/2 1/2 1/2 ]
# cobases: 10 (0 ms) { 1, 10, 11 }
# cobases: 11 (0 ms) { 2, 10, 11 }
# vertices: 7 (0 ms) [ 1 -1/2 3/2 1/2 ]
# cobases: 12 (0 ms) { 8, 10, 11 }
# vertices: 8 (0 ms) [ 1 1/2 1/2 -1/2 ]
# cobases: 13 (0 ms) { 6, 10, 11 }
# vertices: 9 (0 ms) [ 1 1 0 -1 ]
# cobases: 14 (0 ms) { 7, 10, 11 }
# cobases: 15 (0 ms) { 6, 8, 11 }
# vertices: 10 (0 ms) [ 1 0 0 -1 ]
# cobases: 16 (0 ms) { 8, 9, 11 }
# cobases: 17 (0 ms) { 1, 8, 10 }
# vertices: 11 (0 ms) [ 1 0 1 -1 ]
# cobases: 18 (0 ms) { 3, 8, 10 }
# cobases: 19 (0 ms) { 8, 9, 10 }
# vertices: 12 (0 ms) [ 1 1 0 0 ]
# cobases: 20 (0 ms) { 6, 9, 10 }
# vertices: 13 (0 ms) [ 1 3/2 -1/2 -1/2 ]
# cobases: 21 (0 ms) { 7, 9, 10 }
# cobases: 22 (0 ms) { 5, 8, 10 }
# vertices: 14 (0 ms) [ 1 3/2 -1/2 1/2 ]
# cobases: 23 (0 ms) { 7, 8, 10 }
# cobases: 24 (0 ms) { 1, 8, 9 }
# vertices: 15 (0 ms) [ 1 1 2 0 ]
# cobases: 25 (0 ms) { 6, 8, 9 }
# vertices: 16 (0 ms) [ 1 1 -1 0 ]
# cobases: 26 (0 ms) { 7, 8, 9 }
# cobases: 27 (0 ms) { 8, 9, 12 }
# cobases: 28 (0 ms) { 3, 8, 12 }
# vertices: 17 (0 ms) [ 1 0 2 -1 ]
# cobases: 29 (0 ms) { 5, 8, 12 }
# vertices: 18 (0 ms) [ 1 2 0 1 ]
# cobases: 30 (0 ms) { 7, 8, 12 }
# vertices: 19 (0 ms) [ 1 3/2 1/2 1/2 ]
# cobases: 31 (0 ms) { 7, 10, 12 }
# vertices: 20 (0 ms) [ 1 1 0 1 ]
# cobases: 32 (0 ms) { 5, 10, 12 }
# cobases: 33 (0 ms) { 4, 7, 12 }
# vertices: 21 (0 ms) [ 1 0 -1 2 ]
# cobases: 34 (0 ms) { 5, 7, 12 }
# cobases: 35 (0 ms) { 2, 7, 10 }
# vertices: 22 (0 ms) [ 1 1 0 2 ]
# cobases: 36 (0 ms) { 5, 7, 10 }
# cobases: 37 (0 ms) { 2, 5, 10 }
# vertices: 23 (0 ms) [ 1 1/2 1/2 3/2 ]
# cobases: 38 (0 ms) { 5, 6, 10 }
# vertices: 24 (0 ms) [ 1 2 -1 0 ]
# cobases: 39 (0 ms) { 5, 7, 9 }
# vertices: 25 (0 ms) [ 1 1/2 -1/2 1/2 ]
# cobases: 40 (0 ms) { 2, 7, 9 }
# vertices: 26 (0 ms) [ 1 0 -1 1 ]
# cobases: 41 (0 ms) { 4, 7, 9 }
# cobases: 42 (0 ms) { 7, 9, 11 }
# vertices: 27 (0 ms) [ 1 3/2 1/2 -1/2 ]
# cobases: 43 (0 ms) { 5, 6, 9 }
# cobases: 44 (0 ms) { 5, 8, 9 }
# cobases: 45 (0 ms) { 5, 9, 12 }
# vertices: 28 (0 ms) [ 1 0 0 1 ]
# cobases: 46 (0 ms) { 5, 6, 7 }
# vertices: 29 (0 ms) [ 1 0 -1 0 ]
# cobases: 47 (0 ms) { 2, 6, 7 }
# vertices: 30 (0 ms) [ 1 -1/2 -3/2 1/2 ]
# cobases: 48 (0 ms) { 4, 6, 7 }
# cobases: 49 (0 ms) { 6, 7, 11 }
# cobases: 50 (0 ms) { 3, 5, 7 }
# vertices: 31 (0 ms) [ 1 -1/2 -3/2 -1/2 ]
# cobases: 51 (0 ms) { 4, 5, 7 }
# cobases: 52 (0 ms) { 3, 5, 6 }
# vertices: 32 (0 ms) [ 1 -1 -1 0 ]
# cobases: 53 (0 ms) { 4, 5, 6 }
# cobases: 54 (0 ms) { 5, 6, 8 }
# cobases: 55 (0 ms) { 3, 5, 8 }
# vertices: 33 (0 ms) [ 1 0 -2 -1 ]
# cobases: 56 (0 ms) { 4, 5, 8 }
# vertices: 34 (0 ms) [ 1 1/2 -3/2 -1/2 ]
# cobases: 57 (0 ms) { 4, 8, 9 }
# vertices: 35 (0 ms) [ 1 1 -2 0 ]
# cobases: 58 (0 ms) { 4, 8, 11 }
# vertices: 36 (0 ms) [ 1 -1/2 -1/2 -3/2 ]
# cobases: 59 (0 ms) { 4, 5, 12 }
# vertices: 37 (0 ms) [ 1 -1 0 1 ]
# cobases: 60 (0 ms) { 1, 5, 12 }
# cobases: 61 (0 ms) { 3, 5, 12 }
# vertices: 38 (0 ms) [ 1 -2 0 1 ]
# cobases: 62 (0 ms) { 1, 4, 12 }
# cobases: 63 (0 ms) { 4, 9, 12 }
# vertices: 39 (0 ms) [ 1 -1/2 -1/2 3/2 ]
# cobases: 64 (0 ms) { 1, 4, 5 }
# cobases: 65 (0 ms) { 1, 3, 5 }
# vertices: 40 (0 ms) [ 1 -3/2 -1/2 1/2 ]
# cobases: 66 (0 ms) { 1, 5, 10 }
# vertices: 41 (0 ms) [ 1 0 1 2 ]
# cobases: 67 (0 ms) { 1, 4, 9 }
# vertices: 42 (0 ms) [ 1 -1 0 2 ]
# cobases: 68 (0 ms) { 1, 4, 11 }
# vertices: 43 (0 ms) [ 1 -1 0 -1 ]
# cobases: 69 (0 ms) { 2, 4, 11 }
# vertices: 44 (0 ms) [ 1 -3/2 1/2 -1/2 ]
# cobases: 70 (0 ms) { 4, 6, 11 }
# cobases: 71 (0 ms) { 1, 6, 11 }
# cobases: 72 (0 ms) { 1, 4, 6 }
# cobases: 73 (0 ms) { 1, 4, 8 }
# vertices: 45 (0 ms) [ 1 -1 0 -2 ]
# cobases: 74 (0 ms) { 1, 8, 12 }
# vertices: 46 (0 ms) [ 1 1/2 3/2 -1/2 ]
# cobases: 75 (0 ms) { 4, 6, 9 }
# vertices: 47 (0 ms) [ 1 1/2 -3/2 1/2 ]
# cobases: 76 (0 ms) { 1, 2, 6 }
# vertices: 48 (0 ms) [ 1 -3/2 -1/2 -1/2 ]
# cobases: 77 (0 ms) { 1, 6, 10 }
# vertices: 49 (0 ms) [ 1 0 1 -2 ]
# cobases: 78 (0 ms) { 2, 6, 9 }
# vertices: 50 (0 ms) [ 1 0 -2 1 ]
# cobases: 79 (0 ms) { 2, 6, 11 }
# vertices: 51 (0 ms) [ 1 -2 0 -1 ]
# cobases: 80 (0 ms) { 1, 5, 6 }
# vertices: 52 (0 ms) [ 1 -2 -1 0 ]
# cobases: 81 (0 ms) { 1, 2, 12 }
# vertices: 53 (0 ms) [ 1 -1/2 1/2 1/2 ]
# cobases: 82 (0 ms) { 2, 3, 12 }
# vertices: 54 (0 ms) [ 1 -1 1 0 ]
# cobases: 83 (0 ms) { 2, 9, 12 }
# cobases: 84 (0 ms) { 2, 11, 12 }
# cobases: 85 (0 ms) { 1, 2, 9 }
# vertices: 55 (0 ms) [ 1 0 1 1 ]
# cobases: 86 (0 ms) { 1, 2, 10 }
# cobases: 87 (0 ms) { 2, 3, 10 }
# vertices: 56 (0 ms) [ 1 -1 2 0 ]
# cobases: 88 (0 ms) { 2, 9, 10 }
# cobases: 89 (0 ms) { 1, 9, 10 }
# cobases: 90 (0 ms) { 1, 5, 9 }
# vertices: 57 (0 ms) [ 1 -1/2 1/2 3/2 ]
# cobases: 91 (0 ms) { 1, 9, 11 }
# vertices: 58 (0 ms) [ 1 1/2 3/2 1/2 ]
# cobases: 92 (0 ms) { 2, 9, 11 }
# vertices: 59 (0 ms) [ 1 0 2 1 ]
# cobases: 93 (0 ms) { 3, 11, 12 }
# cobases: 94 (0 ms) { 2, 3, 11 }
# cobases: 95 (0 ms) { 3, 8, 11 }
# cobases: 96 (0 ms) { 2, 3, 7 }
# vertices: 60 (0 ms) [ 1 -1 -2 0 ]
# cobases: 97 (0 ms) { 3, 7, 11 }
# vertices: 61 (0 ms) [ 1 1/2 -1/2 -3/2 ]
# cobases: 98 (0 ms) { 2, 7, 12 }
# vertices: 62 (0 ms) [ 1 1/2 -1/2 3/2 ]
# cobases: 99 (0 ms) { 4, 7, 11 }
# vertices: 63 (0 ms) [ 1 0 -1 -2 ]
# cobases: 100 (0 ms) { 3, 7, 8 }
# vertices: 64 (0 ms) [ 1 0 -1 -1 ]
# cobases: 101 (0 ms) { 3, 7, 10 }
# vertices: 65 (0 ms) [ 1 1 0 -2 ]
# cobases: 102 (0 ms) { 4, 7, 8 }
# cobases: 103 (0 ms) { 3, 4, 8 }
# cobases: 104 (0 ms) { 3, 4, 7 }
# cobases: 105 (0 ms) { 3, 4, 12 }
# vertices: 66 (0 ms) [ 1 -3/2 1/2 1/2 ]
# cobases: 106 (0 ms) { 3, 6, 11 }
# cobases: 107 (0 ms) { 1, 3, 8 }
# cobases: 108 (0 ms) { 3, 6, 8 }
# cobases: 109 (0 ms) { 1, 6, 8 }
# vertices: 67 (0 ms) [ 1 -1/2 1/2 -3/2 ]
# cobases: 110 (0 ms) { 3, 6, 10 }
# vertices: 68 (0 ms) [ 1 1/2 1/2 -3/2 ]
# cobases: 111 (0 ms) { 1, 3, 10 }
# cobases: 112 (0 ms) { 1, 3, 11 }
# vertices: 69 (0 ms) [ 1 -1/2 1/2 -1/2 ]
# cobases: 113 (10 ms) { 2, 5, 12 }
# cobases: 114 (10 ms) { 2, 5, 9 }
# cobases: 115 (10 ms) { 2, 4, 9 }
# cobases: 116 (10 ms) { 2, 5, 6 }
# cobases: 117 (10 ms) { 2, 3, 6 }
# cobases: 118 (10 ms) { 2, 3, 5 }
# cobases: 119 (10 ms) { 2, 4, 7 }
# cobases: 120 (10 ms) { 6, 9, 11 }
# vertices: 70 (10 ms) [ 1 2 0 -1 ]
# cobases: 121 (10 ms) { 6, 7, 8 }
# vertices: 71 (10 ms) [ 1 1/2 -1/2 -1/2 ]
# cobases: 122 (10 ms) { 6, 7, 10 }

results: 
{
	dimension: 3
	initial cobasis: { 10, 11, 12 }
	symmetry generators: 6
	{
		(1,2)(3,4)(5,11)(7,8)(9,10),
		(1,9)(2,10)(3,7)(4,8)(5,11),
		(1,8)(2,7)(3,10)(4,9)(6,12),
		(1,11)(2,8)(4,6)(5,7)(10,12),
		(2,11)(3,12)(4,10)(5,8)(6,9),
		(2,12)(3,11)(4,10)(5,9)(6,8)
	}
	basis orbits: 122
	{
		{ 1, 2, 6 },
		{ 1, 2, 9 },
		{ 1, 2, 10 },
		{ 1, 2, 12 },
		{ 1, 3, 5 },
		{ 1, 3, 8 },
		{ 1, 3, 10 },
		{ 1, 3, 11 },
		{ 1, 4, 5 },
		{ 1, 4, 6 },
		{ 1, 4, 8 },
		{ 1, 4, 9 },
		{ 1, 4, 11 },
		{ 1, 4, 12 },
		{ 1, 5, 6 },
		{ 1, 5, 9 },
		{ 1, 5, 10 },
		{ 1, 5, 12 },
		{ 1, 6, 8 },
		{ 1, 6, 10 },
		{ 1, 6, 11 },
		{ 1, 8, 9 },
		{ 1, 8, 10 },
		{ 1, 8, 12 },
		{ 1, 9, 10 },
		{ 1, 9, 11 },
		{ 1, 10, 11 },
		{ 1, 10, 12 },
		{ 1, 11, 12 },
		{ 2, 3, 5 },
		{ 2, 3, 6 },
		{ 2, 3, 7 },
		{ 2, 3, 10 },
		{ 2, 3, 11 },
		{ 2, 3, 12 },
		{ 2, 4, 7 },
		{ 2, 4, 9 },
		{ 2, 4, 11 },
		{ 2, 5, 6 },
		{ 2, 5, 9 },
		{ 2, 5, 10 },
		{ 2, 5, 12 },
		{ 2, 6, 7 },
		{ 2, 6, 9 },
		{ 2, 6, 11 },
		{ 2, 7, 9 },
		{ 2, 7, 10 },
		{ 2, 7, 12 },
		{ 2, 9, 10 },
		{ 2, 9, 11 },
		{ 2, 9, 12 },
		{ 2, 10, 11 },
		{ 2, 11, 12 },
		{ 3, 4, 7 },
		{ 3, 4, 8 },
		{ 3, 4, 12 },
		{ 3, 5, 6 },
		{ 3, 5, 7 },
		{ 3, 5, 8 },
		{ 3, 5, 12 },
		{ 3, 6, 8 },
		{ 3, 6, 10 },
		{ 3, 6, 11 },
		{ 3, 7, 8 },
		{ 3, 7, 10 },
		{ 3, 7, 11 },
		{ 3, 8, 10 },
		{ 3, 8, 11 },
		{ 3, 8, 12 },
		{ 3, 10, 12 },
		{ 3, 11, 12 },
		{ 4, 5, 6 },
		{ 4, 5, 7 },
		{ 4, 5, 8 },
		{ 4, 5, 12 },
		{ 4, 6, 7 },
		{ 4, 6, 9 },
		{ 4, 6, 11 },
		{ 4, 7, 8 },
		{ 4, 7, 9 },
		{ 4, 7, 11 },
		{ 4, 7, 12 },
		{ 4, 8, 9 },
		{ 4, 8, 11 },
		{ 4, 9, 12 },
		{ 4, 11, 12 },
		{ 5, 6, 7 },
		{ 5, 6, 8 },
		{ 5, 6, 9 },
		{ 5, 6, 10 },
		{ 5, 7, 9 },
		{ 5, 7, 10 },
		{ 5, 7, 12 },
		{ 5, 8, 9 },
		{ 5, 8, 10 },
		{ 5, 8, 12 },
		{ 5, 9, 12 },
		{ 5, 10, 12 },
		{ 6, 7, 8 },
		{ 6, 7, 10 },
		{ 6, 7, 11 },
		{ 6, 8, 9 },
		{ 6, 8, 11 },
		{ 6, 9, 10 },
		{ 6, 9, 11 },
		{ 6, 10, 11 },
		{ 7, 8, 9 },
		{ 7, 8, 10 },
		{ 7, 8, 12 },
		{ 7, 9, 10 },
		{ 7, 9, 11 },
		{ 7, 10, 11 },
		{ 7, 10, 12 },
		{ 7, 11, 12 },
		{ 8, 9, 10 },
		{ 8, 9, 11 },
		{ 8, 9, 12 },
		{ 8, 10, 11 },
		{ 8, 11, 12 },
		{ 9, 10, 12 },
		{ 9, 11, 12 },
		{ 10, 11, 12 }
	}
	vertex orbits: 71
	{
		[ 1 -2 -1 0 ],
		[ 1 -2 0 -1 ],
		[ 1 -2 0 1 ],
		[ 1 -2 1 0 ],
		[ 1 -3/2 -1/2 -1/2 ],
		[ 1 -3/2 -1/2 1/2 ],
		[ 1 -3/2 1/2 -1/2 ],
		[ 1 -3/2 1/2 1/2 ],
		[ 1 -1 -2 0 ],
		[ 1 -1 -1 0 ],
		[ 1 -1 0 -2 ],
		[ 1 -1 0 -1 ],
		[ 1 -1 0 1 ],
		[ 1 -1 0 2 ],
		[ 1 -1 1 0 ],
		[ 1 -1 2 0 ],
		[ 1 -1/2 -3/2 -1/2 ],
		[ 1 -1/2 -3/2 1/2 ],
		[ 1 -1/2 -1/2 -3/2 ],
		[ 1 -1/2 -1/2 3/2 ],
		[ 1 -1/2 1/2 -3/2 ],
		[ 1 -1/2 1/2 -1/2 ],
		[ 1 -1/2 1/2 1/2 ],
		[ 1 -1/2 1/2 3/2 ],
		[ 1 -1/2 3/2 -1/2 ],
		[ 1 -1/2 3/2 1/2 ],
		[ 1 0 -2 -1 ],
		[ 1 0 -2 1 ],
		[ 1 0 -1 -2 ],
		[ 1 0 -1 -1 ],
		[ 1 0 -1 0 ],
		[ 1 0 -1 1 ],
		[ 1 0 -1 2 ],
		[ 1 0 0 -1 ],
		[ 1 0 0 1 ],
		[ 1 0 1 -2 ],
		[ 1 0 1 -1 ],
		[ 1 0 1 0 ],
		[ 1 0 1 1 ],
		[ 1 0 1 2 ],
		[ 1 0 2 -1 ],
		[ 1 0 2 1 ],
		[ 1 1/2 -3/2 -1/2 ],
		[ 1 1/2 -3/2 1/2 ],
		[ 1 1/2 -1/2 -3/2 ],
		[ 1 1/2 -1/2 -1/2 ],
		[ 1 1/2 -1/2 1/2 ],
		[ 1 1/2 -1/2 3/2 ],
		[ 1 1/2 1/2 -3/2 ],
		[ 1 1/2 1/2 -1/2 ],
		[ 1 1/2 1/2 1/2 ],
		[ 1 1/2 1/2 3/2 ],
		[ 1 1/2 3/2 -1/2 ],
		[ 1 1/2 3/2 1/2 ],
		[ 1 1 -2 0 ],
		[ 1 1 -1 0 ],
		[ 1 1 0 -2 ],
		[ 1 1 0 -1 ],
		[ 1 1 0 0 ],
		[ 1 1 0 1 ],
		[ 1 1 0 2 ],
		[ 1 1 1 0 ],
		[ 1 1 2 0 ],
		[ 1 3/2 -1/2 -1/2 ],
		[ 1 3/2 -1/2 1/2 ],
		[ 1 3/2 1/2 -1/2 ],
		[ 1 3/2 1/2 1/2 ],
		[ 1 2 -1 0 ],
		[ 1 2 0 -1 ],
		[ 1 2 0 1 ],
		[ 1 2 1 0 ]
	}
	ray orbits: 0
	{}
}
total running time: 20 ms
