Matrix:	(24,5)
[ [ 1 1 -1 0 0 ]
  [ 1 1 0 -1 0 ]
  [ 1 1 0 0 -1 ]
  [ 1 1 0 0 1 ]
  [ 1 1 0 1 0 ]
  [ 1 1 1 0 0 ]
  [ 1 0 1 -1 0 ]
  [ 1 0 1 0 -1 ]
  [ 1 0 1 0 1 ]
  [ 1 0 1 1 0 ]
  [ 1 0 0 1 -1 ]
  [ 1 0 0 1 1 ]
  [ 1 -1 1 0 0 ]
  [ 1 -1 0 1 0 ]
  [ 1 -1 0 0 1 ]
  [ 1 -1 0 0 -1 ]
  [ 1 -1 0 -1 0 ]
  [ 1 -1 -1 0 0 ]
  [ 1 0 -1 1 0 ]
  [ 1 0 -1 0 1 ]
  [ 1 0 -1 0 -1 ]
  [ 1 0 -1 -1 0 ]
  [ 1 0 0 -1 1 ]
  [ 1 0 0 -1 -1 ] ]
Group:	9
{
	(1,3)(4,6)(7,23)(8,20)(10,12)(11,19)(13,15)(16,18)(22,24),
	(1,23)(3,7)(5,9)(11,13)(15,19)(17,21),
	(2,21)(4,19)(6,11)(7,16)(9,14)(18,23),
	(1,11)(2,16)(3,21)(4,14)(5,19)(6,18)(7,17)(8,22)(9,15)(10,20)(13,23),
	(2,22)(3,21)(4,20)(5,19)(6,18)(7,17)(8,16)(9,15)(10,14),
	(2,20)(3,19)(6,12)(7,15)(8,14)(18,24),
	(3,22)(5,20)(6,23)(8,17)(10,15)(11,18),
	(3,4)(8,9)(11,12)(15,16)(20,21)(23,24),
	(4,22)(5,21)(6,24)(9,17)(10,16)(12,18)
}
Gram Matrix:	| 1 2 2 2 2 3 -4 -4 -4 -4 3 3 -5 -4 -4 -4 -4 3 2 2 2 2 3 3 3 | 2 1 2 2 3 2 2 3 3 -4 -4 -4 -4 -5 -4 -4 3 -4 -4 3 3 2 2 2 3 | 2 2 1 3 2 2 3 2 -4 3 2 -4 -4 -4 -5 3 -4 -4 3 -4 2 3 -4 2 3 | 2 2 3 1 2 2 3 -4 2 3 -4 2 -4 -4 3 -5 -4 -4 3 2 -4 3 2 -4 3 | 2 3 2 2 1 2 -4 3 3 2 2 2 -4 3 -4 -4 -5 -4 2 3 3 -4 -4 -4 3 | 3 2 2 2 2 1 2 2 2 2 3 3 3 -4 -4 -4 -4 -5 -4 -4 -4 -4 3 3 3 | -4 2 3 3 -4 2 1 2 2 3 -4 -4 2 -4 3 3 2 -4 -5 -4 -4 3 2 2 3 | -4 3 2 -4 3 2 2 1 3 2 2 -4 2 3 -4 2 3 -4 -4 -5 3 -4 -4 2 3 | -4 3 -4 2 3 2 2 3 1 2 -4 2 2 3 2 -4 3 -4 -4 3 -5 -4 2 -4 3 | -4 -4 3 3 2 2 3 2 2 1 2 2 2 2 3 3 -4 -4 3 -4 -4 -5 -4 -4 3 | 3 -4 2 -4 2 3 -4 2 -4 2 1 3 3 2 -4 2 -4 3 2 -4 2 -4 -5 3 3 | 3 -4 -4 2 2 3 -4 -4 2 2 3 1 3 2 2 -4 -4 3 2 2 -4 -4 3 -5 3 | -5 -4 -4 -4 -4 3 2 2 2 2 3 3 1 2 2 2 2 3 -4 -4 -4 -4 3 3 3 | -4 -5 -4 -4 3 -4 -4 3 3 2 2 2 2 1 2 2 3 2 2 3 3 -4 -4 -4 3 | -4 -4 -5 3 -4 -4 3 -4 2 3 -4 2 2 2 1 3 2 2 3 2 -4 3 2 -4 3 | -4 -4 3 -5 -4 -4 3 2 -4 3 2 -4 2 2 3 1 2 2 3 -4 2 3 -4 2 3 | -4 3 -4 -4 -5 -4 2 3 3 -4 -4 -4 2 3 2 2 1 2 -4 3 3 2 2 2 3 | 3 -4 -4 -4 -4 -5 -4 -4 -4 -4 3 3 3 2 2 2 2 1 2 2 2 2 3 3 3 | 2 -4 3 3 2 -4 -5 -4 -4 3 2 2 -4 2 3 3 -4 2 1 2 2 3 -4 -4 3 | 2 3 -4 2 3 -4 -4 -5 3 -4 -4 2 -4 3 2 -4 3 2 2 1 3 2 2 -4 3 | 2 3 2 -4 3 -4 -4 3 -5 -4 2 -4 -4 3 -4 2 3 2 2 3 1 2 -4 2 3 | 2 2 3 3 -4 -4 3 -4 -4 -5 -4 -4 -4 -4 3 3 2 2 3 2 2 1 2 2 3 | 3 2 -4 2 -4 3 2 -4 2 -4 -5 3 3 -4 2 -4 2 3 -4 2 -4 2 1 3 3 | 3 2 2 -4 -4 3 2 2 -4 -4 3 -5 3 -4 -4 2 2 3 -4 -4 2 2 3 1 3 | 3 3 3 3 3 3 3 3 3 3 3 3 3 3 3 3 3 3 3 3 3 3 3 3 3 |
# cobases: 1 (0 ms) { 17, 22, 23, 24 }
# vertices: 1 (0 ms) [ 1 0 0 1 0 ]
# cobases: 2 (0 ms) { 6, 22, 23, 24 }
# vertices: 2 (0 ms) [ 1 -1 0 1 0 ]
# cobases: 3 (0 ms) { 4, 17, 22, 24 }
# vertices: 3 (0 ms) [ 1 -1/2 -1/2 3/2 -1/2 ]
# cobases: 4 (0 ms) { 4, 9, 22, 24 }
# cobases: 5 (0 ms) { 4, 13, 22, 24 }
# vertices: 4 (0 ms) [ 1 0 -1 2 -1 ]
# cobases: 6 (0 ms) { 4, 15, 22, 24 }
# cobases: 7 (0 ms) { 4, 22, 23, 24 }
# cobases: 8 (0 ms) { 4, 13, 17, 24 }
# vertices: 5 (0 ms) [ 1 -1/2 -3/2 3/2 -1/2 ]
# cobases: 9 (0 ms) { 4, 10, 17, 24 }
# vertices: 6 (0 ms) [ 1 -1/2 -5/2 3/2 -1/2 ]
# cobases: 10 (0 ms) { 4, 10, 15, 24 }
# vertices: 7 (0 ms) [ 1 0 -3 2 -1 ]
# cobases: 11 (0 ms) { 1, 22, 23, 24 }
# cobases: 12 (10 ms) { 1, 6, 23, 24 }

results: 
{
	dimension: 4
	initial cobasis: { 17, 22, 23, 24 }
	symmetry generators: 9
	{
		(1,3)(4,6)(7,23)(8,20)(10,12)(11,19)(13,15)(16,18)(22,24),
		(1,23)(3,7)(5,9)(11,13)(15,19)(17,21),
		(2,21)(4,19)(6,11)(7,16)(9,14)(18,23),
		(1,11)(2,16)(3,21)(4,14)(5,19)(6,18)(7,17)(8,22)(9,15)(10,20)(13,23),
		(2,22)(3,21)(4,20)(5,19)(6,18)(7,17)(8,16)(9,15)(10,14),
		(2,20)(3,19)(6,12)(7,15)(8,14)(18,24),
		(3,22)(5,20)(6,23)(8,17)(10,15)(11,18),
		(3,4)(8,9)(11,12)(15,16)(20,21)(23,24),
		(4,22)(5,21)(6,24)(9,17)(10,16)(12,18)
	}
	basis orbits: 12
	{
		{ 1, 6, 23, 24 },
		{ 1, 22, 23, 24 },
		{ 4, 9, 22, 24 },
		{ 4, 10, 15, 24 },
		{ 4, 10, 17, 24 },
		{ 4, 13, 17, 24 },
		{ 4, 13, 22, 24 },
		{ 4, 15, 22, 24 },
		{ 4, 17, 22, 24 },
		{ 4, 22, 23, 24 },
		{ 6, 22, 23, 24 },
		{ 17, 22, 23, 24 }
	}
	total basis degree: 206
	vertex orbits: 7
	{
		[ 1 -1 0 1 0 ],
		[ 1 -1/2 -5/2 3/2 -1/2 ],
		[ 1 -1/2 -3/2 3/2 -1/2 ],
		[ 1 -1/2 -1/2 3/2 -1/2 ],
		[ 1 0 -3 2 -1 ],
		[ 1 0 -1 2 -1 ],
		[ 1 0 0 1 0 ]
	}
	ray orbits: 0
	{}
}
total running time: 20 ms
wall time: 17 ms
