[ [ 0, 0, 0, 0, 0, 0, 0, 0, 0, 0, 0, 0, 0, 0, 0, 1 ], 
  [ 0, 0, 0, 0, 0, 0, 0, 0, 0, 0, 1, 0, 0, 0, 0, 0 ], 
  [ 0, 0, 0, 0, 0, 0, 0, 0, 0, 0, 1, 0, 0, 0, 2, 1 ], 
  [ 0, 0, 0, 0, 0, 0, 1, 0, 0, 0, 0, 0, 0, 0, 0, 0 ], 
  [ 0, 0, 0, 0, 0, 0, 1, 0, 0, 2, 1, 0, 0, 0, 0, 0 ], 
  [ 0, 0, 0, 0, 0, 0, 1, 0, 0, 2, 1, 0, 0, 2, 2, 1 ], 
  [ 0, 0, 0, 1, 0, 0, 0, 0, 0, 0, 0, 0, 0, 0, 0, 0 ], 
  [ 0, 0, 0, 1, 0, 2, 1, 0, 0, 0, 0, 0, 0, 0, 0, 0 ], 
  [ 0, 0, 0, 1, 0, 2, 1, 0, 2, 2, 1, 0, 0, 0, 0, 0 ], 
  [ 0, 0, 0, 1, 0, 2, 1, 0, 2, 2, 1, 0, 2, 2, 2, 1 ], 
  [ 0, 1, -2, 1, -4, 4, 4, -4, 4, 8, 4, -2, 2, 4, 4, 1 ], 
  [ 0, 1, -2, 1, -4, 4, 4, -2, 2, 4, 1, -2, 2, 4, 2, 1 ], 
  [ 0, 1, -2, 1, -4, 4, 4, -2, 2, 4, 1, 0, 0, 0, 0, 0 ], 
  [ 0, 1, -2, 1, -2, 2, 1, -2, 2, 2, 1, -2, 2, 2, 2, 1 ], 
  [ 0, 1, -2, 1, -2, 2, 1, -2, 2, 2, 1, 0, 0, 0, 0, 0 ], 
  [ 0, 1, -2, 1, -2, 2, 1, 0, 0, 0, 0, 0, 0, 0, 0, 0 ], 
  [ 0, 1, 0, 0, -2, 0, 1, -2, 0, 2, 1, -2, 0, 2, 2, 1 ], 
  [ 0, 1, 0, 0, -2, 0, 1, -2, 0, 2, 1, 0, 0, 0, 0, 0 ], 
  [ 0, 1, 0, 0, -2, 0, 1, 0, 0, 0, 0, 0, 0, 0, 0, 0 ], 
  [ 0, 1, 0, 0, 0, 0, 0, 0, 0, 0, 0, 0, 0, 0, 0, 0 ] ]
[ [ 7, 8, 4, 2, 9, 5, 11, 12, 17, 14, 20, 16, 19, 15, 18, 13, 6, 10, 3, 1 ], 
  [ 6, 1, 5, 2, 3, 4, 8, 9, 10, 7, 14, 15, 11, 16, 12, 13, 20, 17, 18, 19 ], 
  [ 2, 1, 3, 17, 18, 19, 7, 14, 15, 16, 13, 12, 11, 8, 9, 10, 4, 5, 6, 20 ], 
  [ 11, 12, 2, 4, 14, 5, 7, 8, 17, 9, 1, 13, 3, 15, 6, 16, 18, 10, 19, 20 ], 
  [ 1, 12, 13, 4, 14, 15, 7, 8, 17, 18, 11, 2, 3, 5, 6, 16, 9, 10, 19, 20 ] ]
15
[ (1,7,11,20)(2,8,12,16,13,19,3,4)(5,9,17,6)(10,14,15,18), 
  (1,6,4,2)(3,5)(7,8,9,10)(11,14,16,13)(12,15)(17,20,19,18), 
  (1,2)(4,17)(5,18)(6,19)(8,14)(9,15)(10,16)(11,13), 
  (1,11)(2,12,13,3)(5,14,15,6)(9,17,18,10), (2,12)(3,13)(5,14)(6,15)(9,17)(10,
    18) ]
<permutation group with 5 generators>
[ 1, 1, 1, 1, 1, 1, 1, 1, 1, 1, 1, 1, 1, 1, 1, 1, 1, 1, 1, 1 ]
5
[ 0, 2, 0, 2, 1, -1, 2, 0, 0, -1, 2, 0, 0, 0, -1, 2 ]
[ 0, 1/2, -3/5, 1/2, -6/5, 6/5, 6/5, -4/5, 4/5, 8/5, 4/5, -2/5, 2/5, 4/5, 
  4/5, 2/5 ]
1/12
[ 0, -1/3, 3/5, -1/3, 77/60, -77/60, -31/30, 4/5, -4/5, -101/60, -19/30, 2/5, 
  -2/5, -4/5, -53/60, -7/30 ]
function( a, b ) ... end
()
function(  ) ... end
