Matrix:	(40,6)
[ [ 1 1 -1 0 0 0 ]
  [ 1 1 0 -1 0 0 ]
  [ 1 1 0 0 -1 0 ]
  [ 1 1 0 0 0 -1 ]
  [ 1 1 0 0 0 1 ]
  [ 1 1 0 0 1 0 ]
  [ 1 1 0 1 0 0 ]
  [ 1 1 1 0 0 0 ]
  [ 1 0 1 -1 0 0 ]
  [ 1 0 1 0 -1 0 ]
  [ 1 0 1 0 0 -1 ]
  [ 1 0 1 0 0 1 ]
  [ 1 0 1 0 1 0 ]
  [ 1 0 1 1 0 0 ]
  [ 1 0 0 1 -1 0 ]
  [ 1 0 0 1 0 -1 ]
  [ 1 0 0 1 0 1 ]
  [ 1 0 0 1 1 0 ]
  [ 1 0 0 0 1 -1 ]
  [ 1 0 0 0 1 1 ]
  [ 1 -1 1 0 0 0 ]
  [ 1 -1 0 1 0 0 ]
  [ 1 -1 0 0 1 0 ]
  [ 1 -1 0 0 0 1 ]
  [ 1 -1 0 0 0 -1 ]
  [ 1 -1 0 0 -1 0 ]
  [ 1 -1 0 -1 0 0 ]
  [ 1 -1 -1 0 0 0 ]
  [ 1 0 -1 1 0 0 ]
  [ 1 0 -1 0 1 0 ]
  [ 1 0 -1 0 0 1 ]
  [ 1 0 -1 0 0 -1 ]
  [ 1 0 -1 0 -1 0 ]
  [ 1 0 -1 -1 0 0 ]
  [ 1 0 0 -1 1 0 ]
  [ 1 0 0 -1 0 1 ]
  [ 1 0 0 -1 0 -1 ]
  [ 1 0 0 -1 -1 0 ]
  [ 1 0 0 0 -1 1 ]
  [ 1 0 0 0 -1 -1 ] ]
Group:	8
{
	(1,29)(2,22)(3,15)(4,16)(5,17)(6,18)(8,14)(9,21)(23,35)(24,36)(25,37)(26,38)(28,34),
	(2,4)(5,7)(9,11)(12,14)(15,39)(16,36)(18,20)(19,35)(22,24)(25,27)(29,31)(32,34)(38,40),
	(1,21)(2,9)(3,10)(4,11)(5,12)(6,13)(7,14)(22,29)(23,30)(24,31)(25,32)(26,33)(27,34),
	(2,34)(3,33)(4,32)(5,31)(6,30)(7,29)(8,28)(9,27)(10,26)(11,25)(12,24)(13,23)(14,22),
	(1,8)(9,34)(10,33)(11,32)(12,31)(13,30)(14,29)(21,28),
	(3,4)(5,6)(10,11)(12,13)(15,16)(17,18)(19,39)(23,24)(25,26)(30,31)(32,33)(35,36)(37,38),
	(2,7)(9,14)(15,38)(16,37)(17,36)(18,35)(22,27)(29,34),
	(4,5)(11,12)(16,17)(19,20)(24,25)(31,32)(36,37)(39,40)
}
# cobases: 1 (0 ms) { 26, 33, 38, 39, 40 }
# vertices: 1 (0 ms) [ 1 0 0 0 1 0 ]
# cobases: 2 (0 ms) { 8, 33, 38, 39, 40 }
# vertices: 2 (0 ms) [ 1 -1 0 0 1 0 ]
# cobases: 3 (0 ms) { 5, 26, 33, 38, 40 }
# vertices: 3 (0 ms) [ 1 -1/2 -1/2 -1/2 3/2 -1/2 ]
# cobases: 4 (0 ms) { 26, 33, 37, 38, 40 }
# vertices: 4 (0 ms) [ 1 1/2 1/2 1/2 1/2 1/2 ]
# cobases: 5 (10 ms) { 25, 33, 37, 38, 40 }
# cobases: 6 (10 ms) { 28, 33, 37, 38, 40 }
# cobases: 7 (20 ms) { 19, 26, 33, 38, 40 }
# vertices: 5 (20 ms) [ 1 1 1 1 0 1 ]
# cobases: 8 (20 ms) { 26, 30, 33, 37, 40 }
# vertices: 6 (20 ms) [ 1 1 1 0 0 1 ]
# cobases: 9 (20 ms) { 21, 30, 33, 37, 40 }
# vertices: 7 (20 ms) [ 1 2 1 0 0 1 ]
# cobases: 10 (30 ms) { 22, 30, 33, 37, 40 }
# cobases: 11 (30 ms) { 23, 30, 33, 37, 40 }
# cobases: 12 (30 ms) { 24, 30, 33, 37, 40 }
# cobases: 13 (30 ms) { 27, 30, 33, 37, 40 }
# cobases: 14 (30 ms) { 16, 26, 33, 37, 40 }
# cobases: 15 (30 ms) { 18, 26, 33, 37, 40 }
# vertices: 8 (30 ms) [ 1 3/2 3/2 -1/2 -1/2 3/2 ]
# cobases: 16 (30 ms) { 19, 26, 33, 37, 40 }
# cobases: 17 (30 ms) { 22, 26, 33, 37, 40 }
# cobases: 18 (40 ms) { 16, 26, 30, 37, 40 }
# cobases: 19 (40 ms) { 19, 26, 30, 37, 40 }
# cobases: 20 (40 ms) { 21, 26, 30, 37, 40 }
# vertices: 9 (40 ms) [ 1 3/2 1/2 -1/2 -1/2 3/2 ]
# cobases: 21 (40 ms) { 22, 26, 30, 37, 40 }
# cobases: 22 (40 ms) { 26, 30, 34, 37, 40 }
# cobases: 23 (40 ms) { 2, 26, 30, 33, 40 }
# vertices: 10 (40 ms) [ 1 1 1 2 0 1 ]
# cobases: 24 (50 ms) { 26, 30, 33, 35, 40 }
# cobases: 25 (60 ms) { 16, 26, 30, 33, 37 }
# cobases: 26 (60 ms) { 26, 29, 30, 33, 37 }
# cobases: 27 (70 ms) { 26, 30, 33, 34, 37 }
# cobases: 28 (70 ms) { 21, 30, 33, 34, 37 }
# cobases: 29 (70 ms) { 24, 30, 33, 34, 37 }
# cobases: 30 (70 ms) { 18, 26, 33, 34, 37 }
# cobases: 31 (100 ms) { 18, 21, 33, 34, 37 }
# vertices: 11 (100 ms) [ 1 5/2 3/2 -1/2 -1/2 3/2 ]
# cobases: 32 (100 ms) { 18, 24, 33, 34, 37 }
# cobases: 33 (100 ms) { 1, 18, 26, 34, 37 }
# vertices: 12 (100 ms) [ 1 1 2 -1 0 2 ]
# cobases: 34 (100 ms) { 15, 18, 26, 34, 37 }
# cobases: 35 (100 ms) { 18, 23, 26, 34, 37 }
# cobases: 36 (100 ms) { 18, 26, 34, 36, 37 }
# vertices: 13 (100 ms) [ 1 3 0 1 -2 0 ]
# cobases: 37 (110 ms) { 1, 18, 26, 36, 37 }
# vertices: 14 (110 ms) [ 1 3 4 1 -2 0 ]
# cobases: 38 (110 ms) { 13, 18, 26, 36, 37 }
# vertices: 15 (110 ms) [ 1 3 1 1 -2 0 ]
# cobases: 39 (110 ms) { 18, 26, 31, 36, 37 }
# cobases: 40 (110 ms) { 12, 18, 26, 34, 37 }
# vertices: 16 (110 ms) [ 1 7/2 -1/2 3/2 -5/2 -1/2 ]
# cobases: 41 (120 ms) { 13, 26, 31, 36, 37 }
# cobases: 42 (120 ms) { 18, 21, 26, 36, 37 }
# vertices: 17 (120 ms) [ 1 3 2 1 -2 0 ]
# cobases: 43 (120 ms) { 18, 26, 29, 36, 37 }
# cobases: 44 (120 ms) { 13, 18, 26, 31, 37 }
# cobases: 45 (120 ms) { 18, 26, 33, 36, 37 }
# vertices: 18 (120 ms) [ 1 3 3 1 -2 0 ]
# cobases: 46 (120 ms) { 18, 26, 29, 37, 40 }
# cobases: 47 (120 ms) { 11, 26, 29, 37, 40 }
# cobases: 48 (130 ms) { 21, 26, 29, 37, 40 }
# cobases: 49 (130 ms) { 18, 21, 29, 37, 40 }
# cobases: 50 (130 ms) { 18, 24, 29, 37, 40 }
# vertices: 19 (130 ms) [ 1 5/2 1/2 -1/2 -1/2 3/2 ]
# cobases: 51 (130 ms) { 18, 27, 29, 37, 40 }
# cobases: 52 (130 ms) { 11, 18, 26, 37, 40 }
# cobases: 53 (140 ms) { 18, 26, 29, 30, 40 }
# cobases: 54 (140 ms) { 18, 26, 29, 30, 37 }
# cobases: 55 (150 ms) { 18, 24, 29, 30, 37 }
# cobases: 56 (180 ms) { 18, 26, 30, 35, 40 }
# vertices: 20 (180 ms) [ 1 2 0 0 -1 2 ]
# cobases: 57 (180 ms) { 14, 26, 30, 35, 40 }
# vertices: 21 (180 ms) [ 1 5/2 -1/2 -1/2 -3/2 5/2 ]
# cobases: 58 (200 ms) { 11, 18, 24, 37, 40 }
# cobases: 59 (240 ms) { 18, 21, 24, 37, 40 }
# cobases: 60 (250 ms) { 18, 21, 24, 34, 40 }
# cobases: 61 (280 ms) { 16, 21, 29, 37, 40 }
# cobases: 62 (280 ms) { 19, 21, 29, 37, 40 }
# cobases: 63 (280 ms) { 21, 24, 29, 37, 40 }
# cobases: 64 (280 ms) { 21, 29, 33, 37, 40 }
# cobases: 65 (300 ms) { 21, 29, 30, 33, 40 }
# cobases: 66 (310 ms) { 21, 29, 30, 33, 37 }
# cobases: 67 (320 ms) { 16, 21, 30, 33, 37 }
# cobases: 68 (320 ms) { 21, 24, 30, 33, 37 }
# cobases: 69 (340 ms) { 21, 24, 29, 30, 33 }
# cobases: 70 (340 ms) { 21, 29, 30, 31, 33 }
# vertices: 22 (340 ms) [ 1 2 1 0 0 0 ]
# cobases: 71 (380 ms) { 16, 21, 26, 30, 37 }
# vertices: 23 (380 ms) [ 1 3/2 1/2 0 -1/2 1 ]
# cobases: 72 (480 ms) { 1, 23, 26, 34, 37 }
# cobases: 73 (490 ms) { 1, 18, 23, 26, 37 }
# cobases: 74 (490 ms) { 1, 4, 23, 26, 37 }
# cobases: 75 (510 ms) { 1, 2, 4, 23, 26 }
# vertices: 24 (510 ms) [ 1 1 2 2 0 2 ]
# cobases: 76 (580 ms) { 27, 29, 30, 33, 37 }
# cobases: 77 (670 ms) { 9, 26, 30, 33, 40 }
# cobases: 78 (670 ms) { 2, 9, 30, 33, 40 }
# cobases: 79 (680 ms) { 9, 23, 30, 33, 40 }
# cobases: 80 (680 ms) { 2, 9, 26, 30, 40 }
# cobases: 81 (680 ms) { 9, 19, 26, 30, 40 }
# cobases: 82 (700 ms) { 2, 9, 19, 30, 40 }
# cobases: 83 (720 ms) { 2, 9, 30, 36, 40 }
# cobases: 84 (730 ms) { 2, 9, 19, 36, 40 }
# cobases: 85 (960 ms) { 16, 26, 28, 33, 37 }
# vertices: 25 (960 ms) [ 1 1/2 1/2 0 1/2 1 ]
# cobases: 86 (1080 ms) { 27, 28, 33, 37, 40 }
# cobases: 87 (1140 ms) { 5, 12, 33, 38, 40 }
# cobases: 88 (1140 ms) { 5, 14, 33, 38, 40 }
# cobases: 89 (1150 ms) { 5, 33, 38, 39, 40 }
# cobases: 90 (1160 ms) { 1, 33, 38, 39, 40 }
# cobases: 91 (1170 ms) { 1, 5, 38, 39, 40 }
# cobases: 92 (1180 ms) { 1, 5, 33, 38, 40 }
# cobases: 93 (1180 ms) { 4, 5, 33, 38, 40 }
# cobases: 94 (1200 ms) { 1, 4, 5, 33, 38 }
# cobases: 95 (1210 ms) { 4, 5, 7, 33, 38 }
# cobases: 96 (1210 ms) { 4, 5, 10, 33, 38 }
# cobases: 97 (1320 ms) { 5, 8, 14, 38, 40 }
# cobases: 98 (1330 ms) { 5, 14, 17, 38, 40 }
# cobases: 99 (1330 ms) { 5, 7, 14, 33, 38 }
# cobases: 100 (1340 ms) { 7, 14, 17, 33, 38 }
# cobases: 101 (1350 ms) { 5, 7, 17, 33, 38 }
# cobases: 102 (1350 ms) { 5, 7, 8, 14, 38 }
# cobases: 103 (1360 ms) { 5, 7, 14, 17, 38 }
# cobases: 104 (1360 ms) { 5, 7, 14, 17, 33 }

results: 
{
	dimension: 5
	initial cobasis: { 26, 33, 38, 39, 40 }
	symmetry generators: 8
	{
		(1,29)(2,22)(3,15)(4,16)(5,17)(6,18)(8,14)(9,21)(23,35)(24,36)(25,37)(26,38)(28,34),
		(2,4)(5,7)(9,11)(12,14)(15,39)(16,36)(18,20)(19,35)(22,24)(25,27)(29,31)(32,34)(38,40),
		(1,21)(2,9)(3,10)(4,11)(5,12)(6,13)(7,14)(22,29)(23,30)(24,31)(25,32)(26,33)(27,34),
		(2,34)(3,33)(4,32)(5,31)(6,30)(7,29)(8,28)(9,27)(10,26)(11,25)(12,24)(13,23)(14,22),
		(1,8)(9,34)(10,33)(11,32)(12,31)(13,30)(14,29)(21,28),
		(3,4)(5,6)(10,11)(12,13)(15,16)(17,18)(19,39)(23,24)(25,26)(30,31)(32,33)(35,36)(37,38),
		(2,7)(9,14)(15,38)(16,37)(17,36)(18,35)(22,27)(29,34),
		(4,5)(11,12)(16,17)(19,20)(24,25)(31,32)(36,37)(39,40)
	}
	basis orbits: 104
	{
		{ 1, 2, 4, 23, 26 },
		{ 1, 4, 5, 33, 38 },
		{ 1, 4, 23, 26, 37 },
		{ 1, 5, 33, 38, 40 },
		{ 1, 5, 38, 39, 40 },
		{ 1, 18, 23, 26, 37 },
		{ 1, 18, 26, 34, 37 },
		{ 1, 18, 26, 36, 37 },
		{ 1, 23, 26, 34, 37 },
		{ 1, 33, 38, 39, 40 },
		{ 2, 9, 19, 30, 40 },
		{ 2, 9, 19, 36, 40 },
		{ 2, 9, 26, 30, 40 },
		{ 2, 9, 30, 33, 40 },
		{ 2, 9, 30, 36, 40 },
		{ 2, 26, 30, 33, 40 },
		{ 4, 5, 7, 33, 38 },
		{ 4, 5, 10, 33, 38 },
		{ 4, 5, 33, 38, 40 },
		{ 5, 7, 8, 14, 38 },
		{ 5, 7, 14, 17, 33 },
		{ 5, 7, 14, 17, 38 },
		{ 5, 7, 14, 33, 38 },
		{ 5, 7, 17, 33, 38 },
		{ 5, 8, 14, 38, 40 },
		{ 5, 12, 33, 38, 40 },
		{ 5, 14, 17, 38, 40 },
		{ 5, 14, 33, 38, 40 },
		{ 5, 26, 33, 38, 40 },
		{ 5, 33, 38, 39, 40 },
		{ 7, 14, 17, 33, 38 },
		{ 8, 33, 38, 39, 40 },
		{ 9, 19, 26, 30, 40 },
		{ 9, 23, 30, 33, 40 },
		{ 9, 26, 30, 33, 40 },
		{ 11, 18, 24, 37, 40 },
		{ 11, 18, 26, 37, 40 },
		{ 11, 26, 29, 37, 40 },
		{ 12, 18, 26, 34, 37 },
		{ 13, 18, 26, 31, 37 },
		{ 13, 18, 26, 36, 37 },
		{ 13, 26, 31, 36, 37 },
		{ 14, 26, 30, 35, 40 },
		{ 15, 18, 26, 34, 37 },
		{ 16, 21, 26, 30, 37 },
		{ 16, 21, 29, 37, 40 },
		{ 16, 21, 30, 33, 37 },
		{ 16, 26, 28, 33, 37 },
		{ 16, 26, 30, 33, 37 },
		{ 16, 26, 30, 37, 40 },
		{ 16, 26, 33, 37, 40 },
		{ 18, 21, 24, 34, 40 },
		{ 18, 21, 24, 37, 40 },
		{ 18, 21, 26, 36, 37 },
		{ 18, 21, 29, 37, 40 },
		{ 18, 21, 33, 34, 37 },
		{ 18, 23, 26, 34, 37 },
		{ 18, 24, 29, 30, 37 },
		{ 18, 24, 29, 37, 40 },
		{ 18, 24, 33, 34, 37 },
		{ 18, 26, 29, 30, 37 },
		{ 18, 26, 29, 30, 40 },
		{ 18, 26, 29, 36, 37 },
		{ 18, 26, 29, 37, 40 },
		{ 18, 26, 30, 35, 40 },
		{ 18, 26, 31, 36, 37 },
		{ 18, 26, 33, 34, 37 },
		{ 18, 26, 33, 36, 37 },
		{ 18, 26, 33, 37, 40 },
		{ 18, 26, 34, 36, 37 },
		{ 18, 27, 29, 37, 40 },
		{ 19, 21, 29, 37, 40 },
		{ 19, 26, 30, 37, 40 },
		{ 19, 26, 33, 37, 40 },
		{ 19, 26, 33, 38, 40 },
		{ 21, 24, 29, 30, 33 },
		{ 21, 24, 29, 37, 40 },
		{ 21, 24, 30, 33, 37 },
		{ 21, 26, 29, 37, 40 },
		{ 21, 26, 30, 37, 40 },
		{ 21, 29, 30, 31, 33 },
		{ 21, 29, 30, 33, 37 },
		{ 21, 29, 30, 33, 40 },
		{ 21, 29, 33, 37, 40 },
		{ 21, 30, 33, 34, 37 },
		{ 21, 30, 33, 37, 40 },
		{ 22, 26, 30, 37, 40 },
		{ 22, 26, 33, 37, 40 },
		{ 22, 30, 33, 37, 40 },
		{ 23, 30, 33, 37, 40 },
		{ 24, 30, 33, 34, 37 },
		{ 24, 30, 33, 37, 40 },
		{ 25, 33, 37, 38, 40 },
		{ 26, 29, 30, 33, 37 },
		{ 26, 30, 33, 34, 37 },
		{ 26, 30, 33, 35, 40 },
		{ 26, 30, 33, 37, 40 },
		{ 26, 30, 34, 37, 40 },
		{ 26, 33, 37, 38, 40 },
		{ 26, 33, 38, 39, 40 },
		{ 27, 28, 33, 37, 40 },
		{ 27, 29, 30, 33, 37 },
		{ 27, 30, 33, 37, 40 },
		{ 28, 33, 37, 38, 40 }
	}
	vertex orbits: 25
	{
		[ 1 -1 0 0 1 0 ],
		[ 1 -1/2 -1/2 -1/2 3/2 -1/2 ],
		[ 1 0 0 0 1 0 ],
		[ 1 1/2 1/2 0 1/2 1 ],
		[ 1 1/2 1/2 1/2 1/2 1/2 ],
		[ 1 1 1 0 0 1 ],
		[ 1 1 1 1 0 1 ],
		[ 1 1 1 2 0 1 ],
		[ 1 1 2 -1 0 2 ],
		[ 1 1 2 2 0 2 ],
		[ 1 3/2 1/2 -1/2 -1/2 3/2 ],
		[ 1 3/2 1/2 0 -1/2 1 ],
		[ 1 3/2 3/2 -1/2 -1/2 3/2 ],
		[ 1 2 0 0 -1 2 ],
		[ 1 2 1 0 0 0 ],
		[ 1 2 1 0 0 1 ],
		[ 1 5/2 -1/2 -1/2 -3/2 5/2 ],
		[ 1 5/2 1/2 -1/2 -1/2 3/2 ],
		[ 1 5/2 3/2 -1/2 -1/2 3/2 ],
		[ 1 3 0 1 -2 0 ],
		[ 1 3 1 1 -2 0 ],
		[ 1 3 2 1 -2 0 ],
		[ 1 3 3 1 -2 0 ],
		[ 1 3 4 1 -2 0 ],
		[ 1 7/2 -1/2 3/2 -5/2 -1/2 ]
	}
	ray orbits: 0
	{}
}
total running time: 1480 ms
