Matrix:	(20,16)[[0,0,0,0,0,0,0,0,0,0,0,0,0,0,0,1],[0,0,0,0,0,0,0,0,0,0,1,0,0,0,0,0],[0,0,0,0,0,0,0,0,0,0,1,0,0,0,2,1],[0,0,0,0,0,0,1,0,0,0,0,0,0,0,0,0],[0,0,0,0,0,0,1,0,0,2,1,0,0,0,0,0],[0,0,0,0,0,0,1,0,0,2,1,0,0,2,2,1],[0,0,0,1,0,0,0,0,0,0,0,0,0,0,0,0],[0,0,0,1,0,2,1,0,0,0,0,0,0,0,0,0],[0,0,0,1,0,2,1,0,2,2,1,0,0,0,0,0],[0,0,0,1,0,2,1,0,2,2,1,0,2,2,2,1],[0,1,-2,1,-4,4,4,-4,4,8,4,-2,2,4,4,1],[0,1,-2,1,-4,4,4,-2,2,4,1,-2,2,4,2,1],[0,1,-2,1,-4,4,4,-2,2,4,1,0,0,0,0,0],[0,1,-2,1,-2,2,1,-2,2,2,1,-2,2,2,2,1],[0,1,-2,1,-2,2,1,-2,2,2,1,0,0,0,0,0],[0,1,-2,1,-2,2,1,0,0,0,0,0,0,0,0,0],[0,1,0,0,-2,0,1,-2,0,2,1,-2,0,2,2,1],[0,1,0,0,-2,0,1,-2,0,2,1,0,0,0,0,0],[0,1,0,0,-2,0,1,0,0,0,0,0,0,0,0,0],[0,1,0,0,0,0,0,0,0,0,0,0,0,0,0,0]]
Group:	{(1,7,11,20)(2,8,12,16,13,19,3,4)(5,9,17,6)(10,14,15,18), (1,6,4,2)(3,5)(7,8,9,10)(11,14,16,13)(12,15)(17,20,19,18), (1,2)(4,17)(5,18)(6,19)(8,14)(9,15)(10,16)(11,13), (1,11)(2,12,13,3)(5,14,15,6)(9,17,18,10), (2,12)(3,13)(5,14)(6,15)(9,17)(10,18), (4,8,16,19)(5,9,15,18)(6,10,14,17)(7,20), (2,10)(3,9)(4,20)(5,14)(6,15)(7,16)(12,18)(13,17), (7,20)(8,19)(9,18)(10,17)}

BEGIN RESULTS
{
	dimension:15
	initial cobasis: {6, 7, 8, 9, 10, 11, 12, 13, 14, 15, 16, 17, 18, 19, 20}
	symmetry generators: {(1,7,11,20)(2,8,12,16,13,19,3,4)(5,9,17,6)(10,14,15,18), (1,6,4,2)(3,5)(7,8,9,10)(11,14,16,13)(12,15)(17,20,19,18), (1,2)(4,17)(5,18)(6,19)(8,14)(9,15)(10,16)(11,13), (1,11)(2,12,13,3)(5,14,15,6)(9,17,18,10), (2,12)(3,13)(5,14)(6,15)(9,17)(10,18), (4,8,16,19)(5,9,15,18)(6,10,14,17)(7,20), (2,10)(3,9)(4,20)(5,14)(6,15)(7,16)(12,18)(13,17), (7,20)(8,19)(9,18)(10,17)}
	basis orbits: {{1, 2, 4, 6, 8, 9, 10, 11, 12, 14, 15, 16, 18, 19, 20}, {1, 2, 5, 6, 8, 9, 10, 11, 12, 14, 15, 16, 18, 19, 20}, {1, 2, 4, 6, 8, 9, 11, 12, 14, 15, 16, 17, 18, 19, 20}, {1, 2, 6, 8, 9, 10, 11, 12, 14, 15, 16, 17, 18, 19, 20}, {2, 6, 7, 8, 9, 10, 11, 12, 14, 15, 16, 17, 18, 19, 20}, {1, 6, 7, 8, 9, 10, 12, 13, 14, 15, 16, 17, 18, 19, 20}, {1, 6, 8, 9, 10, 11, 12, 13, 14, 15, 16, 17, 18, 19, 20}, {2, 6, 8, 9, 10, 11, 12, 13, 14, 15, 16, 17, 18, 19, 20}, {6, 7, 8, 9, 10, 11, 12, 13, 14, 15, 16, 17, 18, 19, 20}}
	vertex orbits: {[ 1 0 0 0 0 0 0 0 0 0 0 0 0 0 0 0 ]}
	ray orbits: {[ 0 0 -1 0 1 -1 2 0 0 -1 2 -1 1 -1 -1 2 ], [ 0 0 -1 0 1 -1 2 0 0 -1 2 0 0 0 -1 2 ], [ 0 0 -1 0 1 -1 2 0 0 0 0 -1 1 -2 0 2 ], [ 0 0 0 0 0 -1 2 0 1 -2 2 0 0 0 0 0 ]}
}
END RESULTS
