Matrix: (72,9)[[1,1/2,-1/2,-1/2,-1/2,1/2,1/2,1/2,-1/2],[1,1/2,-1/2,-1/2,1/2,-1/2,1/2,1/2,-1/2],[1,1/2,-1/2,-1/2,1/2,1/2,-1/2,1/2,-1/2],[1,1/2,-1/2,-1/2,1/2,1/2,1/2,-1/2,-1/2],[1,1/2,-1/2,1/2,-1/2,-1/2,1/2,1/2,-1/2],[1,1/2,-1/2,1/2,-1/2,1/2,-1/2,1/2,-1/2],[1,1/2,-1/2,1/2,-1/2,1/2,1/2,-1/2,-1/2],[1,1/2,-1/2,1/2,1/2,-1/2,-1/2,1/2,-1/2],[1,1/2,-1/2,1/2,1/2,-1/2,1/2,-1/2,-1/2],[1,1/2,-1/2,1/2,1/2,1/2,-1/2,-1/2,-1/2],[1,1/2,1/2,-1/2,-1/2,-1/2,1/2,1/2,-1/2],[1,1/2,1/2,-1/2,-1/2,1/2,-1/2,1/2,-1/2],[1,1/2,1/2,-1/2,-1/2,1/2,1/2,-1/2,-1/2],[1,1/2,1/2,-1/2,1/2,-1/2,-1/2,1/2,-1/2],[1,1/2,1/2,-1/2,1/2,-1/2,1/2,-1/2,-1/2],[1,1/2,1/2,-1/2,1/2,1/2,-1/2,-1/2,-1/2],[1,1/2,1/2,1/2,-1/2,-1/2,-1/2,1/2,-1/2],[1,1/2,1/2,1/2,-1/2,-1/2,1/2,-1/2,-1/2],[1,1/2,1/2,1/2,-1/2,1/2,-1/2,-1/2,-1/2],[1,1/2,1/2,1/2,1/2,-1/2,-1/2,-1/2,-1/2],[1,1,0,0,0,0,0,0,-1],[1,0,1,-1,0,0,0,0,0],[1,0,1,0,-1,0,0,0,0],[1,0,1,0,0,-1,0,0,0],[1,0,1,0,0,0,-1,0,0],[1,0,1,0,0,0,0,-1,0],[1,0,0,1,-1,0,0,0,0],[1,0,0,1,0,-1,0,0,0],[1,0,0,1,0,0,-1,0,0],[1,0,0,1,0,0,0,-1,0],[1,0,0,0,1,-1,0,0,0],[1,0,0,0,1,0,-1,0,0],[1,0,0,0,1,0,0,-1,0],[1,0,0,0,0,1,-1,0,0],[1,0,0,0,0,1,0,-1,0],[1,0,0,0,0,0,1,-1,0],[1,-1/2,1/2,1/2,1/2,-1/2,-1/2,-1/2,1/2],[1,-1/2,1/2,1/2,-1/2,1/2,-1/2,-1/2,1/2],[1,-1/2,1/2,1/2,-1/2,-1/2,1/2,-1/2,1/2],[1,-1/2,1/2,1/2,-1/2,-1/2,-1/2,1/2,1/2],[1,-1/2,1/2,-1/2,1/2,1/2,-1/2,-1/2,1/2],[1,-1/2,1/2,-1/2,1/2,-1/2,1/2,-1/2,1/2],[1,-1/2,1/2,-1/2,1/2,-1/2,-1/2,1/2,1/2],[1,-1/2,1/2,-1/2,-1/2,1/2,1/2,-1/2,1/2],[1,-1/2,1/2,-1/2,-1/2,1/2,-1/2,1/2,1/2],[1,-1/2,1/2,-1/2,-1/2,-1/2,1/2,1/2,1/2],[1,-1/2,-1/2,1/2,1/2,1/2,-1/2,-1/2,1/2],[1,-1/2,-1/2,1/2,1/2,-1/2,1/2,-1/2,1/2],[1,-1/2,-1/2,1/2,1/2,-1/2,-1/2,1/2,1/2],[1,-1/2,-1/2,1/2,-1/2,1/2,1/2,-1/2,1/2],[1,-1/2,-1/2,1/2,-1/2,1/2,-1/2,1/2,1/2],[1,-1/2,-1/2,1/2,-1/2,-1/2,1/2,1/2,1/2],[1,-1/2,-1/2,-1/2,1/2,1/2,1/2,-1/2,1/2],[1,-1/2,-1/2,-1/2,1/2,1/2,-1/2,1/2,1/2],[1,-1/2,-1/2,-1/2,1/2,-1/2,1/2,1/2,1/2],[1,-1/2,-1/2,-1/2,-1/2,1/2,1/2,1/2,1/2],[1,-1,0,0,0,0,0,0,1],[1,0,-1,1,0,0,0,0,0],[1,0,-1,0,1,0,0,0,0],[1,0,-1,0,0,1,0,0,0],[1,0,-1,0,0,0,1,0,0],[1,0,-1,0,0,0,0,1,0],[1,0,0,-1,1,0,0,0,0],[1,0,0,-1,0,1,0,0,0],[1,0,0,-1,0,0,1,0,0],[1,0,0,-1,0,0,0,1,0],[1,0,0,0,-1,1,0,0,0],[1,0,0,0,-1,0,1,0,0],[1,0,0,0,-1,0,0,1,0],[1,0,0,0,0,-1,1,0,0],[1,0,0,0,0,-1,0,1,0],[1,0,0,0,0,0,-1,1,0]]                                                                                                           
Group:  {(3,5)(4,11)(7,12)(9,14)(10,17)(16,18)(22,36)(23,35)(24,33)(25,30)(27,34)(28,32)(39,41)(40,47)(43,48)(45,50)(46,53)(52,54)(58,72)(59,71)(60,69)(61,66)(63,70)(64,68), (2,21)(6,62)(7,61)(10,59)(12,66)(13,65)(16,63)(17,71)(18,70)(19,55)(20,31)(23,46)(25,43)(26,42)(27,52)(29,49)(30,48)(34,54)(35,53)(38,57)(56,67), (2,3)(5,6)(9,10)(11,12)(15,16)(18,19)(24,25)(28,29)(31,32)(34,70)(35,36)(38,39)(41,42)(45,46)(47,48)(51,52)(54,55)(60,61)(64,65)(67,68)(71,72), (3,4)(6,7)(8,9)(12,13)(14,15)(17,18)(25,26)(29,30)(32,33)(34,35)(36,72)(39,40)(42,43)(44,45)(48,49)(50,51)(53,54)(61,62)(65,66)(68,69)(70,71), (1,2)(6,8)(7,9)(12,14)(13,15)(19,20)(23,24)(27,28)(31,67)(32,34)(33,35)(37,38)(42,44)(43,45)(48,50)(49,51)(55,56)(59,60)(63,64)(68,70)(69,71), (5,11)(6,12)(7,13)(8,14)(9,15)(10,16)(22,58)(23,27)(24,28)(25,29)(26,30)(41,47)(42,48)(43,49)(44,50)(45,51)(46,52)(59,63)(60,64)(61,65)(62,66), (2,6)(4,12)(7,11)(9,17)(10,14)(15,19)(22,35)(23,36)(24,30)(25,33)(27,70)(29,31)(34,63)(38,42)(40,48)(43,47)(45,53)(46,50)(51,55)(58,71)(59,72)(60,66)(61,69)(65,67), (1,21)(8,62)(9,61)(10,60)(14,66)(15,65)(16,64)(17,69)(18,68)(19,67)(20,56)(24,46)(25,45)(26,44)(28,52)(29,51)(30,50)(31,55)(32,54)(33,53)(37,57), (4,66)(7,69)(9,71)(10,72)(11,61)(12,60)(13,56)(14,59)(15,55)(16,54)(17,58)(18,52)(19,51)(20,49)(21,62)(22,53)(23,50)(24,48)(25,47)(26,57)(30,40)(33,43)(35,45)(36,46)}
# cobases: 1 (0 ms) {57, 62, 66, 69, 71, 72}
# vertices: 1 (0 ms) [ 1 1 1 1 1 1 1 0 0 ]
# cobases: 2 (64240 ms) {40, 57, 66, 69, 71, 72}
# cobases: 3 (924970 ms) {49, 57, 66, 69, 71, 72}
# cobases: 4 (925010 ms) {40, 49, 57, 69, 71, 72}
# cobases: 5 (1171550 ms) {49, 54, 57, 69, 71, 72}
# cobases: 6 (1293080 ms) {49, 56, 57, 69, 71, 72}
# cobases: 7 (1293140 ms) {40, 43, 49, 57, 71, 72}
# cobases: 8 (1353540 ms) {40, 49, 51, 57, 69, 72}
# cobases: 9 (1472660 ms) {49, 51, 54, 57, 69, 72}
# cobases: 10 (1655620 ms) {49, 51, 55, 57, 69, 72}
# cobases: 11 (1893330 ms) {49, 51, 56, 57, 69, 72}
# cobases: 12 (2070950 ms) {40, 49, 51, 52, 57, 69}
# cobases: 13 (2126150 ms) {49, 51, 52, 54, 57, 69}
# cobases: 14 (-2056557 ms) {49, 51, 52, 56, 57, 69}
# cobases: 15 (-1753787 ms) {49, 51, 52, 57, 66, 69}
# cobases: 16 (-734647 ms) {43, 49, 52, 57, 66, 69}
# cobases: 17 (817192 ms) {49, 51, 52, 54, 57, 66}
# cobases: 18 (1204442 ms) {49, 51, 52, 57, 62, 66}
# cobases: 19 (-1097294 ms) {40, 49, 51, 52, 57, 66}
# cobases: 20 (-884384 ms) {43, 49, 51, 52, 57, 66}
# cobases: 21 (-618154 ms) {43, 45, 51, 52, 57, 66}
# cobases: 22 (-248114 ms) {40, 43, 49, 51, 52, 66}
# cobases: 23 (73165 ms) {43, 49, 51, 52, 66, 69}
# cobases: 24 (185085 ms) {40, 43, 49, 51, 52, 57}
# cobases: 25 (353395 ms) {43, 49, 51, 52, 54, 57}
# cobases: 26 (576295 ms) {43, 49, 51, 52, 56, 57}
# cobases: 27 (1860085 ms) {43, 49, 51, 52, 56, 62}
# cobases: 28 (-2114221 ms) {43, 49, 51, 52, 56, 66}
# cobases: 29 (-1357261 ms) {43, 49, 51, 52, 56, 71}
# cobases: 30 (1319528 ms) {43, 49, 52, 55, 56, 66}
# cobases: 31 (-141925 ms) {49, 54, 62, 69, 71, 72}
# cobases: 32 (496404 ms) {54, 62, 66, 69, 71, 72}

BEGIN RESULTS
{
        dimension:8
        initial cobasis: {57, 62, 66, 69, 71, 72}
        symmetry generators: {(3,5)(4,11)(7,12)(9,14)(10,17)(16,18)(22,36)(23,35)(24,33)(25,30)(27,34)(28,32)(39,41)(40,47)(43,48)(45,50)(46,53)(52,54)(58,72)(59,71)(60,69)(61,66)(63,70)(64,68), (2,21)(6,62)(7,61)(10,59)(12,66)(13,65)(16,63)(17,71)(18,70)(19,55)(20,31)(23,46)(25,43)(26,42)(27,52)(29,49)(30,48)(34,54)(35,53)(38,57)(56,67), (2,3)(5,6)(9,10)(11,12)(15,16)(18,19)(24,25)(28,29)(31,32)(34,70)(35,36)(38,39)(41,42)(45,46)(47,48)(51,52)(54,55)(60,61)(64,65)(67,68)(71,72), (3,4)(6,7)(8,9)(12,13)(14,15)(17,18)(25,26)(29,30)(32,33)(34,35)(36,72)(39,40)(42,43)(44,45)(48,49)(50,51)(53,54)(61,62)(65,66)(68,69)(70,71), (1,2)(6,8)(7,9)(12,14)(13,15)(19,20)(23,24)(27,28)(31,67)(32,34)(33,35)(37,38)(42,44)(43,45)(48,50)(49,51)(55,56)(59,60)(63,64)(68,70)(69,71), (5,11)(6,12)(7,13)(8,14)(9,15)(10,16)(22,58)(23,27)(24,28)(25,29)(26,30)(41,47)(42,48)(43,49)(44,50)(45,51)(46,52)(59,63)(60,64)(61,65)(62,66), (2,6)(4,12)(7,11)(9,17)(10,14)(15,19)(22,35)(23,36)(24,30)(25,33)(27,70)(29,31)(34,63)(38,42)(40,48)(43,47)(45,53)(46,50)(51,55)(58,71)(59,72)(60,66)(61,69)(65,67), (1,21)(8,62)(9,61)(10,60)(14,66)(15,65)(16,64)(17,69)(18,68)(19,67)(20,56)(24,46)(25,45)(26,44)(28,52)(29,51)(30,50)(31,55)(32,54)(33,53)(37,57), (4,66)(7,69)(9,71)(10,72)(11,61)(12,60)(13,56)(14,59)(15,55)(16,54)(17,58)(18,52)(19,51)(20,49)(21,62)(22,53)(23,50)(24,48)(25,47)(26,57)(30,40)(33,43)(35,45)(36,46)}
        basis orbits: {{40, 43, 49, 51, 52, 57}, {43, 49, 51, 52, 54, 57}, {43, 49, 51, 52, 56, 57}, {43, 49, 51, 52, 56, 62}, {40, 43, 49, 51, 52, 66}, {43, 49, 51, 52, 56, 66}, {43, 49, 52, 55, 56, 66}, {43, 45, 51, 52, 57, 66}, {40, 49, 51, 52, 57, 66}, {43, 49, 51, 52, 57, 66}, {49, 51, 52, 54, 57, 66}, {49, 51, 52, 57, 62, 66}, {40, 49, 51, 52, 57, 69}, {49, 51, 52, 54, 57, 69}, {49, 51, 52, 56, 57, 69}, {43, 49, 51, 52, 66, 69}, {43, 49, 52, 57, 66, 69}, {49, 51, 52, 57, 66, 69}, {43, 49, 51, 52, 56, 71}, {40, 49, 51, 57, 69, 72}, {49, 51, 54, 57, 69, 72}, {49, 51, 55, 57, 69, 72}, {49, 51, 56, 57, 69, 72}, {40, 43, 49, 57, 71, 72}, {40, 49, 57, 69, 71, 72}, {49, 54, 57, 69, 71, 72}, {49, 56, 57, 69, 71, 72}, {49, 54, 62, 69, 71, 72}, {40, 57, 66, 69, 71, 72}, {49, 57, 66, 69, 71, 72}, {54, 62, 66, 69, 71, 72}, {57, 62, 66, 69, 71, 72}}
        vertex orbits: {[ 1 1 1 1 1 1 1 0 0 ]}
        ray orbits: {}
}
total running time: 673777 ms
END RESULTS
