true
#I  Starting pass 1
#I  Found  2 Linearities
#I  adding vertex[ 1, 1, 1, 1, 1, 1, 1, 0, 0 ]
#I  starting from [ 57, 62, 66, 69, 71, 72 ]
rec( dimension := 8, 
  vertex_orbits := [ rec( incidence := [ 40, 43, 45, 46, 49, 51, 52, 54, 55, 
              56, 57, 62, 66, 69, 71, 72 ], 
          coordinates := [ 1, 1, 1, 1, 1, 1, 1, 0, 0 ], det := 1, 
          gramVec := [ [ 1, 1, 1, 1, 1, 2, 2, 2, 2, 2, 2, 2, 2, 2, 2, 3 ], 
              [ 1, 1, 1, 1, 1, 2, 2, 2, 2, 2, 2, 2, 2, 2, 2, 3 ], 
              [ 1, 1, 1, 1, 1, 2, 2, 2, 2, 2, 2, 2, 2, 2, 2, 3 ], 
              [ 1, 1, 1, 1, 1, 2, 2, 2, 2, 2, 2, 2, 2, 2, 2, 3 ], 
              [ 1, 1, 1, 1, 1, 2, 2, 2, 2, 2, 2, 2, 2, 2, 2, 3 ], 
              [ 1, 1, 1, 1, 1, 2, 2, 2, 2, 2, 2, 2, 2, 2, 2, 3 ], 
              [ 1, 1, 1, 1, 1, 2, 2, 2, 2, 2, 2, 2, 2, 2, 2, 3 ], 
              [ 1, 1, 1, 1, 1, 2, 2, 2, 2, 2, 2, 2, 2, 2, 2, 3 ], 
              [ 1, 1, 1, 1, 1, 2, 2, 2, 2, 2, 2, 2, 2, 2, 2, 3 ], 
              [ 1, 1, 1, 1, 1, 2, 2, 2, 2, 2, 2, 2, 2, 2, 2, 3 ], 
              [ 1, 1, 1, 1, 1, 2, 2, 2, 2, 2, 2, 2, 2, 2, 2, 3 ], 
              [ 1, 1, 1, 1, 1, 2, 2, 2, 2, 2, 2, 2, 2, 2, 2, 3 ], 
              [ 1, 1, 1, 1, 1, 2, 2, 2, 2, 2, 2, 2, 2, 2, 2, 3 ], 
              [ 1, 1, 1, 1, 1, 2, 2, 2, 2, 2, 2, 2, 2, 2, 2, 3 ], 
              [ 1, 1, 1, 1, 1, 2, 2, 2, 2, 2, 2, 2, 2, 2, 2, 3 ], 
              [ 1, 1, 1, 1, 1, 2, 2, 2, 2, 2, 2, 2, 2, 2, 2, 3 ] ], 
          stabilizerOrbits := fail ) ], 
  basis_orbits := [ rec( cobasis := [ 57, 62, 66, 69, 71, 72 ], 
          extraincidence := [ 40, 43, 45, 46, 49, 51, 52, 54, 55, 56 ], 
          coordinates := [ 1, 1, 1, 1, 1, 1, 1, 0, 0 ], det := 1, 
          pseudoCanon := fail, stabilizer := fail, 
          gramVec := [ [ 1, 1, 1, 1, 1, 3 ], [ 1, 2, 2, 2, 2, 3 ], 
              [ 1, 2, 2, 2, 2, 3 ], [ 1, 2, 2, 2, 2, 3 ], 
              [ 1, 2, 2, 2, 2, 3 ], [ 1, 2, 2, 2, 2, 3 ] ], index := 1 ), 
      rec( cobasis := [ 40, 49, 51, 52, 57, 66 ], 
          extraincidence := [ 43, 45, 46, 54, 55, 56, 62, 69, 71, 72 ], 
          coordinates := [ 1, 1, 1, 1, 1, 1, 1, 0, 0 ], det := 16, 
          pseudoCanon := fail, stabilizer := fail, 
          gramVec := [ [ 1, 1, 1, 1, 1, 3 ], [ 1, 2, 2, 2, 2, 3 ], 
              [ 1, 2, 2, 2, 2, 3 ], [ 1, 2, 2, 2, 2, 3 ], 
              [ 1, 2, 2, 2, 2, 3 ], [ 1, 2, 2, 2, 2, 3 ] ], index := 19 ), 
      rec( cobasis := [ 40, 57, 66, 69, 71, 72 ], 
          extraincidence := [ 43, 45, 46, 49, 51, 52, 54, 55, 56, 62 ], 
          coordinates := [ 1, 1, 1, 1, 1, 1, 1, 0, 0 ], det := 1, 
          pseudoCanon := fail, stabilizer := fail, 
          gramVec := [ [ 1, 1, 1, 1, 2, 3 ], [ 1, 1, 2, 2, 2, 3 ], 
              [ 1, 2, 2, 2, 2, 3 ], [ 1, 2, 2, 2, 2, 3 ], 
              [ 1, 2, 2, 2, 2, 3 ], [ 1, 2, 2, 2, 2, 3 ] ], index := 2 ), 
      rec( cobasis := [ 49, 51, 52, 54, 57, 66 ], 
          extraincidence := [ 40, 43, 45, 46, 55, 56, 62, 69, 71, 72 ], 
          coordinates := [ 1, 1, 1, 1, 1, 1, 1, 0, 0 ], det := 8, 
          pseudoCanon := fail, stabilizer := fail, 
          gramVec := [ [ 1, 1, 1, 1, 2, 3 ], [ 1, 1, 2, 2, 2, 3 ], 
              [ 1, 2, 2, 2, 2, 3 ], [ 1, 2, 2, 2, 2, 3 ], 
              [ 1, 2, 2, 2, 2, 3 ], [ 1, 2, 2, 2, 2, 3 ] ], index := 17 ), 
      rec( cobasis := [ 49, 51, 52, 57, 62, 66 ], 
          extraincidence := [ 40, 43, 45, 46, 54, 55, 56, 69, 71, 72 ], 
          coordinates := [ 1, 1, 1, 1, 1, 1, 1, 0, 0 ], det := 4, 
          pseudoCanon := fail, stabilizer := fail, 
          gramVec := [ [ 1, 1, 1, 1, 2, 3 ], [ 1, 1, 2, 2, 2, 3 ], 
              [ 1, 2, 2, 2, 2, 3 ], [ 1, 2, 2, 2, 2, 3 ], 
              [ 1, 2, 2, 2, 2, 3 ], [ 1, 2, 2, 2, 2, 3 ] ], index := 18 ), 
      rec( cobasis := [ 43, 49, 51, 52, 56, 62 ], 
          extraincidence := [ 40, 45, 46, 54, 55, 57, 69, 66, 71, 72 ], 
          coordinates := [ 1, 1, 1, 1, 1, 1, 1, 0, 0 ], det := 16, 
          pseudoCanon := fail, stabilizer := fail, 
          gramVec := [ [ 1, 1, 1, 1, 2, 3 ], [ 1, 1, 2, 2, 2, 3 ], 
              [ 1, 2, 2, 2, 2, 3 ], [ 1, 2, 2, 2, 2, 3 ], 
              [ 1, 2, 2, 2, 2, 3 ], [ 1, 2, 2, 2, 2, 3 ] ], index := 27 ), 
      rec( cobasis := [ 49, 57, 66, 69, 71, 72 ], 
          extraincidence := [ 40, 43, 45, 46, 51, 52, 54, 55, 56, 62 ], 
          coordinates := [ 1, 1, 1, 1, 1, 1, 1, 0, 0 ], det := 1, 
          pseudoCanon := fail, stabilizer := fail, 
          gramVec := [ [ 1, 1, 1, 1, 2, 3 ], [ 1, 1, 2, 2, 2, 3 ], 
              [ 1, 1, 2, 2, 2, 3 ], [ 1, 1, 2, 2, 2, 3 ], 
              [ 1, 2, 2, 2, 2, 3 ], [ 1, 2, 2, 2, 2, 3 ] ], index := 3 ), 
      rec( cobasis := [ 49, 51, 52, 57, 66, 69 ], 
          extraincidence := [ 40, 43, 45, 46, 54, 55, 56, 62, 71, 72 ], 
          coordinates := [ 1, 1, 1, 1, 1, 1, 1, 0, 0 ], det := 4, 
          pseudoCanon := fail, stabilizer := fail, 
          gramVec := [ [ 1, 1, 1, 1, 2, 3 ], [ 1, 1, 2, 2, 2, 3 ], 
              [ 1, 1, 2, 2, 2, 3 ], [ 1, 1, 2, 2, 2, 3 ], 
              [ 1, 2, 2, 2, 2, 3 ], [ 1, 2, 2, 2, 2, 3 ] ], index := 15 ), 
      rec( cobasis := [ 43, 49, 51, 52, 57, 66 ], 
          extraincidence := [ 40, 45, 46, 54, 55, 56, 62, 69, 71, 72 ], 
          coordinates := [ 1, 1, 1, 1, 1, 1, 1, 0, 0 ], det := 8, 
          pseudoCanon := fail, stabilizer := fail, 
          gramVec := [ [ 1, 1, 1, 1, 2, 3 ], [ 1, 1, 2, 2, 2, 3 ], 
              [ 1, 1, 2, 2, 2, 3 ], [ 1, 1, 2, 2, 2, 3 ], 
              [ 1, 2, 2, 2, 2, 3 ], [ 1, 2, 2, 2, 2, 3 ] ], index := 20 ), 
      rec( cobasis := [ 40, 43, 49, 51, 52, 66 ], 
          extraincidence := [ 45, 46, 54, 55, 56, 62, 57, 69, 71, 72 ], 
          coordinates := [ 1, 1, 1, 1, 1, 1, 1, 0, 0 ], det := 16, 
          pseudoCanon := fail, stabilizer := fail, 
          gramVec := [ [ 1, 1, 1, 1, 2, 3 ], [ 1, 1, 2, 2, 2, 3 ], 
              [ 1, 1, 2, 2, 2, 3 ], [ 1, 1, 2, 2, 2, 3 ], 
              [ 1, 2, 2, 2, 2, 3 ], [ 1, 2, 2, 2, 2, 3 ] ], index := 22 ), 
      rec( cobasis := [ 40, 49, 57, 69, 71, 72 ], 
          extraincidence := [ 43, 45, 46, 51, 52, 54, 55, 56, 62, 66 ], 
          coordinates := [ 1, 1, 1, 1, 1, 1, 1, 0, 0 ], det := 2, 
          pseudoCanon := fail, stabilizer := fail, 
          gramVec := [ [ 1, 1, 1, 2, 2, 3 ], [ 1, 1, 2, 2, 2, 3 ], 
              [ 1, 2, 2, 2, 2, 3 ], [ 1, 2, 2, 2, 2, 3 ], 
              [ 1, 2, 2, 2, 2, 3 ], [ 2, 2, 2, 2, 2, 3 ] ], index := 4 ), 
      rec( cobasis := [ 49, 51, 54, 57, 69, 72 ], 
          extraincidence := [ 40, 43, 45, 46, 52, 55, 56, 62, 66, 71 ], 
          coordinates := [ 1, 1, 1, 1, 1, 1, 1, 0, 0 ], det := 4, 
          pseudoCanon := fail, stabilizer := fail, 
          gramVec := [ [ 1, 1, 1, 2, 2, 3 ], [ 1, 1, 2, 2, 2, 3 ], 
              [ 1, 2, 2, 2, 2, 3 ], [ 1, 2, 2, 2, 2, 3 ], 
              [ 1, 2, 2, 2, 2, 3 ], [ 2, 2, 2, 2, 2, 3 ] ], index := 9 ), 
      rec( cobasis := [ 49, 51, 52, 54, 57, 69 ], 
          extraincidence := [ 40, 43, 45, 46, 55, 56, 62, 66, 71, 72 ], 
          coordinates := [ 1, 1, 1, 1, 1, 1, 1, 0, 0 ], det := 8, 
          pseudoCanon := fail, stabilizer := fail, 
          gramVec := [ [ 1, 1, 1, 2, 2, 3 ], [ 1, 1, 2, 2, 2, 3 ], 
              [ 1, 2, 2, 2, 2, 3 ], [ 1, 2, 2, 2, 2, 3 ], 
              [ 1, 2, 2, 2, 2, 3 ], [ 2, 2, 2, 2, 2, 3 ] ], index := 13 ), 
      rec( cobasis := [ 43, 49, 51, 52, 56, 57 ], 
          extraincidence := [ 40, 45, 46, 54, 55, 62, 69, 66, 71, 72 ], 
          coordinates := [ 1, 1, 1, 1, 1, 1, 1, 0, 0 ], det := 16, 
          pseudoCanon := fail, stabilizer := fail, 
          gramVec := [ [ 1, 1, 1, 2, 2, 3 ], [ 1, 1, 2, 2, 2, 3 ], 
              [ 1, 2, 2, 2, 2, 3 ], [ 1, 2, 2, 2, 2, 3 ], 
              [ 1, 2, 2, 2, 2, 3 ], [ 2, 2, 2, 2, 2, 3 ] ], index := 26 ), 
      rec( cobasis := [ 49, 54, 57, 69, 71, 72 ], 
          extraincidence := [ 40, 43, 45, 46, 51, 52, 55, 56, 62, 66 ], 
          coordinates := [ 1, 1, 1, 1, 1, 1, 1, 0, 0 ], det := 2, 
          pseudoCanon := fail, stabilizer := fail, 
          gramVec := [ [ 1, 1, 1, 2, 2, 3 ], [ 1, 1, 1, 2, 2, 3 ], 
              [ 1, 1, 2, 2, 2, 3 ], [ 1, 1, 2, 2, 2, 3 ], 
              [ 1, 2, 2, 2, 2, 3 ], [ 1, 2, 2, 2, 2, 3 ] ], index := 5 ), 
      rec( cobasis := [ 49, 51, 55, 57, 69, 72 ], 
          extraincidence := [ 40, 43, 45, 46, 52, 54, 56, 62, 66, 71 ], 
          coordinates := [ 1, 1, 1, 1, 1, 1, 1, 0, 0 ], det := 4, 
          pseudoCanon := fail, stabilizer := fail, 
          gramVec := [ [ 1, 1, 1, 2, 2, 3 ], [ 1, 1, 1, 2, 2, 3 ], 
              [ 1, 1, 2, 2, 2, 3 ], [ 1, 1, 2, 2, 2, 3 ], 
              [ 1, 2, 2, 2, 2, 3 ], [ 1, 2, 2, 2, 2, 3 ] ], index := 10 ), 
      rec( cobasis := [ 43, 45, 51, 52, 57, 66 ], 
          extraincidence := [ 40, 46, 49, 54, 55, 56, 62, 69, 71, 72 ], 
          coordinates := [ 1, 1, 1, 1, 1, 1, 1, 0, 0 ], det := 8, 
          pseudoCanon := fail, stabilizer := fail, 
          gramVec := [ [ 1, 1, 1, 2, 2, 3 ], [ 1, 1, 1, 2, 2, 3 ], 
              [ 1, 1, 2, 2, 2, 3 ], [ 1, 1, 2, 2, 2, 3 ], 
              [ 1, 2, 2, 2, 2, 3 ], [ 1, 2, 2, 2, 2, 3 ] ], index := 21 ), 
      rec( cobasis := [ 43, 49, 51, 52, 56, 71 ], 
          extraincidence := [ 40, 45, 46, 54, 55, 62, 57, 69, 66, 72 ], 
          coordinates := [ 1, 1, 1, 1, 1, 1, 1, 0, 0 ], det := 16, 
          pseudoCanon := fail, stabilizer := fail, 
          gramVec := [ [ 1, 1, 1, 2, 2, 3 ], [ 1, 1, 1, 2, 2, 3 ], 
              [ 1, 1, 2, 2, 2, 3 ], [ 1, 1, 2, 2, 2, 3 ], 
              [ 1, 2, 2, 2, 2, 3 ], [ 1, 2, 2, 2, 2, 3 ] ], index := 29 ), 
      rec( cobasis := [ 49, 56, 57, 69, 71, 72 ], 
          extraincidence := [ 40, 43, 45, 46, 51, 52, 54, 55, 62, 66 ], 
          coordinates := [ 1, 1, 1, 1, 1, 1, 1, 0, 0 ], det := 2, 
          pseudoCanon := fail, stabilizer := fail, 
          gramVec := [ [ 1, 1, 1, 2, 2, 3 ], [ 1, 1, 1, 2, 2, 3 ], 
              [ 1, 1, 2, 2, 2, 3 ], [ 1, 1, 2, 2, 2, 3 ], 
              [ 1, 1, 2, 2, 2, 3 ], [ 1, 1, 2, 2, 2, 3 ] ], index := 6 ), 
      rec( cobasis := [ 43, 49, 52, 57, 66, 69 ], 
          extraincidence := [ 40, 45, 46, 51, 54, 55, 56, 62, 71, 72 ], 
          coordinates := [ 1, 1, 1, 1, 1, 1, 1, 0, 0 ], det := 4, 
          pseudoCanon := fail, stabilizer := fail, 
          gramVec := [ [ 1, 1, 1, 2, 2, 3 ], [ 1, 1, 1, 2, 2, 3 ], 
              [ 1, 1, 2, 2, 2, 3 ], [ 1, 1, 2, 2, 2, 3 ], 
              [ 1, 1, 2, 2, 2, 3 ], [ 1, 1, 2, 2, 2, 3 ] ], index := 16 ), 
      rec( cobasis := [ 43, 49, 51, 52, 66, 69 ], 
          extraincidence := [ 40, 45, 46, 54, 55, 56, 62, 57, 71, 72 ], 
          coordinates := [ 1, 1, 1, 1, 1, 1, 1, 0, 0 ], det := 8, 
          pseudoCanon := fail, stabilizer := fail, 
          gramVec := [ [ 1, 1, 1, 2, 2, 3 ], [ 1, 1, 1, 2, 2, 3 ], 
              [ 1, 1, 2, 2, 2, 3 ], [ 1, 1, 2, 2, 2, 3 ], 
              [ 1, 1, 2, 2, 2, 3 ], [ 1, 1, 2, 2, 2, 3 ] ], index := 23 ), 
      rec( cobasis := [ 43, 49, 51, 52, 56, 66 ], 
          extraincidence := [ 40, 45, 46, 54, 55, 62, 57, 69, 71, 72 ], 
          coordinates := [ 1, 1, 1, 1, 1, 1, 1, 0, 0 ], det := 16, 
          pseudoCanon := fail, stabilizer := fail, 
          gramVec := [ [ 1, 1, 1, 2, 2, 3 ], [ 1, 1, 1, 2, 2, 3 ], 
              [ 1, 1, 2, 2, 2, 3 ], [ 1, 1, 2, 2, 2, 3 ], 
              [ 1, 1, 2, 2, 2, 3 ], [ 1, 1, 2, 2, 2, 3 ] ], index := 28 ), 
      rec( cobasis := [ 40, 43, 49, 57, 71, 72 ], 
          extraincidence := [ 45, 46, 51, 52, 54, 55, 56, 62, 69, 66 ], 
          coordinates := [ 1, 1, 1, 1, 1, 1, 1, 0, 0 ], det := 4, 
          pseudoCanon := fail, stabilizer := fail, 
          gramVec := [ [ 1, 1, 2, 2, 2, 3 ], [ 1, 2, 2, 2, 2, 3 ], 
              [ 1, 2, 2, 2, 2, 3 ], [ 2, 2, 2, 2, 2, 3 ], 
              [ 2, 2, 2, 2, 2, 3 ], [ 2, 2, 2, 2, 2, 3 ] ], index := 7 ), 
      rec( cobasis := [ 40, 49, 51, 52, 57, 69 ], 
          extraincidence := [ 43, 45, 46, 54, 55, 56, 62, 66, 71, 72 ], 
          coordinates := [ 1, 1, 1, 1, 1, 1, 1, 0, 0 ], det := 8, 
          pseudoCanon := fail, stabilizer := fail, 
          gramVec := [ [ 1, 1, 2, 2, 2, 3 ], [ 1, 2, 2, 2, 2, 3 ], 
              [ 1, 2, 2, 2, 2, 3 ], [ 2, 2, 2, 2, 2, 3 ], 
              [ 2, 2, 2, 2, 2, 3 ], [ 2, 2, 2, 2, 2, 3 ] ], index := 12 ), 
      rec( cobasis := [ 40, 43, 49, 51, 52, 57 ], 
          extraincidence := [ 45, 46, 54, 55, 56, 62, 69, 66, 71, 72 ], 
          coordinates := [ 1, 1, 1, 1, 1, 1, 1, 0, 0 ], det := 16, 
          pseudoCanon := fail, stabilizer := fail, 
          gramVec := [ [ 1, 1, 2, 2, 2, 3 ], [ 1, 2, 2, 2, 2, 3 ], 
              [ 1, 2, 2, 2, 2, 3 ], [ 2, 2, 2, 2, 2, 3 ], 
              [ 2, 2, 2, 2, 2, 3 ], [ 2, 2, 2, 2, 2, 3 ] ], index := 24 ), 
      rec( cobasis := [ 54, 62, 66, 69, 71, 72 ], 
          extraincidence := [ 40, 43, 45, 46, 49, 51, 52, 55, 56, 57 ], 
          coordinates := [ 1, 1, 1, 1, 1, 1, 1, 0, 0 ], det := 1, 
          pseudoCanon := fail, stabilizer := fail, 
          gramVec := [ [ 1, 1, 2, 2, 2, 3 ], [ 1, 2, 2, 2, 2, 3 ], 
              [ 1, 2, 2, 2, 2, 3 ], [ 2, 2, 2, 2, 2, 3 ], 
              [ 2, 2, 2, 2, 2, 3 ], [ 2, 2, 2, 2, 2, 3 ] ], index := 32 ), 
      rec( cobasis := [ 40, 49, 51, 57, 69, 72 ], 
          extraincidence := [ 43, 45, 46, 52, 54, 55, 56, 62, 66, 71 ], 
          coordinates := [ 1, 1, 1, 1, 1, 1, 1, 0, 0 ], det := 4, 
          pseudoCanon := fail, stabilizer := fail, 
          gramVec := [ [ 1, 1, 2, 2, 2, 3 ], [ 1, 1, 2, 2, 2, 3 ], 
              [ 1, 2, 2, 2, 2, 3 ], [ 1, 2, 2, 2, 2, 3 ], 
              [ 2, 2, 2, 2, 2, 3 ], [ 2, 2, 2, 2, 2, 3 ] ], index := 8 ), 
      rec( cobasis := [ 49, 51, 52, 56, 57, 69 ], 
          extraincidence := [ 40, 43, 45, 46, 54, 55, 62, 66, 71, 72 ], 
          coordinates := [ 1, 1, 1, 1, 1, 1, 1, 0, 0 ], det := 8, 
          pseudoCanon := fail, stabilizer := fail, 
          gramVec := [ [ 1, 1, 2, 2, 2, 3 ], [ 1, 1, 2, 2, 2, 3 ], 
              [ 1, 2, 2, 2, 2, 3 ], [ 1, 2, 2, 2, 2, 3 ], 
              [ 2, 2, 2, 2, 2, 3 ], [ 2, 2, 2, 2, 2, 3 ] ], index := 14 ), 
      rec( cobasis := [ 43, 49, 51, 52, 54, 57 ], 
          extraincidence := [ 40, 45, 46, 55, 56, 62, 69, 66, 71, 72 ], 
          coordinates := [ 1, 1, 1, 1, 1, 1, 1, 0, 0 ], det := 16, 
          pseudoCanon := fail, stabilizer := fail, 
          gramVec := [ [ 1, 1, 2, 2, 2, 3 ], [ 1, 1, 2, 2, 2, 3 ], 
              [ 1, 2, 2, 2, 2, 3 ], [ 1, 2, 2, 2, 2, 3 ], 
              [ 2, 2, 2, 2, 2, 3 ], [ 2, 2, 2, 2, 2, 3 ] ], index := 25 ), 
      rec( cobasis := [ 49, 54, 62, 69, 71, 72 ], 
          extraincidence := [ 40, 43, 45, 46, 51, 52, 55, 56, 57, 66 ], 
          coordinates := [ 1, 1, 1, 1, 1, 1, 1, 0, 0 ], det := 2, 
          pseudoCanon := fail, stabilizer := fail, 
          gramVec := [ [ 1, 1, 2, 2, 2, 3 ], [ 1, 1, 2, 2, 2, 3 ], 
              [ 1, 2, 2, 2, 2, 3 ], [ 1, 2, 2, 2, 2, 3 ], 
              [ 2, 2, 2, 2, 2, 3 ], [ 2, 2, 2, 2, 2, 3 ] ], index := 31 ), 
      rec( cobasis := [ 49, 51, 56, 57, 69, 72 ], 
          extraincidence := [ 40, 43, 45, 46, 52, 54, 55, 62, 66, 71 ], 
          coordinates := [ 1, 1, 1, 1, 1, 1, 1, 0, 0 ], det := 4, 
          pseudoCanon := fail, stabilizer := fail, 
          gramVec := [ [ 1, 1, 2, 2, 2, 3 ], [ 1, 1, 2, 2, 2, 3 ], 
              [ 1, 1, 2, 2, 2, 3 ], [ 1, 1, 2, 2, 2, 3 ], 
              [ 1, 1, 2, 2, 2, 3 ], [ 2, 2, 2, 2, 2, 3 ] ], index := 11 ), 
      rec( cobasis := [ 43, 49, 52, 55, 56, 66 ], 
          extraincidence := [ 40, 45, 46, 51, 54, 62, 57, 69, 71, 72 ], 
          coordinates := [ 1, 1, 1, 1, 1, 1, 1, 0, 0 ], det := 16, 
          pseudoCanon := fail, stabilizer := fail, 
          gramVec := [ [ 1, 1, 2, 2, 2, 3 ], [ 1, 1, 2, 2, 2, 3 ], 
              [ 1, 1, 2, 2, 2, 3 ], [ 1, 1, 2, 2, 2, 3 ], 
              [ 1, 1, 2, 2, 2, 3 ], [ 2, 2, 2, 2, 2, 3 ] ], index := 30 ) ], 
  pseudoCanons := [  ], 
  profile := rec( InvariantCheck := 306, NewByInvariants := 31, 
      InvariantMatches := 275, OldCobasis := 274, OldCobasisTime := 16096, 
      DuplicateCobasis := 1, DuplicateCobasisTime := 0 ), ray_orbits := [  ], 
  symmetry_generators := 
    [ (3,5)(4,11)(7,12)(9,14)(10,17)(16,18)(22,36)(23,35)(24,33)(25,30)(27,
        34)(28,32)(39,41)(40,47)(43,48)(45,50)(46,53)(52,54)(58,72)(59,71)(60,
        69)(61,66)(63,70)(64,68), (2,21)(6,62)(7,61)(10,59)(12,66)(13,65)(16,
        63)(17,71)(18,70)(19,55)(20,31)(23,46)(25,43)(26,42)(27,52)(29,49)(30,
        48)(34,54)(35,53)(38,57)(56,67), (2,3)(5,6)(9,10)(11,12)(15,16)(18,
        19)(24,25)(28,29)(31,32)(34,70)(35,36)(38,39)(41,42)(45,46)(47,48)(51,
        52)(54,55)(60,61)(64,65)(67,68)(71,72), 
      (3,4)(6,7)(8,9)(12,13)(14,15)(17,18)(25,26)(29,30)(32,33)(34,35)(36,
        72)(39,40)(42,43)(44,45)(48,49)(50,51)(53,54)(61,62)(65,66)(68,69)(70,
        71), (1,2)(6,8)(7,9)(12,14)(13,15)(19,20)(23,24)(27,28)(31,67)(32,
        34)(33,35)(37,38)(42,44)(43,45)(48,50)(49,51)(55,56)(59,60)(63,64)(68,
        70)(69,71) ], finished := true, 
  initial_cobasis := [ 57, 62, 66, 69, 71, 72 ], 
  nauty_total_time := rec( user_time := 0, system_time := 0, memory := 37804 )
    , 
  gap_time := rec( user_time := 20081, system_time := 124, user_time_children \
:= 164, system_time_children := 0 ) )

#STARTRESULTS
{
key => 'dimension',
dimension => 8,
gap_time => { 
user_time => 20081,
system_time => 124,
user_time_children => 164,
system_time_children => 0,
},
nauty_total_time => { 
user_time => 0,
system_time => 0,
memory => 37804,
},
initial_cobasis => [ 57, 62, 66, 69, 71, 72 ],
group_order =>103680,
basis_orbits => 32,
vertex_orbits => 1,
ray_orbits => 0,
symmetry_generators => 5,
}

#ENDRESULTS
