**V-representation**
Matrix:	(36,22)[[0,0,0,0,0,0,0,0,0,0,0,0,0,0,0,0,0,0,0,0,0,1],[0,0,0,0,0,0,0,0,0,0,0,0,0,0,0,1,0,0,0,0,0,0],[0,0,0,0,0,0,0,0,0,0,1,0,0,0,0,0,0,0,0,0,0,0],[0,0,0,0,0,0,0,0,0,0,1,0,0,0,1,1,0,0,0,0,0,0],[0,0,0,0,0,0,1,0,0,0,0,0,0,0,0,0,0,0,0,0,0,0],[0,0,0,0,0,0,1,0,0,0,0,0,0,0,0,0,0,0,1,0,0,1],[0,0,0,0,0,0,1,0,0,1,1,0,0,0,0,0,0,0,0,0,0,0],[0,0,0,0,0,0,1,0,0,1,1,0,0,0,0,0,0,0,1,1,0,1],[0,0,0,0,0,0,1,0,0,1,1,0,0,1,1,1,0,0,0,0,0,0],[0,0,0,0,0,0,1,0,0,1,1,0,0,1,1,1,0,0,1,1,1,1],[0,0,0,1,0,0,0,0,0,0,0,0,0,0,0,0,0,0,0,0,0,0],[0,0,0,1,0,1,1,0,0,0,0,0,0,0,0,0,0,0,0,0,0,0],[0,0,0,1,0,1,1,0,0,0,0,0,0,0,0,0,0,1,1,0,0,1],[0,0,0,1,0,1,1,0,1,1,1,0,0,0,0,0,0,0,0,0,0,0],[0,0,0,1,0,1,1,0,1,1,1,0,0,0,0,0,0,1,1,1,0,1],[0,0,0,1,0,1,1,0,1,1,1,0,1,1,1,1,0,0,0,0,0,0],[0,0,0,1,0,1,1,0,1,1,1,0,1,1,1,1,0,1,1,1,1,1],[0,0,0,1,0,2,4,0,1,2,1,0,0,0,0,0,0,1,2,1,0,1],[0,0,0,1,0,2,4,0,1,2,1,0,1,2,1,1,0,1,2,1,1,1],[0,0,0,1,0,2,4,0,2,4,4,0,1,2,2,1,0,1,2,2,1,1],[0,1,0,0,0,0,0,0,0,0,0,0,0,0,0,0,0,0,0,0,0,0],[0,1,1,1,0,0,0,0,0,0,0,0,0,0,0,0,0,0,0,0,0,0],[0,1,1,1,1,1,1,0,0,0,0,0,0,0,0,0,0,0,0,0,0,0],[0,1,1,1,1,1,1,0,0,0,0,0,0,0,0,0,1,1,1,0,0,1],[0,1,1,1,1,1,1,1,1,1,1,0,0,0,0,0,0,0,0,0,0,0],[0,1,1,1,1,1,1,1,1,1,1,0,0,0,0,0,1,1,1,1,0,1],[0,1,1,1,1,1,1,1,1,1,1,1,1,1,1,1,0,0,0,0,0,0],[0,1,1,1,1,1,1,1,1,1,1,1,1,1,1,1,1,1,1,1,1,1],[0,1,1,1,2,2,4,1,1,2,1,0,0,0,0,0,1,1,2,1,0,1],[0,1,1,1,2,2,4,1,1,2,1,1,1,2,1,1,1,1,2,1,1,1],[0,1,1,1,2,2,4,2,2,4,4,1,1,2,2,1,1,1,2,2,1,1],[0,1,2,4,2,4,4,1,2,2,1,0,0,0,0,0,1,2,2,1,0,1],[0,1,2,4,2,4,4,1,2,2,1,1,2,2,1,1,1,2,2,1,1,1],[0,1,2,4,2,4,4,2,4,4,4,1,2,2,2,1,1,2,2,2,1,1],[0,1,2,4,3,6,9,2,4,6,4,1,2,3,2,1,1,2,3,2,1,1],[0,1,2,4,3,6,9,2,4,6,4,1,2,3,2,1,2,4,6,4,2,4]]
Group:	{(1,20,27,36,21)(2,32,11,5,3)(4,33,29,12,7)(6,19,25,10,22)(8,18,13,17,23)(9,34,30,26,14)(16,35,31,28,24), (1,11)(5,6,13,12)(7,8,15,14)(9,10,17,16)(21,35,22,36)(23,34,24,31)(25,33,26,30)(27,32,28,29), (1,35)(6,34)(8,33)(10,32)(13,31)(15,30)(17,29)(18,28)(19,26)(20,24), (2,31,33,20)(4,30,34,19)(9,28,35,17)(10,27,36,16)(11,22,18,29)(12,23,15,26)(13,24,14,25)(21,32), (5,13)(6,12)(7,15)(8,14)(9,17)(10,16)(21,22)(23,24)(25,26)(27,28)(29,32)(30,33)(31,34)(35,36), (11,22)(12,23)(13,24)(14,25)(15,26)(16,27)(17,28)(18,29)(19,30)(20,31), (3,19)(4,18)(7,17)(8,16)(9,15)(10,14)(21,31)(22,34)(23,35)(24,36), (5,24)(6,23)(7,26)(8,25)(9,28)(10,27)(11,21)(12,13)(14,15)(16,17)(18,32)(19,33)(20,34)(35,36), (3,4)(7,9)(8,10)(14,16)(15,17)(18,19)(25,27)(26,28)(29,30)(32,33)}
