true
#I  Starting pass 1
#I  Found  0 Linearities
#I  adding vertex[ 1, 0, 0, 0, 0, 0, 0, 1, 0 ]
#I  starting from [ 193, 206, 217, 226, 233, 238, 239, 240 ]
#I  adding vertex[ 1, 1/6, 1/6, 1/6, 1/6, 1/6, 1/6, 5/6, 1/6 ]
rec( dimension := 8, 
  vertex_orbits := [ rec( incidence := [ 70, 83, 94, 103, 110, 115, 193, 206, 
              217, 226, 233, 238, 239, 240 ], 
          coordinates := [ 1, 0, 0, 0, 0, 0, 0, 1, 0 ], det := 2, 
          gramVec := [ [ 1, 2, 2, 2, 2, 2, 2, 2, 2, 2, 2, 2, 2, 3 ], 
              [ 1, 2, 2, 2, 2, 2, 2, 2, 2, 2, 2, 2, 2, 3 ], 
              [ 1, 2, 2, 2, 2, 2, 2, 2, 2, 2, 2, 2, 2, 3 ], 
              [ 1, 2, 2, 2, 2, 2, 2, 2, 2, 2, 2, 2, 2, 3 ], 
              [ 1, 2, 2, 2, 2, 2, 2, 2, 2, 2, 2, 2, 2, 3 ], 
              [ 1, 2, 2, 2, 2, 2, 2, 2, 2, 2, 2, 2, 2, 3 ], 
              [ 1, 2, 2, 2, 2, 2, 2, 2, 2, 2, 2, 2, 2, 3 ], 
              [ 1, 2, 2, 2, 2, 2, 2, 2, 2, 2, 2, 2, 2, 3 ], 
              [ 1, 2, 2, 2, 2, 2, 2, 2, 2, 2, 2, 2, 2, 3 ], 
              [ 1, 2, 2, 2, 2, 2, 2, 2, 2, 2, 2, 2, 2, 3 ], 
              [ 1, 2, 2, 2, 2, 2, 2, 2, 2, 2, 2, 2, 2, 3 ], 
              [ 1, 2, 2, 2, 2, 2, 2, 2, 2, 2, 2, 2, 2, 3 ], 
              [ 1, 2, 2, 2, 2, 2, 2, 2, 2, 2, 2, 2, 2, 3 ], 
              [ 1, 2, 2, 2, 2, 2, 2, 2, 2, 2, 2, 2, 2, 3 ] ], 
          stabilizerOrbits := fail ), 
      rec( incidence := [ 184, 193, 206, 217, 226, 233, 238, 240 ], 
          coordinates := [ 6, 1, 1, 1, 1, 1, 1, 5, 1 ], det := 6, 
          gramVec := [ [ 2, 2, 2, 2, 2, 2, 2, 3 ], [ 2, 2, 2, 2, 2, 2, 2, 3 ],
              [ 2, 2, 2, 2, 2, 2, 2, 3 ], [ 2, 2, 2, 2, 2, 2, 2, 3 ], 
              [ 2, 2, 2, 2, 2, 2, 2, 3 ], [ 2, 2, 2, 2, 2, 2, 2, 3 ], 
              [ 2, 2, 2, 2, 2, 2, 2, 3 ], [ 2, 2, 2, 2, 2, 2, 2, 3 ] ], 
          stabilizerOrbits := fail ) ], 
  basis_orbits := [ rec( cobasis := [ 193, 206, 217, 226, 233, 238, 239, 240 ]
            , extraincidence := [ 70, 83, 94, 103, 110, 115 ], 
          coordinates := [ 1, 0, 0, 0, 0, 0, 0, 1, 0 ], det := 2, 
          pseudoCanon := fail, stabilizer := fail, 
          gramVec := [ [ 1, 2, 2, 2, 2, 2, 2, 3 ], [ 1, 2, 2, 2, 2, 2, 2, 3 ],
              [ 2, 2, 2, 2, 2, 2, 2, 3 ], [ 2, 2, 2, 2, 2, 2, 2, 3 ], 
              [ 2, 2, 2, 2, 2, 2, 2, 3 ], [ 2, 2, 2, 2, 2, 2, 2, 3 ], 
              [ 2, 2, 2, 2, 2, 2, 2, 3 ], [ 2, 2, 2, 2, 2, 2, 2, 3 ] ], 
          index := 1 ), 
      rec( cobasis := [ 184, 193, 206, 217, 226, 233, 238, 240 ], 
          extraincidence := [  ], coordinates := [ 6, 1, 1, 1, 1, 1, 1, 5, 1 ]
            , det := 6, pseudoCanon := fail, stabilizer := fail, 
          gramVec := [ [ 2, 2, 2, 2, 2, 2, 2, 3 ], [ 2, 2, 2, 2, 2, 2, 2, 3 ],
              [ 2, 2, 2, 2, 2, 2, 2, 3 ], [ 2, 2, 2, 2, 2, 2, 2, 3 ], 
              [ 2, 2, 2, 2, 2, 2, 2, 3 ], [ 2, 2, 2, 2, 2, 2, 2, 3 ], 
              [ 2, 2, 2, 2, 2, 2, 2, 3 ], [ 2, 2, 2, 2, 2, 2, 2, 3 ] ], 
          index := 2 ) ], pseudoCanons := [  ], 
  profile := rec( InvariantCheck := 13, InvariantMatches := 13, 
      OldCobasis := 12, OldCobasisTime := 316, DuplicateCobasis := 1, 
      DuplicateCobasisTime := 0 ), ray_orbits := [  ], 
  symmetry_generators := [ (3,67)(6,210)(9,69)(11,72)(12,73)(15,75)(18,
        208)(21,206)(22,205)(24,202)(27,77)(30,200)(34,219)(37,217)(38,
        216)(40,213)(43,78)(46,211)(49,233)(50,232)(52,229)(53,240)(54,
        174)(55,115)(56,116)(58,101)(61,103)(62,104)(64,107)(80,150)(82,
        144)(85,142)(86,141)(88,138)(90,126)(91,166)(93,160)(96,158)(97,
        157)(99,154)(109,172)(112,170)(113,169)(120,173)(123,187)(129,
        189)(131,192)(132,193)(135,195)(147,197)(163,198)(175,235)(176,
        236)(178,221)(181,223)(182,224)(184,227), 
      (3,4)(5,6)(9,10)(15,16)(17,18)(23,24)(27,28)(29,30)(33,34)(39,40)(43,
        44)(45,46)(51,52)(53,54)(57,58)(63,64)(70,72)(71,73)(83,85)(84,86)(94,
        96)(95,97)(103,105)(104,106)(110,112)(111,113)(115,117)(116,118)(120,
        240)(123,124)(125,126)(129,130)(135,136)(137,138)(143,144)(147,
        148)(149,150)(153,154)(159,160)(163,164)(165,166)(171,172)(173,
        174)(177,178)(183,184)(190,192)(191,193)(203,205)(204,206)(214,
        216)(215,217)(223,225)(224,226)(230,232)(231,233)(235,237)(236,238), 
      (3,5)(4,6)(11,13)(12,14)(19,21)(20,22)(27,29)(28,30)(35,37)(36,38)(43,
        45)(44,46)(51,53)(52,54)(59,61)(60,62)(68,69)(74,75)(81,82)(87,88)(92,
        93)(98,99)(101,102)(107,108)(109,229)(110,115)(111,116)(112,117)(113,
        118)(123,125)(124,126)(131,133)(132,134)(139,141)(140,142)(147,
        149)(148,150)(155,157)(156,158)(163,165)(164,166)(171,173)(172,
        174)(179,181)(180,182)(188,189)(194,195)(201,202)(207,208)(212,
        213)(218,219)(221,222)(227,228)(230,235)(231,236)(232,237)(233,238), 
      (9,17)(10,18)(11,19)(12,20)(13,21)(14,22)(15,23)(16,24)(41,49)(42,
        50)(43,51)(44,52)(45,53)(46,54)(47,55)(48,56)(66,67)(76,77)(79,80)(89,
        90)(91,211)(92,101)(93,102)(94,103)(95,104)(96,105)(97,106)(98,
        107)(99,108)(129,137)(130,138)(131,139)(132,140)(133,141)(134,
        142)(135,143)(136,144)(161,169)(162,170)(163,171)(164,172)(165,
        173)(166,174)(167,175)(168,176)(186,187)(196,197)(199,200)(209,
        210)(212,221)(213,222)(214,223)(215,224)(216,225)(217,226)(218,
        227)(219,228), (2,65)(7,220)(11,219)(13,218)(15,216)(16,214)(19,
        228)(21,227)(23,225)(24,223)(25,234)(27,232)(28,230)(29,237)(30,
        235)(31,151)(32,119)(33,70)(34,72)(36,74)(38,75)(42,76)(47,79)(50,
        77)(55,80)(59,81)(61,82)(63,84)(64,86)(94,136)(96,135)(98,133)(99,
        131)(100,127)(103,144)(105,143)(107,141)(108,139)(110,148)(112,
        147)(114,145)(115,150)(117,149)(122,185)(152,239)(153,190)(154,
        192)(156,194)(158,195)(162,196)(167,199)(170,197)(175,200)(179,
        201)(181,202)(183,204)(184,206), (2,3)(6,7)(10,11)(14,15)(18,19)(22,
        23)(26,27)(30,31)(34,35)(38,39)(42,43)(46,47)(50,51)(54,55)(58,59)(62,
        63)(69,70)(73,74)(82,83)(86,87)(93,94)(97,98)(102,103)(106,107)(109,
        110)(113,114)(115,235)(116,119)(117,120)(122,123)(126,127)(130,
        131)(134,135)(138,139)(142,143)(146,147)(150,151)(154,155)(158,
        159)(162,163)(166,167)(170,171)(174,175)(178,179)(182,183)(189,
        190)(193,194)(202,203)(206,207)(213,214)(217,218)(222,223)(226,
        227)(229,230)(233,234)(236,239)(237,240), 
      (5,9)(6,10)(7,11)(8,12)(21,25)(22,26)(23,27)(24,28)(37,41)(38,42)(39,
        43)(40,44)(53,57)(54,58)(55,59)(56,60)(67,68)(75,76)(80,81)(88,89)(91,
        92)(99,100)(101,221)(102,109)(103,110)(104,111)(105,112)(106,113)(107,
        114)(125,129)(126,130)(127,131)(128,132)(141,145)(142,146)(143,
        147)(144,148)(157,161)(158,162)(159,163)(160,164)(173,177)(174,
        178)(175,179)(176,180)(187,188)(195,196)(200,201)(208,209)(211,
        212)(219,220)(222,229)(223,230)(224,231)(225,232)(226,233)(227,234), 
      (1,2)(7,8)(11,12)(13,14)(19,20)(21,22)(25,26)(31,32)(35,36)(37,38)(41,
        42)(47,48)(49,50)(55,56)(59,60)(61,62)(70,71)(72,73)(83,84)(85,86)(94,
        95)(96,97)(103,104)(105,106)(110,111)(112,113)(115,116)(117,118)(119,
        239)(121,122)(127,128)(131,132)(133,134)(139,140)(141,142)(145,
        146)(151,152)(155,156)(157,158)(161,162)(167,168)(169,170)(175,
        176)(179,180)(181,182)(190,191)(192,193)(203,204)(205,206)(214,
        215)(216,217)(223,224)(225,226)(230,231)(232,233)(235,236)(237,238) ],
  finished := true, 
  initial_cobasis := [ 193, 206, 217, 226, 233, 238, 239, 240 ], 
  nauty_total_time := rec( user_time := 0, system_time := 0, memory := 30692 )
    , 
  gap_time := rec( user_time := 1800, system_time := 100, user_time_children :\
= 104, system_time_children := 4 ) )

#STARTRESULTS
{
key => 'dimension',
dimension => 8,
gap_time => { 
user_time => 1800,
system_time => 100,
user_time_children => 104,
system_time_children => 4,
},
nauty_total_time => { 
user_time => 0,
system_time => 0,
memory => 30692,
},
initial_cobasis => [ 193, 206, 217, 226, 233, 238, 239, 240 ],
group_order =>696729600,
basis_orbits => 2,
vertex_orbits => 2,
ray_orbits => 0,
symmetry_generators => 8,
}

#ENDRESULTS
